--------- beginning of main
07-22 22:24:32.428   897   897 D connsyslogger: Open FIFO for close
--------- beginning of system
07-22 22:24:33.448   597   597 I io_stats: !@ 179,0 r 5674575 77035066 w 1299208 16866708 d 490783 15140624 f 536098 142689 iot 2415696 2341450 th 51200 0 0 pt 0 inp 0 0 86092.555
07-22 22:24:33.497   897  1048 D connsyslogger: data recycle:time out
07-22 22:24:33.497   897  1048 E connsyslogger: Bootup Log: 9 log files! 
07-22 22:24:33.955  1388  1642 D DeviceStorageMonitorService: check() STORAGE TOTAL > 64G
07-22 22:24:33.959  1388  1642 W DeviceStorageMonitorService: check(/data) oldLevel:1, newLevel:1 (usableBytes=4685246464)
07-22 22:24:33.960  1388  1642 W DeviceStorageMonitorService: updateBroadcasts(/data) oldLevel:1, newLevel:1, seq:1
07-22 22:24:33.961  1388  1642 D DeviceStorageMonitorService: Available File Node Number is [13295186]
07-22 22:24:33.961  1388  1642 W DeviceStorageMonitorService: updateBroadcasts_filenode(/data) fn_oldLevel:0, fn_newLevel:0, seq:1
07-22 22:24:33.992  1388  1618 E WifiVendorHal: getWifiLinkLayerStats_1_3_Internal(l.974) failed {.code = ERROR_NOT_SUPPORTED, .description = }
07-22 22:24:34.013   897  1047 D connsyslogger: SD_LOG_ROOT is /data/debuglogger/connsyslog/fw.
07-22 22:24:34.014   897  1047 D connsyslogger: systemReady:1
07-22 22:24:34.033   828  2470 I BufferQueueProducer: [StatusBar$_1778#0](this:0xb400007d44ee2c58,id:7,api:1,p:1778,c:828) queueBuffer: fps=0.33 dur=3021.65 max=3021.65 min=3021.65
07-22 22:24:34.050   773   858 I hwcomposer: [HWCDisplay] [Display_0 (type:1)] fps:0.965778,dur:3106.31,max:3027.28,min:10.77  
07-22 22:24:34.091  1778  1995 D NetworkController.SecMobileSignalController(0/2147483647): onSignalStrengthsChanged level=3
07-22 22:24:34.091  1778  1995 D NetworkController.SecMobileSignalController(0/2147483647): Display signal bar by emergency only[true][true]
07-22 22:24:34.091  1778  1995 D MobileSignalIconsSelector: getDataIconGroup(): 0
07-22 22:24:34.493  1388  1562 D InputReader: Btn_touch(8): value=1 when=86093.601964
07-22 22:24:34.493  1388  1562 I InputReader: Touch event's action is 0x0 (id=3, t=0) [pCnt=1, s=0.6084 ] when=86093.601964
07-22 22:24:34.495  1388  1561 I InputDispatcher: Delivering touch to (1778): action: 0x4, f=0x0, d=0, '37d79f9', t=1 
07-22 22:24:34.495  1388  1561 I InputDispatcher: Delivering touch to (18947): action: 0x0, f=0x0, d=0, '7098436', t=1 
07-22 22:24:34.496 18947 18947 I ViewRootImpl@3b73a3[MainActivity]: ViewPostIme pointer 0
07-22 22:24:34.496  2312  2312 W RecentsAnimationDeviceState: isInSwipeUpTouchRegion = false
07-22 22:24:34.496  2312  2312 W TouchInteractionService: onInputEvent, inputConsumer = com.android.quickstep.-$$Lambda$InputConsumer$pgTpBxbssXPLgozwhOXQifnNImE@66be15e
07-22 22:24:34.497  1388  1561 D PowerManagerService: UserActivityStateListenerState: 1
07-22 22:24:34.525   828  2470 I BufferQueueProducer: [com.nighteyecare.app/com.nighteyecare.app.ui.activities.MainActivity$_18947#0](this:0xb400007c92ae4c58,id:1998,api:1,p:18947,c:828) queueBuffer: fps=2.78 dur=10075.43 max=9738.10 min=5.38
07-22 22:24:34.546   828   828 I SurfaceFlinger: operator()(), mtkRenderCntDebug 81664, screenshot (com.nighteyecare.app/com.nighteyecare.app.ui.activities.MainActivity$_18947#0)
07-22 22:24:34.572  1388  1562 D InputReader: Btn_touch(8): value=0 when=86093.681151
07-22 22:24:34.572  1388  1562 I InputReader: Touch event's action is 0x1 (id=3, t=0) [pCnt=1, s=] when=86093.681151
07-22 22:24:34.572  1388  1561 I InputDispatcher: Delivering touch to (18947): action: 0x1, f=0x0, d=0, '7098436', t=1 
07-22 22:24:34.573  2312  2312 W TouchInteractionService: reset
07-22 22:24:34.573 18947 18947 I ViewRootImpl@3b73a3[MainActivity]: ViewPostIme pointer 1
07-22 22:24:34.579  1388  1388 D EdgeLightingManager: isCallingUserSupported : callingUserId=0, mUserId=0, isDualAppId=false, isKnoxId=false
07-22 22:24:34.579  1388  1388 D EdgeLightingManager: hideForNotification : packageName = com.nighteyecare.app
07-22 22:24:34.580  1388  1388 D EdgeLightingPolicyManager:NotificationGroup: remove : sbn : StatusBarNotification(pkg=com.nighteyecare.app user=UserHandle{0} id=1 tag=null key=0|com.nighteyecare.app|1|null|11147: Notification(channel=NightEyeCareChannel shortcut=null contentView=null vibrate=null sound=null defaults=0x0 flags=0x62 color=0x00000000 actions=3 vis=PRIVATE semFlags=0x0 semPriority=0 semMissedCount=0))
07-22 22:24:34.580  1388  1388 D EdgeLightingManager: hideForNotification : isInteractive is true
07-22 22:24:34.581  1388  1388 I NotificationService: RuneStone mIsRuneStoneSupported = true, mIsRuneStoneEnabled = false
07-22 22:24:34.584  1778  1778 D FaceWidgetNotificationManager: removeFaceWidgetMusicNotification() key : 0|com.nighteyecare.app|1|null|11147
07-22 22:24:34.599 18947 18947 I ViewRootImpl@98444d5[]: dispatchDetachedFromWindow
07-22 22:24:34.599 18947 18947 I SurfaceControl: nativeRelease nativeObject s[-5476376610401131680]
07-22 22:24:34.599 18947 18947 I SurfaceControl: nativeRelease nativeObject e[-5476376610401131680]
07-22 22:24:34.600  1388  3800 D InputTransport: Input channel destroyed: 'cbf7f93', fd=513
07-22 22:24:34.601  1388  3800 I SurfaceControl: nativeRelease nativeObject s[-5476376610860492928]
07-22 22:24:34.601  1388  3800 I SurfaceControl: nativeRelease nativeObject e[-5476376610860492928]
07-22 22:24:34.601  1388  3800 I WindowManager: Destroying surface Surface(name=$_18947)/@0xc46e7db called by com.android.server.wm.WindowStateAnimator.destroySurface:1794 com.android.server.wm.WindowStateAnimator.destroySurfaceLocked:765 com.android.server.wm.WindowState.removeImmediately:2665 com.android.server.wm.WindowState.removeIfPossible:2830 com.android.server.wm.WindowState.removeIfPossible:2688 com.android.server.wm.WindowManagerService.removeWindow:2186 com.android.server.wm.Session.remove:199 android.view.IWindowSession$Stub.onTransact:813 
07-22 22:24:34.602  1388  3800 I SurfaceControl: nativeRelease nativeObject s[-5476376610863665632]
07-22 22:24:34.602  1388  3800 I SurfaceControl: nativeRelease nativeObject e[-5476376610863665632]
07-22 22:24:34.602   828  1377 I Layer   : id=10321 removeFromCurrentState $_18947#0 (77)
07-22 22:24:34.603   828  1377 I SurfaceFlinger: id=10321 Removed $_18947#0 (77)
07-22 22:24:34.603  1388  3800 I SurfaceControl: nativeRelease nativeObject s[-5476376608501820960]
07-22 22:24:34.603  1388  3800 I SurfaceControl: nativeRelease nativeObject e[-5476376608501820960]
07-22 22:24:34.604  1388  1388 D EdgeLightingManager: isCallingUserSupported : callingUserId=0, mUserId=0, isDualAppId=false, isKnoxId=false
07-22 22:24:34.604  1388  1388 D EdgeLightingManager: hideForNotification : packageName = android
07-22 22:24:34.604  1388  1388 D EdgeLightingPolicyManager:NotificationGroup: remove : sbn : StatusBarNotification(pkg=android user=UserHandle{0} id=0 tag=com.android.server.wm.AlertWindowNotification - com.nighteyecare.app key=0|android|0|com.android.server.wm.AlertWindowNotification - com.nighteyecare.app|1000: Notification(channel=com.android.server.wm.AlertWindowNotification - com.nighteyecare.app shortcut=null contentView=null vibrate=null sound=null defaults=0x0 flags=0x102 color=0xff888fa2 vis=PRIVATE semFlags=0x0 semPriority=0 semMissedCount=0))
07-22 22:24:34.605  1388  1388 D EdgeLightingManager: hideForNotification : isInteractive is true
07-22 22:24:34.605  1388  1388 I NotificationService: RuneStone mIsRuneStoneSupported = true, mIsRuneStoneEnabled = false
07-22 22:24:34.606   828  1377 I Layer   : id=10320 removeFromCurrentState cbf7f93 com.nighteyecare.app#0 (77)
07-22 22:24:34.606   828  1377 I Layer   : id=10319 removeFromCurrentState WindowToken{95bec82 android.os.BinderProxy@5c94bcd}#0 (77)
07-22 22:24:34.608 18947 18947 D InputTransport: Input channel destroyed: 'cbf7f93', fd=99
07-22 22:24:34.608   828  1377 I SurfaceFlinger: id=10320 Removed cbf7f93 com.nighteyecare.app#0 (77)
07-22 22:24:34.608   828  1377 I SurfaceFlinger: id=10319 Removed WindowToken{95bec82 android.os.BinderProxy@5c94bcd}#0 (77)
07-22 22:24:34.609   828   828 I BufferQueue: [$_18947#0](this:0xb400007cc35af858,id:2000,api:1,p:-1,c:-1) onDestructor()
07-22 22:24:34.609   828   828 I Layer   : id=10321[1] Destroyed $_18947#0
07-22 22:24:34.612   828   828 D SurfaceFlinger: Display 0 HWC layers:
07-22 22:24:34.612   828   828 D SurfaceFlinger:      DEVICE | 0xb400007cc341ac00 | 0002 | RGBA_8888    |    0.0    0.0 1080.0 2400.0 |    0    0 1080 2400 | com.nighteyecare.app/com.nighteyecare.app.ui.activities.MainActivity$_18947#0
07-22 22:24:34.612   828   828 D SurfaceFlinger:      DEVICE | 0xb400007ca0463b00 | 0000 | RGBA_8888    |    0.0    0.0 1080.0   79.0 |    0    0 1080   79 | StatusBar$_1778#0
07-22 22:24:34.612   828   828 D SurfaceFlinger:      DEVICE | 0xb400007cc35e6700 | 0000 | RGBA_8888    |    0.0    0.0   67.0  350.0 | 1013  845 1080 1195 | com.samsung.android.app.cocktailbars[...]arservice.CocktailBarService$_8343#0
07-22 22:24:34.612   828   828 D SurfaceFlinger:      DEVICE | 0xb400007c9d75ff80 | 0000 | RGBA_8888    |    0.0    0.0  388.0   39.0 |  692 2361 1080 2400 | SGestureOverlayWindow$_2312#0
07-22 22:24:34.612   828   828 D SurfaceFlinger:      DEVICE | 0xb400007cc34de800 | 0000 | RGBA_8888    |    0.0    0.0 1080.0  126.0 |    0 2274 1080 2400 | NavigationBar0$_1778#0
07-22 22:24:34.612   828   828 D SurfaceFlinger: 
07-22 22:24:34.617  1388  1406 D SettingsProvider: isChangeAllowed() : name = enabled_notification_listeners
07-22 22:24:34.617  1388  1406 D SettingsProvider: isChangeAllowed() : name = enabled_notification_assistant
07-22 22:24:34.617  1388  1406 D SettingsProvider: isChangeAllowed() : name = enabled_notification_policy_access_packages
07-22 22:24:34.619   828   828 I Layer   : id=10319[1] Destroyed WindowToken{95bec82 android.os.BinderProxy@5c94bcd}#0
07-22 22:24:34.619   828   828 I Layer   : id=10320[1] Destroyed cbf7f93 com.nighteyecare.app#0
07-22 22:24:34.624  1778  1778 D FaceWidgetNotificationManager: removeFaceWidgetMusicNotification() key : 0|android|0|com.android.server.wm.AlertWindowNotification - com.nighteyecare.app|1000
07-22 22:24:34.655   828   828 I SurfaceFlinger: operator()(), mtkRenderCntDebug 81665, screenshot (com.nighteyecare.app/com.nighteyecare.app.ui.activities.MainActivity$_18947#0)
07-22 22:24:34.766   828   828 I SurfaceFlinger: operator()(), mtkRenderCntDebug 81666, screenshot (com.nighteyecare.app/com.nighteyecare.app.ui.activities.MainActivity$_18947#0)
07-22 22:24:35.098  1388  1562 D InputReader: Btn_touch(8): value=1 when=86094.207011
07-22 22:24:35.098  1388  1562 I InputReader: Touch event's action is 0x0 (id=3, t=0) [pCnt=1, s=0.6085 ] when=86094.207011
07-22 22:24:35.098  1388  1561 I InputDispatcher: Delivering touch to (1778): action: 0x4, f=0x0, d=0, '37d79f9', t=1 
07-22 22:24:35.099  1388  1561 I InputDispatcher: Delivering touch to (18947): action: 0x0, f=0x0, d=0, '7098436', t=1 
07-22 22:24:35.099  2312  2312 W RecentsAnimationDeviceState: isInSwipeUpTouchRegion = false
07-22 22:24:35.099 18947 18947 I ViewRootImpl@3b73a3[MainActivity]: ViewPostIme pointer 0
07-22 22:24:35.099  2312  2312 W TouchInteractionService: onInputEvent, inputConsumer = com.android.quickstep.-$$Lambda$InputConsumer$pgTpBxbssXPLgozwhOXQifnNImE@66be15e
07-22 22:24:35.137   773   858 I hwcomposer: [HWCDisplay] [Display_0 (type:1)] fps:28.512054,dur:1087.26,max:493.62,min:4.42  
07-22 22:24:35.144   828   828 I SurfaceFlinger: operator()(), mtkRenderCntDebug 81667, screenshot (com.nighteyecare.app/com.nighteyecare.app.ui.activities.MainActivity$_18947#0)
07-22 22:24:35.183  1388  1562 D InputReader: Btn_touch(8): value=0 when=86094.291847
07-22 22:24:35.183  1388  1562 I InputReader: Touch event's action is 0x1 (id=3, t=0) [pCnt=1, s=] when=86094.291847
07-22 22:24:35.183  1388  1561 I InputDispatcher: Delivering touch to (18947): action: 0x1, f=0x0, d=0, '7098436', t=1 
07-22 22:24:35.184  2312  2312 W TouchInteractionService: reset
07-22 22:24:35.184 18947 18947 I ViewRootImpl@3b73a3[MainActivity]: ViewPostIme pointer 1
07-22 22:24:35.200   828  1377 I SurfaceFlinger: [SF client] NEW(0xb400007cc344ae80) for (18947:com.nighteyecare.app)
07-22 22:24:35.204 18947 29839 D NativeCustomFrequencyManager: [NativeCFMS] BpCustomFrequencyManager::BpCustomFrequencyManager()
07-22 22:24:35.207   828  1377 I SurfaceFlinger: id=10322 createSurf (0x0),-1 flag=80004, WindowToken{292eb42 android.os.BinderProxy@d160d8d}#0
07-22 22:24:35.208  1388  3800 D InputTransport: Input channel constructed: '3487753', fd=513
07-22 22:24:35.208  1388  3800 D InputTransport: Input channel constructed: '3487753', fd=520
07-22 22:24:35.209   828  1377 I SurfaceFlinger: id=10323 createSurf (0x0),-1 flag=80004, 3487753 com.nighteyecare.app#0
07-22 22:24:35.210  1388  3800 D InputTransport: Input channel destroyed: '3487753', fd=520
07-22 22:24:35.211 18947 18947 D InputTransport: Input channel constructed: '3487753', fd=99
07-22 22:24:35.213 18947 18947 I ViewRootImpl@b01af[]: setView = android.widget.LinearLayout@b8d39bc TM=true
07-22 22:24:35.224  1388  3800 V WindowManager: Relayout Window{3487753 u0 com.nighteyecare.app}: viewVisibility=0 req=1080x2282
07-22 22:24:35.227  1388  3800 D WindowManager: isScreenshotDisabledLocked - win: Window{3487753 u0 com.nighteyecare.app}
07-22 22:24:35.227  1388  3800 D WindowManager: isScreenshotDisabledLocked: userId = 0, disabled =false
07-22 22:24:35.228   828  1377 I BufferQueue: [unnamed-828-2001](this:0xb400007cc35b1458,id:2001,api:0,p:-1,c:-1) BufferQueue core=(828:/system/bin/surfaceflinger)
07-22 22:24:35.228   828  1377 I SurfaceFlinger: id=10324 createSurf (1080x2282),1 flag=4, $_18947#0
07-22 22:24:35.229  1388  3800 D WindowManager: makeSurface duration=1 name=$_18947
07-22 22:24:35.232  1388  3800 V WindowManager: Relayout hash=3487753, pid=18947: mAttrs={(0,0)(fillxfill) sim={adjust=pan} ty=APPLICATION_OVERLAY fmt=TRANSLUCENT
07-22 22:24:35.232  1388  3800 V WindowManager:   fl=1000018
07-22 22:24:35.232  1388  3800 V WindowManager:   pfl=2000000
07-22 22:24:35.232  1388  3800 V WindowManager:   fitTypes=STATUS_BARS NAVIGATION_BARS CAPTION_BAR IME naviIconColor=0}
07-22 22:24:35.232  1388  3800 I SurfaceControl: nativeRelease nativeObject s[-5476376610863665632]
07-22 22:24:35.232  1388  3800 I SurfaceControl: nativeRelease nativeObject e[-5476376610863665632]
07-22 22:24:35.235 18947 18947 I SurfaceControl: assignNativeObject: nativeObject = 0 Surface(name=null)/@0x67bdc9a / android.view.SurfaceControl.readFromParcel:1117 android.view.IWindowSession$Stub$Proxy.relayout:1820 android.view.ViewRootImpl.relayoutWindow:9005 android.view.ViewRootImpl.performTraversals:3360 android.view.ViewRootImpl.doTraversal:2618 android.view.ViewRootImpl$TraversalRunnable.run:9971 android.view.Choreographer$CallbackRecord.run:1010 android.view.Choreographer.doCallbacks:809 android.view.Choreographer.doFrame:744 android.view.Choreographer$FrameDisplayEventReceiver.run:995 
07-22 22:24:35.236 18947 18947 I ViewRootImpl@b01af[]: Relayout returned: old=(0,79,1080,2361) new=(0,79,1080,2361) req=(1080,2282)0 dur=12 res=0x7 s={true -5476376610100760576} ch=true fn=-1
07-22 22:24:35.244   828   828 I SurfaceFlinger: operator()(), mtkRenderCntDebug 81668, screenshot (com.nighteyecare.app/com.nighteyecare.app.ui.activities.MainActivity$_18947#0)
07-22 22:24:35.250  1388  3800 E Native_CFMS: nativePerfMgrAddTask    Fail    tid : 18947    return : -1
07-22 22:24:35.250  1388  3800 E Native_CFMS: nativePerfMgrAddTask    Fail    tid : 29839    return : -1
07-22 22:24:35.250 18947 29839 D OpenGLRenderer: GPIS:: SetUp Pid : 18947    Tid : 29839
07-22 22:24:35.252  1388  3800 D WindowManager: finishDrawingWindow: Window{3487753 u0 com.nighteyecare.app} mDrawState=DRAW_PENDING
07-22 22:24:35.269   828   828 D SurfaceFlinger: Display 0 HWC layers:
07-22 22:24:35.269   828   828 D SurfaceFlinger:      DEVICE | 0xb400007c9d75e180 | 0002 | RGBA_8888    |    0.0    0.0 1080.0 2400.0 |    0    0 1080 2400 | com.nighteyecare.app/com.nighteyecare.app.ui.activities.MainActivity$_18947#0
07-22 22:24:35.269   828   828 D SurfaceFlinger:      DEVICE | 0xb400007c9d75e780 | 0000 | RGBA_8888    |    0.0    0.0 1080.0 2282.0 |    0   79 1080 2361 | $_18947#0
07-22 22:24:35.269   828   828 D SurfaceFlinger:      DEVICE | 0xb400007cc341a900 | 0000 | RGBA_8888    |    0.0    0.0 1080.0   79.0 |    0    0 1080   79 | StatusBar$_1778#0
07-22 22:24:35.269   828   828 D SurfaceFlinger:      DEVICE | 0xb400007cc35e6700 | 0000 | RGBA_8888    |    0.0    0.0   67.0  350.0 | 1013  845 1080 1195 | com.samsung.android.app.cocktailbars[...]arservice.CocktailBarService$_8343#0
07-22 22:24:35.269   828   828 D SurfaceFlinger:      DEVICE | 0xb400007c9d75ff80 | 0000 | RGBA_8888    |    0.0    0.0  388.0   39.0 |  692 2361 1080 2400 | SGestureOverlayWindow$_2312#0
07-22 22:24:35.269   828   828 D SurfaceFlinger:      DEVICE | 0xb400007cc34de800 | 0000 | RGBA_8888    |    0.0    0.0 1080.0  126.0 |    0 2274 1080 2400 | NavigationBar0$_1778#0
07-22 22:24:35.269   828   828 D SurfaceFlinger: 
07-22 22:24:35.270  1388  1406 D SettingsProvider: isChangeAllowed() : name = enabled_notification_listeners
07-22 22:24:35.270  1388  3874 D ApplicationPolicy: isStatusBarNotificationAllowedAsUser: packageName = com.nighteyecare.app,userId = 0
07-22 22:24:35.270  1388  1407 D ApplicationPolicy: isStatusBarNotificationAllowedAsUser: packageName = android,userId = 0
07-22 22:24:35.270  1388  1407 D PersonaManagerAdapter: ContainerOnlyMode - EOS
07-22 22:24:35.270  1388  3874 D PersonaManagerAdapter: ContainerOnlyMode - EOS
07-22 22:24:35.270  1388  1406 D SettingsProvider: isChangeAllowed() : name = enabled_notification_assistant
07-22 22:24:35.270  1388  1407 D ApplicationPolicy: isStatusBarNotificationAllowedAsUser: packageName = android,userId = 0
07-22 22:24:35.270  1388  1407 D PersonaManagerAdapter: ContainerOnlyMode - EOS
07-22 22:24:35.271  1388  3874 D ApplicationPolicy: isStatusBarNotificationAllowedAsUser: packageName = com.nighteyecare.app,userId = 0
07-22 22:24:35.271  1388  3874 D PersonaManagerAdapter: ContainerOnlyMode - EOS
07-22 22:24:35.271  1388  1406 D SettingsProvider: isChangeAllowed() : name = enabled_notification_policy_access_packages
07-22 22:24:35.281  1388  1416 D ApplicationPolicy: isStatusBarNotificationAllowedAsUser: packageName = com.nighteyecare.app,userId = 0
07-22 22:24:35.281  1388  1416 D PersonaManagerAdapter: ContainerOnlyMode - EOS
07-22 22:24:35.281  1388  1416 D ApplicationPolicy: isStatusBarNotificationAllowedAsUser: packageName = com.nighteyecare.app,userId = 0
07-22 22:24:35.281  1388  1416 D PersonaManagerAdapter: ContainerOnlyMode - EOS
07-22 22:24:35.336  8343  8343 I AppsEdge.Badge: onChange
07-22 22:24:35.336  8343  8343 I AppsEdge.Badge: updateBadgeManager
07-22 22:24:35.344 28972 30111 I BadgeProvider: query, [selection] : null
07-22 22:24:35.349  8343  8343 I AppsEdge.Badge: key=com.google.android.gms:0 count=1
07-22 22:24:35.349  8343  8343 I AppsEdge.Badge: key=com.wssyncmldm:0 count=1
07-22 22:24:35.349  8343  8343 I AppsEdge.Badge: getBadgeIconType 0
07-22 22:24:35.355   828   828 I SurfaceFlinger: operator()(), mtkRenderCntDebug 81669, screenshot (com.nighteyecare.app/com.nighteyecare.app.ui.activities.MainActivity$_18947#0)
07-22 22:24:35.455   597   597 I io_stats: !@ 179,0 r 5674580 77035086 w 1299212 16867164 d 490783 15140624 f 536100 142691 iot 2415728 2341481 th 51200 0 0 pt 0 inp 0 0 86094.563
07-22 22:24:35.466   828   828 I SurfaceFlinger: operator()(), mtkRenderCntDebug 81670, screenshot (com.nighteyecare.app/com.nighteyecare.app.ui.activities.MainActivity$_18947#0)
07-22 22:24:35.473  1388  1388 I NotificationService: RuneStone mIsRuneStoneSupported = true, mIsRuneStoneEnabled = false
07-22 22:24:35.476  1388  1388 W NotificationHistory: Attempted to add notif for locked/gone/disabled user 0
07-22 22:24:35.477  1388  1388 I NotificationService: RuneStone mIsRuneStoneSupported = true, mIsRuneStoneEnabled = false
07-22 22:24:35.481  1388  1388 W NotificationHistory: Attempted to add notif for locked/gone/disabled user 0
07-22 22:24:35.486  2312  2312 I Launcher.NotificationListener: onNotificationPosted : android number : 0
07-22 22:24:35.486  2312  2312 I Launcher.NotificationListener: onNotificationPosted : com.nighteyecare.app number : 0
07-22 22:24:35.487  2312  2377 I Launcher.NotificationListener: notificationIsValidForUI : android missingTitleAndText : false isGroupHeader : false
07-22 22:24:35.487  2312  2377 I Launcher.NotificationListener: notificationIsValidForUI : com.nighteyecare.app missingTitleAndText : false isGroupHeader : false
07-22 22:24:35.490  2312  2312 I Launcher.NotificationListener: onNotificationPosted : com.nighteyecare.app number : 0
07-22 22:24:35.491  2312  2377 I Launcher.NotificationListener: notificationIsValidForUI : com.nighteyecare.app missingTitleAndText : false isGroupHeader : false
07-22 22:24:35.499   855   868 D ccci_mdinit: (1):monitor_time_update_thread round:4277 ########
07-22 22:24:35.500  1778  1778 D InterruptionStateProvider: No bubble up: not allowed to bubble: 0|android|0|com.android.server.wm.AlertWindowNotification - com.nighteyecare.app|1000
07-22 22:24:35.501  1778  1778 D InterruptionStateProvider:  no Heads up : edgelighting enabled app. 0|android|0|com.android.server.wm.AlertWindowNotification - com.nighteyecare.app|1000
07-22 22:24:35.516  1778  1778 D InterruptionStateProvider: No bubble up: not allowed to bubble: 0|com.nighteyecare.app|1|null|11147
07-22 22:24:35.518  1778  1778 D InterruptionStateProvider:  no Heads up : edgelighting enabled app. 0|com.nighteyecare.app|1|null|11147
07-22 22:24:35.533  1778  1778 D InterruptionStateProvider: No bubble up: not allowed to bubble: 0|com.nighteyecare.app|1|null|11147
07-22 22:24:35.534  1778  1778 D InterruptionStateProvider:  no Heads up : edgelighting enabled app. 0|com.nighteyecare.app|1|null|11147
07-22 22:24:35.582  1778  1778 E ExpandableNotifRow: onNotificationUpdated() NSSL is null..
07-22 22:24:35.586  1778  1778 D FaceWidgetNotificationManager: updateFaceWidgetMusicNotificationKey() return : mFaceWidgetMusicNotificationKey is empty
07-22 22:24:35.604   828  2470 I BufferQueueProducer: [StatusBar$_1778#0](this:0xb400007d44ee2c58,id:7,api:1,p:1778,c:828) queueBuffer: fps=12.72 dur=1571.87 max=778.91 min=6.72
07-22 22:24:35.625  1778  1778 E ExpandableNotifRow: onNotificationUpdated() NSSL is null..
07-22 22:24:35.629  1778  1778 D FaceWidgetNotificationManager: updateFaceWidgetMusicNotificationKey() return : mFaceWidgetMusicNotificationKey is empty
07-22 22:24:35.699   828   828 I SurfaceFlinger: operator()(), mtkRenderCntDebug 81671, screenshot (com.nighteyecare.app/com.nighteyecare.app.ui.activities.MainActivity$_18947#0)
07-22 22:24:35.801   828   828 I SurfaceFlinger: operator()(), mtkRenderCntDebug 81672, screenshot (com.nighteyecare.app/com.nighteyecare.app.ui.activities.MainActivity$_18947#0)
07-22 22:24:35.912   828   828 I SurfaceFlinger: operator()(), mtkRenderCntDebug 81673, screenshot (com.nighteyecare.app/com.nighteyecare.app.ui.activities.MainActivity$_18947#0)
07-22 22:24:35.960  1388  1562 D InputReader: Btn_touch(8): value=1 when=86095.068744
07-22 22:24:35.960  1388  1562 I InputReader: Touch event's action is 0x0 (id=3, t=0) [pCnt=1, s=0.6086 ] when=86095.068744
07-22 22:24:35.961  1388  1561 I InputDispatcher: Delivering touch to (1778): action: 0x4, f=0x0, d=0, '37d79f9', t=1 
07-22 22:24:35.961  1388  1561 I InputDispatcher: Delivering touch to (18947): action: 0x0, f=0x0, d=0, '7098436', t=1 
07-22 22:24:35.961 18947 18947 I ViewRootImpl@3b73a3[MainActivity]: ViewPostIme pointer 0
07-22 22:24:35.962  2312  2312 W RecentsAnimationDeviceState: isInSwipeUpTouchRegion = false
07-22 22:24:35.962  2312  2312 W TouchInteractionService: onInputEvent, inputConsumer = com.android.quickstep.-$$Lambda$InputConsumer$pgTpBxbssXPLgozwhOXQifnNImE@66be15e
07-22 22:24:35.982   828   879 I BufferQueueProducer: [com.nighteyecare.app/com.nighteyecare.app.ui.activities.MainActivity$_18947#0](this:0xb400007c92ae4c58,id:1998,api:1,p:18947,c:828) queueBuffer: fps=37.04 dur=1457.74 max=534.54 min=5.52
07-22 22:24:36.014   897  1047 D connsyslogger: SD_LOG_ROOT is /data/debuglogger/connsyslog/fw.
07-22 22:24:36.014   897  1047 D connsyslogger: systemReady:1
07-22 22:24:36.021   828   828 I SurfaceFlinger: operator()(), mtkRenderCntDebug 81674, screenshot (com.nighteyecare.app/com.nighteyecare.app.ui.activities.MainActivity$_18947#0)
07-22 22:24:36.066  1388  1562 D InputReader: Btn_touch(8): value=0 when=86095.174751
07-22 22:24:36.066  1388  1562 I InputReader: Touch event's action is 0x1 (id=3, t=0) [pCnt=1, s=] when=86095.174751
07-22 22:24:36.066  1388  1561 I InputDispatcher: Delivering touch to (18947): action: 0x1, f=0x0, d=0, '7098436', t=1 
07-22 22:24:36.066  2312  2312 W TouchInteractionService: reset
07-22 22:24:36.066 18947 18947 I ViewRootImpl@3b73a3[MainActivity]: ViewPostIme pointer 1
07-22 22:24:36.072  1388  1388 D EdgeLightingManager: isCallingUserSupported : callingUserId=0, mUserId=0, isDualAppId=false, isKnoxId=false
07-22 22:24:36.072  1388  1388 D EdgeLightingManager: hideForNotification : packageName = com.nighteyecare.app
07-22 22:24:36.073  1388  1388 D EdgeLightingPolicyManager:NotificationGroup: remove : sbn : StatusBarNotification(pkg=com.nighteyecare.app user=UserHandle{0} id=1 tag=null key=0|com.nighteyecare.app|1|null|11147: Notification(channel=NightEyeCareChannel shortcut=null contentView=null vibrate=null sound=null defaults=0x0 flags=0x62 color=0x00000000 actions=3 vis=PRIVATE semFlags=0x0 semPriority=0 semMissedCount=0))
07-22 22:24:36.073  1388  1388 D EdgeLightingManager: hideForNotification : isInteractive is true
07-22 22:24:36.073  1388  1388 I NotificationService: RuneStone mIsRuneStoneSupported = true, mIsRuneStoneEnabled = false
07-22 22:24:36.078  1778  1778 D FaceWidgetNotificationManager: removeFaceWidgetMusicNotification() key : 0|com.nighteyecare.app|1|null|11147
07-22 22:24:36.091 18947 18947 I ViewRootImpl@b01af[]: dispatchDetachedFromWindow
07-22 22:24:36.091 18947 18947 I SurfaceControl: nativeRelease nativeObject s[-5476376610401131680]
07-22 22:24:36.091 18947 18947 I SurfaceControl: nativeRelease nativeObject e[-5476376610401131680]
07-22 22:24:36.092  1388  3873 D InputTransport: Input channel destroyed: '3487753', fd=513
07-22 22:24:36.093  1388  3873 I SurfaceControl: nativeRelease nativeObject s[-5476376610845357696]
07-22 22:24:36.093  1388  3873 I SurfaceControl: nativeRelease nativeObject e[-5476376610845357696]
07-22 22:24:36.093  1388  3873 I WindowManager: Destroying surface Surface(name=$_18947)/@0xaa73fa called by com.android.server.wm.WindowStateAnimator.destroySurface:1794 com.android.server.wm.WindowStateAnimator.destroySurfaceLocked:765 com.android.server.wm.WindowState.removeImmediately:2665 com.android.server.wm.WindowState.removeIfPossible:2830 com.android.server.wm.WindowState.removeIfPossible:2688 com.android.server.wm.WindowManagerService.removeWindow:2186 com.android.server.wm.Session.remove:199 android.view.IWindowSession$Stub.onTransact:813 
07-22 22:24:36.093  1388  3873 I SurfaceControl: nativeRelease nativeObject s[-5476376610860492928]
07-22 22:24:36.093  1388  3873 I SurfaceControl: nativeRelease nativeObject e[-5476376610860492928]
07-22 22:24:36.094   828   879 I Layer   : id=10324 removeFromCurrentState $_18947#0 (77)
07-22 22:24:36.095   828   879 I SurfaceFlinger: id=10324 Removed $_18947#0 (77)
07-22 22:24:36.095  1388  3873 I SurfaceControl: nativeRelease nativeObject s[-5476376608501820960]
07-22 22:24:36.095  1388  3873 I SurfaceControl: nativeRelease nativeObject e[-5476376608501820960]
07-22 22:24:36.097  1388  1388 D EdgeLightingManager: isCallingUserSupported : callingUserId=0, mUserId=0, isDualAppId=false, isKnoxId=false
07-22 22:24:36.097  1388  1388 D EdgeLightingManager: hideForNotification : packageName = android
07-22 22:24:36.098   828  2470 I Layer   : id=10323 removeFromCurrentState 3487753 com.nighteyecare.app#0 (77)
07-22 22:24:36.098   828   828 I BufferQueue: [$_18947#0](this:0xb400007cc35b1458,id:2001,api:1,p:-1,c:-1) onDestructor()
07-22 22:24:36.098   828  2470 I Layer   : id=10322 removeFromCurrentState WindowToken{292eb42 android.os.BinderProxy@d160d8d}#0 (77)
07-22 22:24:36.099   828   828 I Layer   : id=10324[1] Destroyed $_18947#0
07-22 22:24:36.098  1388  1388 D EdgeLightingPolicyManager:NotificationGroup: remove : sbn : StatusBarNotification(pkg=android user=UserHandle{0} id=0 tag=com.android.server.wm.AlertWindowNotification - com.nighteyecare.app key=0|android|0|com.android.server.wm.AlertWindowNotification - com.nighteyecare.app|1000: Notification(channel=com.android.server.wm.AlertWindowNotification - com.nighteyecare.app shortcut=null contentView=null vibrate=null sound=null defaults=0x0 flags=0x102 color=0xff888fa2 vis=PRIVATE semFlags=0x0 semPriority=0 semMissedCount=0))
07-22 22:24:36.099  1388  1388 D EdgeLightingManager: hideForNotification : isInteractive is true
07-22 22:24:36.099  1388  1388 I NotificationService: RuneStone mIsRuneStoneSupported = true, mIsRuneStoneEnabled = false
07-22 22:24:36.100   828   879 I SurfaceFlinger: id=10323 Removed 3487753 com.nighteyecare.app#0 (76)
07-22 22:24:36.100   828   879 I SurfaceFlinger: id=10322 Removed WindowToken{292eb42 android.os.BinderProxy@d160d8d}#0 (76)
07-22 22:24:36.100 18947 18947 D InputTransport: Input channel destroyed: '3487753', fd=99
07-22 22:24:36.101   828   828 D SurfaceFlinger: Display 0 HWC layers:
07-22 22:24:36.101   828   828 D SurfaceFlinger:      DEVICE | 0xb400007c92a57000 | 0002 | RGBA_8888    |    0.0    0.0 1080.0 2400.0 |    0    0 1080 2400 | com.nighteyecare.app/com.nighteyecare.app.ui.activities.MainActivity$_18947#0
07-22 22:24:36.101   828   828 D SurfaceFlinger:      DEVICE | 0xb400007ca0463b00 | 0000 | RGBA_8888    |    0.0    0.0 1080.0   79.0 |    0    0 1080   79 | StatusBar$_1778#0
07-22 22:24:36.101   828   828 D SurfaceFlinger:      DEVICE | 0xb400007cc35e6700 | 0000 | RGBA_8888    |    0.0    0.0   67.0  350.0 | 1013  845 1080 1195 | com.samsung.android.app.cocktailbars[...]arservice.CocktailBarService$_8343#0
07-22 22:24:36.101   828   828 D SurfaceFlinger:      DEVICE | 0xb400007c9d75ff80 | 0000 | RGBA_8888    |    0.0    0.0  388.0   39.0 |  692 2361 1080 2400 | SGestureOverlayWindow$_2312#0
07-22 22:24:36.101   828   828 D SurfaceFlinger:      DEVICE | 0xb400007cc34de800 | 0000 | RGBA_8888    |    0.0    0.0 1080.0  126.0 |    0 2274 1080 2400 | NavigationBar0$_1778#0
07-22 22:24:36.101   828   828 D SurfaceFlinger: 
07-22 22:24:36.103  1778  1778 D FaceWidgetNotificationManager: removeFaceWidgetMusicNotification() key : 0|android|0|com.android.server.wm.AlertWindowNotification - com.nighteyecare.app|1000
07-22 22:24:36.107   828   828 I Layer   : id=10322[1] Destroyed WindowToken{292eb42 android.os.BinderProxy@d160d8d}#0
07-22 22:24:36.108   828   828 I Layer   : id=10323[1] Destroyed 3487753 com.nighteyecare.app#0
07-22 22:24:36.111  1388  1406 D SettingsProvider: isChangeAllowed() : name = enabled_notification_listeners
07-22 22:24:36.112  1388  1406 D SettingsProvider: isChangeAllowed() : name = enabled_notification_assistant
07-22 22:24:36.112  1388  1406 D SettingsProvider: isChangeAllowed() : name = enabled_notification_policy_access_packages
07-22 22:24:36.122   828   828 I SurfaceFlinger: operator()(), mtkRenderCntDebug 81675, screenshot (com.nighteyecare.app/com.nighteyecare.app.ui.activities.MainActivity$_18947#0)
07-22 22:24:36.142   773   858 I hwcomposer: [HWCDisplay] [Display_0 (type:1)] fps:66.708267,dur:1004.37,max:150.17,min:4.80  
07-22 22:24:36.232   828   828 I SurfaceFlinger: operator()(), mtkRenderCntDebug 81676, screenshot (com.nighteyecare.app/com.nighteyecare.app.ui.activities.MainActivity$_18947#0)
07-22 22:24:36.332   828   828 I SurfaceFlinger: operator()(), mtkRenderCntDebug 81677, screenshot (com.nighteyecare.app/com.nighteyecare.app.ui.activities.MainActivity$_18947#0)
07-22 22:24:36.532  1388  1562 D InputReader: Btn_touch(8): value=1 when=86095.641357
07-22 22:24:36.532  1388  1562 I InputReader: Touch event's action is 0x0 (id=3, t=0) [pCnt=1, s=0.6087 ] when=86095.641357
07-22 22:24:36.533  1388  1561 I InputDispatcher: Delivering touch to (1778): action: 0x4, f=0x0, d=0, '37d79f9', t=1 
07-22 22:24:36.533  1388  1561 I InputDispatcher: Delivering touch to (18947): action: 0x0, f=0x0, d=0, '7098436', t=1 
07-22 22:24:36.533  2312  2312 W RecentsAnimationDeviceState: isInSwipeUpTouchRegion = false
07-22 22:24:36.533  2312  2312 W TouchInteractionService: onInputEvent, inputConsumer = com.android.quickstep.-$$Lambda$InputConsumer$pgTpBxbssXPLgozwhOXQifnNImE@66be15e
07-22 22:24:36.533 18947 18947 I ViewRootImpl@3b73a3[MainActivity]: ViewPostIme pointer 0
07-22 22:24:36.533  1388  1561 D PowerManagerService: [api] userActivityFromNative : 420 (event: 2 flags: 0) eventTime = 86095641
07-22 22:24:36.582  1388  1562 D InputReader: Btn_touch(8): value=0 when=86095.691412
07-22 22:24:36.582  1388  1562 I InputReader: Touch event's action is 0x1 (id=3, t=0) [pCnt=1, s=] when=86095.691412
07-22 22:24:36.583  1388  1561 I InputDispatcher: Delivering touch to (18947): action: 0x1, f=0x0, d=0, '7098436', t=1 
07-22 22:24:36.583  2312  2312 W TouchInteractionService: reset
07-22 22:24:36.583 18947 18947 I ViewRootImpl@3b73a3[MainActivity]: ViewPostIme pointer 1
07-22 22:24:36.588   828   828 I SurfaceFlinger: operator()(), mtkRenderCntDebug 81678, screenshot (com.nighteyecare.app/com.nighteyecare.app.ui.activities.MainActivity$_18947#0)
07-22 22:24:36.598   828  1377 I SurfaceFlinger: [SF client] NEW(0xb400007cc350c0c0) for (18947:com.nighteyecare.app)
07-22 22:24:36.605 18947 29839 D NativeCustomFrequencyManager: [NativeCFMS] BpCustomFrequencyManager::BpCustomFrequencyManager()
07-22 22:24:36.610   828  2470 I SurfaceFlinger: id=10325 createSurf (0x0),-1 flag=80004, WindowToken{cf23723 android.os.BinderProxy@2ef8852}#0
07-22 22:24:36.610  1388  3873 D InputTransport: Input channel constructed: '8005420', fd=513
07-22 22:24:36.611  1388  3873 D InputTransport: Input channel constructed: '8005420', fd=520
07-22 22:24:36.612   828  2470 I SurfaceFlinger: id=10326 createSurf (0x0),-1 flag=80004, 8005420 com.nighteyecare.app#0
07-22 22:24:36.612  1388  3873 D InputTransport: Input channel destroyed: '8005420', fd=520
07-22 22:24:36.613 18947 18947 D InputTransport: Input channel constructed: '8005420', fd=99
07-22 22:24:36.615 18947 18947 I ViewRootImpl@f3164f2[]: setView = android.widget.LinearLayout@9f5e743 TM=true
07-22 22:24:36.626  1388  3873 V WindowManager: Relayout Window{8005420 u0 com.nighteyecare.app}: viewVisibility=0 req=1080x2282
07-22 22:24:36.629  1388  3873 D WindowManager: isScreenshotDisabledLocked - win: Window{8005420 u0 com.nighteyecare.app}
07-22 22:24:36.629  1388  3873 D WindowManager: isScreenshotDisabledLocked: userId = 0, disabled =false
07-22 22:24:36.630   828  1377 I BufferQueue: [unnamed-828-2002](this:0xb400007cc34fdc58,id:2002,api:0,p:-1,c:-1) BufferQueue core=(828:/system/bin/surfaceflinger)
07-22 22:24:36.631   828  1377 I SurfaceFlinger: id=10327 createSurf (1080x2282),1 flag=4, $_18947#0
07-22 22:24:36.632  1388  3873 D WindowManager: makeSurface duration=2 name=$_18947
07-22 22:24:36.635  1388  3873 V WindowManager: Relayout hash=8005420, pid=18947: mAttrs={(0,0)(fillxfill) sim={adjust=pan} ty=APPLICATION_OVERLAY fmt=TRANSLUCENT
07-22 22:24:36.635  1388  3873 V WindowManager:   fl=1000018
07-22 22:24:36.635  1388  3873 V WindowManager:   pfl=2000000
07-22 22:24:36.635  1388  3873 V WindowManager:   fitTypes=STATUS_BARS NAVIGATION_BARS CAPTION_BAR IME naviIconColor=0}
07-22 22:24:36.635  1388  3873 I SurfaceControl: nativeRelease nativeObject s[-5476376610860492928]
07-22 22:24:36.635  1388  3873 I SurfaceControl: nativeRelease nativeObject e[-5476376610860492928]
07-22 22:24:36.638 18947 18947 I SurfaceControl: assignNativeObject: nativeObject = 0 Surface(name=null)/@0x53c3ef9 / android.view.SurfaceControl.readFromParcel:1117 android.view.IWindowSession$Stub$Proxy.relayout:1820 android.view.ViewRootImpl.relayoutWindow:9005 android.view.ViewRootImpl.performTraversals:3360 android.view.ViewRootImpl.doTraversal:2618 android.view.ViewRootImpl$TraversalRunnable.run:9971 android.view.Choreographer$CallbackRecord.run:1010 android.view.Choreographer.doCallbacks:809 android.view.Choreographer.doFrame:744 android.view.Choreographer$FrameDisplayEventReceiver.run:995 
07-22 22:24:36.639 18947 18947 I ViewRootImpl@f3164f2[]: Relayout returned: old=(0,79,1080,2361) new=(0,79,1080,2361) req=(1080,2282)0 dur=13 res=0x7 s={true -5476376610100760576} ch=true fn=-1
07-22 22:24:36.653  1388  3905 E Native_CFMS: nativePerfMgrAddTask    Fail    tid : 18947    return : -1
07-22 22:24:36.653  1388  3905 E Native_CFMS: nativePerfMgrAddTask    Fail    tid : 29839    return : -1
07-22 22:24:36.654 18947 29839 D OpenGLRenderer: GPIS:: SetUp Pid : 18947    Tid : 29839
07-22 22:24:36.655  1388  3905 D WindowManager: finishDrawingWindow: Window{8005420 u0 com.nighteyecare.app} mDrawState=DRAW_PENDING
07-22 22:24:36.669   828   828 D SurfaceFlinger: Display 0 HWC layers:
07-22 22:24:36.669   828   828 D SurfaceFlinger:      DEVICE | 0xb400007c92a57000 | 0002 | RGBA_8888    |    0.0    0.0 1080.0 2400.0 |    0    0 1080 2400 | com.nighteyecare.app/com.nighteyecare.app.ui.activities.MainActivity$_18947#0
07-22 22:24:36.669   828   828 D SurfaceFlinger:      DEVICE | 0xb400007c9d75ef00 | 0000 | RGBA_8888    |    0.0    0.0 1080.0 2282.0 |    0   79 1080 2361 | $_18947#0
07-22 22:24:36.669   828   828 D SurfaceFlinger:      DEVICE | 0xb400007cc34deb00 | 0000 | RGBA_8888    |    0.0    0.0 1080.0   79.0 |    0    0 1080   79 | StatusBar$_1778#0
07-22 22:24:36.669   828   828 D SurfaceFlinger:      DEVICE | 0xb400007cc35e6700 | 0000 | RGBA_8888    |    0.0    0.0   67.0  350.0 | 1013  845 1080 1195 | com.samsung.android.app.cocktailbars[...]arservice.CocktailBarService$_8343#0
07-22 22:24:36.669   828   828 D SurfaceFlinger:      DEVICE | 0xb400007c9d75ff80 | 0000 | RGBA_8888    |    0.0    0.0  388.0   39.0 |  692 2361 1080 2400 | SGestureOverlayWindow$_2312#0
07-22 22:24:36.669   828   828 D SurfaceFlinger:      DEVICE | 0xb400007cc34de800 | 0000 | RGBA_8888    |    0.0    0.0 1080.0  126.0 |    0 2274 1080 2400 | NavigationBar0$_1778#0
07-22 22:24:36.669   828   828 D SurfaceFlinger: 
07-22 22:24:36.676  1388  1406 D SettingsProvider: isChangeAllowed() : name = enabled_notification_listeners
07-22 22:24:36.676  1388  1407 D ApplicationPolicy: isStatusBarNotificationAllowedAsUser: packageName = android,userId = 0
07-22 22:24:36.676  1388  2005 D ApplicationPolicy: isStatusBarNotificationAllowedAsUser: packageName = com.nighteyecare.app,userId = 0
07-22 22:24:36.676  1388  1407 D PersonaManagerAdapter: ContainerOnlyMode - EOS
07-22 22:24:36.676  1388  2005 D PersonaManagerAdapter: ContainerOnlyMode - EOS
07-22 22:24:36.676  1388  1407 D ApplicationPolicy: isStatusBarNotificationAllowedAsUser: packageName = android,userId = 0
07-22 22:24:36.676  1388  1407 D PersonaManagerAdapter: ContainerOnlyMode - EOS
07-22 22:24:36.677  1388  1406 D SettingsProvider: isChangeAllowed() : name = enabled_notification_assistant
07-22 22:24:36.677  1388  1406 D SettingsProvider: isChangeAllowed() : name = enabled_notification_policy_access_packages
07-22 22:24:36.677  1388  2005 D ApplicationPolicy: isStatusBarNotificationAllowedAsUser: packageName = com.nighteyecare.app,userId = 0
07-22 22:24:36.677  1388  2005 D PersonaManagerAdapter: ContainerOnlyMode - EOS
07-22 22:24:36.677  1388  1416 D ApplicationPolicy: isStatusBarNotificationAllowedAsUser: packageName = com.nighteyecare.app,userId = 0
07-22 22:24:36.678  1388  1416 D PersonaManagerAdapter: ContainerOnlyMode - EOS
07-22 22:24:36.678  1388  1416 D ApplicationPolicy: isStatusBarNotificationAllowedAsUser: packageName = com.nighteyecare.app,userId = 0
07-22 22:24:36.678  1388  1416 D PersonaManagerAdapter: ContainerOnlyMode - EOS
07-22 22:24:36.699   828   828 I SurfaceFlinger: operator()(), mtkRenderCntDebug 81679, screenshot (com.nighteyecare.app/com.nighteyecare.app.ui.activities.MainActivity$_18947#0)
07-22 22:24:36.799   828   828 I SurfaceFlinger: operator()(), mtkRenderCntDebug 81680, screenshot (com.nighteyecare.app/com.nighteyecare.app.ui.activities.MainActivity$_18947#0)
07-22 22:24:36.879  1388  1388 I NotificationService: RuneStone mIsRuneStoneSupported = true, mIsRuneStoneEnabled = false
07-22 22:24:36.882  1388  1388 W NotificationHistory: Attempted to add notif for locked/gone/disabled user 0
07-22 22:24:36.883  1388  1388 I NotificationService: RuneStone mIsRuneStoneSupported = true, mIsRuneStoneEnabled = false
07-22 22:24:36.888  1388  1388 W NotificationHistory: Attempted to add notif for locked/gone/disabled user 0
07-22 22:24:36.894  2312  2312 I Launcher.NotificationListener: onNotificationPosted : android number : 0
07-22 22:24:36.895  2312  2377 I Launcher.NotificationListener: notificationIsValidForUI : android missingTitleAndText : false isGroupHeader : false
07-22 22:24:36.895  2312  2312 I Launcher.NotificationListener: onNotificationPosted : com.nighteyecare.app number : 0
07-22 22:24:36.897  2312  2377 I Launcher.NotificationListener: notificationIsValidForUI : com.nighteyecare.app missingTitleAndText : false isGroupHeader : false
07-22 22:24:36.897  2312  2312 I Launcher.NotificationListener: onNotificationPosted : com.nighteyecare.app number : 0
07-22 22:24:36.897  2312  2377 I Launcher.NotificationListener: notificationIsValidForUI : com.nighteyecare.app missingTitleAndText : false isGroupHeader : false
07-22 22:24:36.907  1778  1778 D InterruptionStateProvider: No alerting: filtered notification: 0|android|0|com.android.server.wm.AlertWindowNotification - com.nighteyecare.app|1000
07-22 22:24:36.909  1778  1778 D InterruptionStateProvider:  no Heads up : edgelighting enabled app. 0|android|0|com.android.server.wm.AlertWindowNotification - com.nighteyecare.app|1000
07-22 22:24:36.911  1778  1778 D InterruptionStateProvider: No bubble up: not allowed to bubble: 0|com.nighteyecare.app|1|null|11147
07-22 22:24:36.912  1778  1778 D InterruptionStateProvider:  no Heads up : edgelighting enabled app. 0|com.nighteyecare.app|1|null|11147
07-22 22:24:36.920  1778  1778 D InterruptionStateProvider: No bubble up: not allowed to bubble: 0|com.nighteyecare.app|1|null|11147
07-22 22:24:36.921  1778  1778 D InterruptionStateProvider:  no Heads up : edgelighting enabled app. 0|com.nighteyecare.app|1|null|11147
07-22 22:24:36.941   828   879 I BufferQueueProducer: [StatusBar$_1778#0](this:0xb400007d44ee2c58,id:7,api:1,p:1778,c:828) queueBuffer: fps=19.45 dur=1336.49 max=827.15 min=7.63
07-22 22:24:36.968  1778  1778 E ExpandableNotifRow: onNotificationUpdated() NSSL is null..
07-22 22:24:36.972  1778  1778 D FaceWidgetNotificationManager: updateFaceWidgetMusicNotificationKey() return : mFaceWidgetMusicNotificationKey is empty
07-22 22:24:36.973  1778  1778 D FaceWidgetNotificationManager: updateFaceWidgetMusicNotificationKey() return : mFaceWidgetMusicNotificationKey is empty
07-22 22:24:36.989  1778  1778 E ExpandableNotifRow: onNotificationUpdated() NSSL is null..
07-22 22:24:36.993  1778  1778 D FaceWidgetNotificationManager: updateFaceWidgetMusicNotificationKey() return : mFaceWidgetMusicNotificationKey is empty
07-22 22:24:37.010   828   828 I SurfaceFlinger: operator()(), mtkRenderCntDebug 81681, screenshot (com.nighteyecare.app/com.nighteyecare.app.ui.activities.MainActivity$_18947#0)
07-22 22:24:37.013  1388  1618 E WifiVendorHal: getWifiLinkLayerStats_1_3_Internal(l.974) failed {.code = ERROR_NOT_SUPPORTED, .description = }
07-22 22:24:37.428   897   897 D connsyslogger: Open FIFO for close
07-22 22:24:37.461   597   597 I io_stats: !@ 179,0 r 5674597 77035154 w 1299216 16867620 d 490783 15140624 f 536102 142693 iot 2415748 2341498 th 51200 0 0 pt 0 inp 0 0 86096.568
07-22 22:24:37.758  1388  1562 D InputReader: Btn_touch(8): value=1 when=86096.867569
07-22 22:24:37.759  1388  1562 I InputReader: Touch event's action is 0x0 (id=3, t=0) [pCnt=1, s=0.6088 ] when=86096.867569
07-22 22:24:37.759  1388  1561 I InputDispatcher: Delivering touch to (1778): action: 0x4, f=0x0, d=0, '37d79f9', t=1 
07-22 22:24:37.760  1388  1561 I InputDispatcher: Delivering touch to (18947): action: 0x0, f=0x0, d=0, '7098436', t=1 
07-22 22:24:37.760  2312  2312 W RecentsAnimationDeviceState: isInSwipeUpTouchRegion = false
07-22 22:24:37.760 18947 18947 I ViewRootImpl@3b73a3[MainActivity]: ViewPostIme pointer 0
07-22 22:24:37.760  2312  2312 W TouchInteractionService: onInputEvent, inputConsumer = com.android.quickstep.-$$Lambda$InputConsumer$pgTpBxbssXPLgozwhOXQifnNImE@66be15e
07-22 22:24:37.782   828  2470 I BufferQueueProducer: [com.nighteyecare.app/com.nighteyecare.app.ui.activities.MainActivity$_18947#0](this:0xb400007c92ae4c58,id:1998,api:1,p:18947,c:828) queueBuffer: fps=30.55 dur=1800.19 max=934.72 min=4.42
07-22 22:24:37.792   773   858 I hwcomposer: [HWCDisplay] [Display_0 (type:1)] fps:29.091372,dur:1649.97,max:749.98,min:9.08  
07-22 22:24:37.798   828   828 I SurfaceFlinger: operator()(), mtkRenderCntDebug 81682, screenshot (com.nighteyecare.app/com.nighteyecare.app.ui.activities.MainActivity$_18947#0)
07-22 22:24:37.820  1388  1562 D InputReader: Btn_touch(8): value=0 when=86096.929460
07-22 22:24:37.820  1388  1562 I InputReader: Touch event's action is 0x1 (id=3, t=0) [pCnt=1, s=] when=86096.929460
07-22 22:24:37.821  1388  1561 I InputDispatcher: Delivering touch to (18947): action: 0x1, f=0x0, d=0, '7098436', t=1 
07-22 22:24:37.821  2312  2312 W TouchInteractionService: reset
07-22 22:24:37.821 18947 18947 I ViewRootImpl@3b73a3[MainActivity]: ViewPostIme pointer 1
07-22 22:24:37.827  1388  1388 D EdgeLightingManager: isCallingUserSupported : callingUserId=0, mUserId=0, isDualAppId=false, isKnoxId=false
07-22 22:24:37.827  1388  1388 D EdgeLightingManager: hideForNotification : packageName = com.nighteyecare.app
07-22 22:24:37.827  1388  1388 D EdgeLightingPolicyManager:NotificationGroup: remove : sbn : StatusBarNotification(pkg=com.nighteyecare.app user=UserHandle{0} id=1 tag=null key=0|com.nighteyecare.app|1|null|11147: Notification(channel=NightEyeCareChannel shortcut=null contentView=null vibrate=null sound=null defaults=0x0 flags=0x62 color=0x00000000 actions=3 vis=PRIVATE semFlags=0x0 semPriority=0 semMissedCount=0))
07-22 22:24:37.827  1388  1388 D EdgeLightingManager: hideForNotification : isInteractive is true
07-22 22:24:37.828  1388  1388 I NotificationService: RuneStone mIsRuneStoneSupported = true, mIsRuneStoneEnabled = false
07-22 22:24:37.832  1778  1778 D FaceWidgetNotificationManager: removeFaceWidgetMusicNotification() key : 0|com.nighteyecare.app|1|null|11147
07-22 22:24:37.846 18947 18947 I ViewRootImpl@f3164f2[]: dispatchDetachedFromWindow
07-22 22:24:37.846 18947 18947 I SurfaceControl: nativeRelease nativeObject s[-5476376610401131680]
07-22 22:24:37.846 18947 18947 I SurfaceControl: nativeRelease nativeObject e[-5476376610401131680]
07-22 22:24:37.847  1388  3873 D InputTransport: Input channel destroyed: '8005420', fd=513
07-22 22:24:37.847  1388  3873 I SurfaceControl: nativeRelease nativeObject s[-5476376610864411232]
07-22 22:24:37.847  1388  3873 I SurfaceControl: nativeRelease nativeObject e[-5476376610864411232]
07-22 22:24:37.848  1388  3873 I WindowManager: Destroying surface Surface(name=$_18947)/@0x9502e68 called by com.android.server.wm.WindowStateAnimator.destroySurface:1794 com.android.server.wm.WindowStateAnimator.destroySurfaceLocked:765 com.android.server.wm.WindowState.removeImmediately:2665 com.android.server.wm.WindowState.removeIfPossible:2830 com.android.server.wm.WindowState.removeIfPossible:2688 com.android.server.wm.WindowManagerService.removeWindow:2186 com.android.server.wm.Session.remove:199 android.view.IWindowSession$Stub.onTransact:813 
07-22 22:24:37.848  1388  3873 I SurfaceControl: nativeRelease nativeObject s[-5476376610845357696]
07-22 22:24:37.848  1388  3873 I SurfaceControl: nativeRelease nativeObject e[-5476376610845357696]
07-22 22:24:37.849   828  2470 I Layer   : id=10327 removeFromCurrentState $_18947#0 (77)
07-22 22:24:37.850   828  2470 I SurfaceFlinger: id=10327 Removed $_18947#0 (77)
07-22 22:24:37.850  1388  3873 I SurfaceControl: nativeRelease nativeObject s[-5476376608501820960]
07-22 22:24:37.850  1388  3873 I SurfaceControl: nativeRelease nativeObject e[-5476376608501820960]
07-22 22:24:37.850  1388  1388 D EdgeLightingManager: isCallingUserSupported : callingUserId=0, mUserId=0, isDualAppId=false, isKnoxId=false
07-22 22:24:37.850  1388  1388 D EdgeLightingManager: hideForNotification : packageName = android
07-22 22:24:37.851  1388  1388 D EdgeLightingPolicyManager:NotificationGroup: remove : sbn : StatusBarNotification(pkg=android user=UserHandle{0} id=0 tag=com.android.server.wm.AlertWindowNotification - com.nighteyecare.app key=0|android|0|com.android.server.wm.AlertWindowNotification - com.nighteyecare.app|1000: Notification(channel=com.android.server.wm.AlertWindowNotification - com.nighteyecare.app shortcut=null contentView=null vibrate=null sound=null defaults=0x0 flags=0x102 color=0xff888fa2 vis=PRIVATE semFlags=0x0 semPriority=0 semMissedCount=0))
07-22 22:24:37.851  1388  1388 D EdgeLightingManager: hideForNotification : isInteractive is true
07-22 22:24:37.852  1388  1388 I NotificationService: RuneStone mIsRuneStoneSupported = true, mIsRuneStoneEnabled = false
07-22 22:24:37.852   828   879 I Layer   : id=10326 removeFromCurrentState 8005420 com.nighteyecare.app#0 (77)
07-22 22:24:37.853   828   879 I Layer   : id=10325 removeFromCurrentState WindowToken{cf23723 android.os.BinderProxy@2ef8852}#0 (77)
