07-22 22:25:07.792 30669 30775 I fwkit_HmsReclaim_MemMaps: [I/fwkit/fwkit_HmsReclaim_MemMaps 30669:13399 ReclaimLog.java:13] read: 30669
07-22 22:25:07.853 30669 30775 I fwkit_HmsReclaim_ReclaimService: [I/fwkit/fwkit_HmsReclaim_ReclaimService 30669:13399 ReclaimLog.java:13] reclaimMem: 30669, memBlocks size: 249
07-22 22:25:07.855 30669 30775 E fwkit_HmsReclaim_ReclaimService: [E/fwkit/fwkit_HmsReclaim_ReclaimService 30669:13399 ReclaimLog.java:17] reclaimMemBlocks errorwrite failed: EINVAL (Invalid argument)
07-22 22:25:08.021   897  1047 D connsyslogger: SD_LOG_ROOT is /data/debuglogger/connsyslog/fw.
07-22 22:25:08.021   897  1047 D connsyslogger: systemReady:1
07-22 22:25:08.230  1388  1388 E Native_CFMS: nativePerfMgrRemoveTask    Fail    tid : -1    return : -1
07-22 22:25:08.302   897  1048 D connsyslogger: data recycle:time out
07-22 22:25:08.302   897  1048 E connsyslogger: Bootup Log: 9 log files! 
07-22 22:25:08.580 25418 25418 I wpa_supplicant: Heartbeat 4382
07-22 22:25:08.836  4018  5052 I SDHMS:F : -99 > surface_temperature_0
07-22 22:25:08.837  4018  5052 I SDHMS:F : writeSysfs:: path() : /sys/class/audio/amp/surface_temperature_0 exist() : false canWrite() : false
07-22 22:25:08.837  4018  5052 I SDHMS:F : 34 > surface_temperature_1
07-22 22:25:08.838  4018  5052 I SDHMS:F : writeSysfs:: path() : /sys/class/audio/amp/surface_temperature_1 exist() : false canWrite() : false
07-22 22:25:08.838  4018  5052 I SDHMS:F : SIOP:: AP:331(418,100) BAT:353(353,0) USB:0(0,0) CHG:401(401,0) PA:388(388,0) BLK:0(0,0) SUBBAT:0(0,0) LRP:388(388,0) LRP2:386(386,0) LRF:387(387) LRB:388(388) AP2:386(386) CHG2:380(380) WIFI2:377(377) SPK2:344(344) 
07-22 22:25:09.575   597   597 I io_stats: !@ 179,0 r 5674609 77035230 w 1299331 16869472 d 490783 15140624 f 536110 142701 iot 2415896 2341644 th 51200 0 0 pt 0 inp 0 0 86128.682
07-22 22:25:09.758  1388  1563 D BatteryService: Sending ACTION_BATTERY_CHANGED. scale:100, info:{.chargerAcOnline = false, .chargerUsbOnline = true, .chargerWirelessOnline = false, .maxChargingCurrent = 0, .maxChargingVoltage = 0, .batteryStatus = CHARGING, .batteryHealth = GOOD, .batteryPresent = true, .batteryLevel = 82, .batteryVoltage = 4094, .batteryTemperature = 353, .batteryCurrent = 96, .batteryCycleCount = 0, .batteryFullCharge = 5000000, .batteryChargeCounter = 4145000, .batteryTechnology = Li-ion}
07-22 22:25:09.758  1388  1563 D BatteryService: online:4, current avg:87, charge type:1, POGO powered:false, power sharing:false, high voltage charger:false, charger_type:0, capacity:280000, misc_event:0x10000, current_event:0x0, current_now:96
07-22 22:25:09.763  1388  1553 D MotionRecognitionService:   onReceive : ACTION_BATTERY_CHANGED, Plugged: 2
07-22 22:25:09.763  1388  1553 I MotionRecognitionService: [TA] In/out: true, curr state: 1
07-22 22:25:09.763  1388  1388 D PhoneWindowManagerExt: ACTION_BATTERY_CHANGED - Level=82, status=2
07-22 22:25:09.764  1388  1388 D SemWifiApBroadcastReceiver: Received : android.intent.action.BATTERY_CHANGED
07-22 22:25:09.765  1388  1388 D AdaptiveBrightnessLongtermModelBuilder: Received android.intent.action.BATTERY_CHANGED
07-22 22:25:09.767  1778  1778 I PowerUI : BATTERY_HEALTH_CHECK extraHealth=2 mBatteryMiscEvent=65536
07-22 22:25:09.767  1756  1756 D SemBigDataInfoController: Intent : android.intent.action.BATTERY_CHANGED
07-22 22:25:09.767  1778  1778 D PowerUI : priorPlugType = 2 mPlugType = 2 priorBatteryStatus = 2 mBatteryStatus = 2
07-22 22:25:09.769  1756  1756 D SemBigDataInfoController: Intent : android.intent.action.BATTERY_CHANGED
07-22 22:25:09.771  1778  1778 D PowerUI.Notification: showChargingNotice oldChargingType : 1 currentChargingType : 1 oldChargingTime : 4971000 mChargingTime : 4971000
07-22 22:25:09.771  1778  1778 D PowerUI.Notification: There is no change about charging status, so return!
07-22 22:25:09.771  1778  1778 D PowerUI : Battery swelling mode - priorBatterySwellingMode = 0 mBatterySwellingMode = 0 mBatteryStatus = 2
07-22 22:25:09.772  1778  1778 I PowerUI : mBatteryMiscEvent = 65536
07-22 22:25:09.774  1778  1778 D KeyguardUpdateMonitor: received broadcast android.intent.action.BATTERY_CHANGED
07-22 22:25:09.774  1778  1778 I AODBatteryManager: updateBatteryData: ACTION_BATTERY_CHANGED
07-22 22:25:09.776  1778  1778 I AODBatteryManager: saveBatteryData : AOD BatteryData [mBatteryLevel=82, mBatteryStatus=CHARGING, mBatteryPlugType=USB, mBatteryPlugged=true, mRemainingChargeTime=4971000, mBatteryChargingType=1, mBatteryChargerType=NORMAL, mBatteryOnline=USB, mBatterySwellingMode=NONE]
07-22 22:25:09.799  1778  1778 D KeyguardUpdateMonitor: handleBatteryUpdate
07-22 22:25:09.808   828  1377 I BufferQueueProducer: [StatusBar$_1778#0](this:0xb400007d44ee2c58,id:7,api:1,p:1778,c:828) queueBuffer: fps=0.38 dur=2601.66 max=2601.66 min=2601.66
07-22 22:25:09.821   773   858 I hwcomposer: [HWCDisplay] [Display_0 (type:1)] fps:0.385145,dur:2596.42,max:2596.42,min:2596.42  
07-22 22:25:09.826   828   828 I SurfaceFlinger: operator()(), mtkRenderCntDebug 81739, screenshot (com.nighteyecare.app/com.nighteyecare.app.ui.activities.MainActivity$_18947#0)
07-22 22:25:09.869  1388  1680 D WifiConnectivityMonitor: Stop WCM Poll. cnt : 5
07-22 22:25:09.941  1778  1995 D NetworkController.SecMobileSignalController(0/2147483647): onSignalStrengthsChanged level=3
07-22 22:25:09.942  1778  1995 D NetworkController.SecMobileSignalController(0/2147483647): Display signal bar by emergency only[true][true]
07-22 22:25:09.942  1778  1995 D MobileSignalIconsSelector: getDataIconGroup(): 0
07-22 22:25:10.021   897  1047 D connsyslogger: SD_LOG_ROOT is /data/debuglogger/connsyslog/fw.
07-22 22:25:10.021   897  1047 D connsyslogger: systemReady:1
07-22 22:25:10.188  1388  1618 E WifiVendorHal: getWifiLinkLayerStats_1_3_Internal(l.974) failed {.code = ERROR_NOT_SUPPORTED, .description = }
07-22 22:25:10.449 27579 27750 I PlayCommon: [13221] Preparing logs for uploading
07-22 22:25:10.489 20720 16669 E AuthPII : [RequestTokenManager] getToken() -> BAD_AUTHENTICATION. App: com.android.vending, Service: oauth2:https://www.googleapis.com/auth/googleplay
07-22 22:25:10.489 20720 16669 E AuthPII : avwy: Long live credential not available.
07-22 22:25:10.489 20720 16669 E AuthPII : 	at aauq.a(:com.google.android.gms@252635022@25.26.35 (150400-783060121):1277)
07-22 22:25:10.489 20720 16669 E AuthPII : 	at aauw.b(:com.google.android.gms@252635022@25.26.35 (150400-783060121):30)
07-22 22:25:10.489 20720 16669 E AuthPII : 	at aauu.a(:com.google.android.gms@252635022@25.26.35 (150400-783060121):569)
07-22 22:25:10.489 20720 16669 E AuthPII : 	at aaut.b(:com.google.android.gms@252635022@25.26.35 (150400-783060121):115)
07-22 22:25:10.489 20720 16669 E AuthPII : 	at umn.h(:com.google.android.gms@252635022@25.26.35 (150400-783060121):494)
07-22 22:25:10.489 20720 16669 E AuthPII : 	at umn.d(:com.google.android.gms@252635022@25.26.35 (150400-783060121):150)
07-22 22:25:10.489 20720 16669 E AuthPII : 	at aaok.getAuthToken(:com.google.android.gms@252635022@25.26.35 (150400-783060121):410)
07-22 22:25:10.489 20720 16669 E AuthPII : 	at android.accounts.AbstractAccountAuthenticator$Transport.getAuthToken(AbstractAccountAuthenticator.java:244)
07-22 22:25:10.489 20720 16669 E AuthPII : 	at android.accounts.IAccountAuthenticator$Stub.onTransact(IAccountAuthenticator.java:282)
07-22 22:25:10.489 20720 16669 E AuthPII : 	at android.os.Binder.transact(Binder.java:1079)
07-22 22:25:10.489 20720 16669 E AuthPII : 	at bxav.onTransact(:com.google.android.gms@252635022@25.26.35 (150400-783060121):10)
07-22 22:25:10.489 20720 16669 E AuthPII : 	at android.os.Binder.transact(Binder.java:1079)
07-22 22:25:10.489 20720 16669 E AuthPII : 	at bngr.onTransact(:com.google.android.gms@252635022@25.26.35 (150400-783060121):157)
07-22 22:25:10.489 20720 16669 E AuthPII : 	at android.os.Binder.execTransactInternal(Binder.java:1195)
07-22 22:25:10.489 20720 16669 E AuthPII : 	at android.os.Binder.execTransact(Binder.java:1159)
07-22 22:25:10.490 20720 16669 E AuthPII : Message is Long live credential not available.
07-22 22:25:10.490 20720 16669 E AuthPII : avwy: Long live credential not available.
07-22 22:25:10.490 20720 16669 E AuthPII : 	at aauq.a(:com.google.android.gms@252635022@25.26.35 (150400-783060121):1277)
07-22 22:25:10.490 20720 16669 E AuthPII : 	at aauw.b(:com.google.android.gms@252635022@25.26.35 (150400-783060121):30)
07-22 22:25:10.490 20720 16669 E AuthPII : 	at aauu.a(:com.google.android.gms@252635022@25.26.35 (150400-783060121):569)
07-22 22:25:10.490 20720 16669 E AuthPII : 	at aaut.b(:com.google.android.gms@252635022@25.26.35 (150400-783060121):115)
07-22 22:25:10.490 20720 16669 E AuthPII : 	at umn.h(:com.google.android.gms@252635022@25.26.35 (150400-783060121):494)
07-22 22:25:10.490 20720 16669 E AuthPII : 	at umn.d(:com.google.android.gms@252635022@25.26.35 (150400-783060121):150)
07-22 22:25:10.490 20720 16669 E AuthPII : 	at aaok.getAuthToken(:com.google.android.gms@252635022@25.26.35 (150400-783060121):410)
07-22 22:25:10.490 20720 16669 E AuthPII : 	at android.accounts.AbstractAccountAuthenticator$Transport.getAuthToken(AbstractAccountAuthenticator.java:244)
07-22 22:25:10.490 20720 16669 E AuthPII : 	at android.accounts.IAccountAuthenticator$Stub.onTransact(IAccountAuthenticator.java:282)
07-22 22:25:10.490 20720 16669 E AuthPII : 	at android.os.Binder.transact(Binder.java:1079)
07-22 22:25:10.490 20720 16669 E AuthPII : 	at bxav.onTransact(:com.google.android.gms@252635022@25.26.35 (150400-783060121):10)
07-22 22:25:10.490 20720 16669 E AuthPII : 	at android.os.Binder.transact(Binder.java:1079)
07-22 22:25:10.490 20720 16669 E AuthPII : 	at bngr.onTransact(:com.google.android.gms@252635022@25.26.35 (150400-783060121):157)
07-22 22:25:10.490 20720 16669 E AuthPII : 	at android.os.Binder.execTransactInternal(Binder.java:1195)
07-22 22:25:10.490 20720 16669 E AuthPII : 	at android.os.Binder.execTransact(Binder.java:1159)
07-22 22:25:10.491 20720 16669 W Auth    : [GetToken] GetToken failed with status code: BadAuthentication  [CONTEXT service_id=343 ]
07-22 22:25:10.536 20720 16669 W GLSActivity: [GmsAccountAuthenticatorImpl] error status while fetching token:BadAuthentication
07-22 22:25:10.552 27579 27750 W PlayCommon: [13221] Deferring log upload because couldn't retrieve auth token
07-22 22:25:10.743 20720 31362 I .gms.persisten: Explicit concurrent copying GC freed 191110(9266KB) AllocSpace objects, 1(16KB) LOS objects, 49% free, 17MB/34MB, paused 257us total 285.419ms
07-22 22:25:10.826  1388  1388 E Native_CFMS: nativePerfMgrRemoveTask    Fail    tid : -1    return : -1
07-22 22:25:11.287 30610 31361 I PrivacyManager: [I/HwLocation/PrivacyManager 30610:13510 null:42] checkTargetEnableDelay unregisterContentObserver
07-22 22:25:11.333  1388  1542 D SamsungAlarmManager: Expired : 8
07-22 22:25:11.333  1388  1542 V SamsungAlarmManager: Sending to uid : 1000 L=eb44845:*job.delay* alarm=Alarm{783cefa type 3 when 132709781 android}
07-22 22:25:11.336  1388  1542 I SamsungAlarmManager: setLocked to kernel - T:2 / 20250722T222812, set=132891112, now=132709784
07-22 22:25:11.336  1388  1542 I SamsungAlarmManager: setLocked to kernel - T:3 / 20250722T222526, set=132724851, now=132709784
07-22 22:25:11.374  1388  1388 D SamsungAlarmManager: setInexact (T:3/F:0/AC:false) 20250722T222745 now=132709822 - CU:1000/CP:1388/L:eb44845:*job.delay*
07-22 22:25:11.374  1388  1388 I SamsungAlarmManager: setLocked to kernel - T:2 / 20250722T222812, set=132891112, now=132709822
07-22 22:25:11.374  1388  1388 I SamsungAlarmManager: setLocked to kernel - T:3 / 20250722T222526, set=132724851, now=132709822
07-22 22:25:11.392 15160 15160 I Finsky  : [2] SCH: job service start with id 9951.
07-22 22:25:11.402 15160 31688 I Finsky  : [5205] SCH: Satisfied jobs for 9951 are: 12-1
07-22 22:25:11.403 15160 31687 I Finsky  : [5204] SCH: Job 12-1 starting
07-22 22:25:11.403 15160 15160 I Finsky  : [2] [ContentSync] job started
07-22 22:25:11.582   597   597 I io_stats: !@ 179,0 r 5674614 77035306 w 1299339 16869504 d 490783 15140624 f 536110 142701 iot 2415908 2341652 th 51200 0 0 pt 0 inp 0 0 86130.691
07-22 22:25:12.022   897  1047 D connsyslogger: SD_LOG_ROOT is /data/debuglogger/connsyslog/fw.
07-22 22:25:12.022   897  1047 D connsyslogger: systemReady:1
07-22 22:25:12.431   897   897 D connsyslogger: Open FIFO for close
07-22 22:25:12.494  1778  1995 D NetworkController.SecMobileSignalController(0/2147483647): onSignalStrengthsChanged level=3
07-22 22:25:12.494  1778  1995 D NetworkController.SecMobileSignalController(0/2147483647): Display signal bar by emergency only[true][true]
07-22 22:25:12.495  1778  1995 D MobileSignalIconsSelector: getDataIconGroup(): 0
07-22 22:25:13.200  1388  1618 E WifiVendorHal: getWifiLinkLayerStats_1_3_Internal(l.974) failed {.code = ERROR_NOT_SUPPORTED, .description = }
07-22 22:25:13.226 15160 15160 W Finsky  : [2] STU: Failed to get storage stats for package 'com.google.android.mediaprovider' (1601: Error getting stats: android.content.pm.PackageManager.NameNotFoundException)
07-22 22:25:13.230   828  1377 I BufferQueueProducer: [StatusBar$_1778#0](this:0xb400007d44ee2c58,id:7,api:1,p:1778,c:828) queueBuffer: fps=0.29 dur=3422.06 max=3422.06 min=3422.06
07-22 22:25:13.240   773   858 I hwcomposer: [HWCDisplay] [Display_0 (type:1)] fps:0.292439,dur:3419.51,max:3419.51,min:3419.51  
07-22 22:25:13.301 15160 15160 W Finsky  : [2] STU: Failed to get storage stats for package 'com.google.android.resolv' (1601: Error getting stats: android.content.pm.PackageManager.NameNotFoundException)
07-22 22:25:13.347 15160 15160 W Finsky  : [2] STU: Failed to get storage stats for package 'com.google.android.media' (1601: Error getting stats: android.content.pm.PackageManager.NameNotFoundException)
07-22 22:25:13.586   597   597 I io_stats: !@ 179,0 r 5676157 77041902 w 1299339 16869504 d 490783 15140624 f 536110 142701 iot 2416208 2341904 th 51200 0 0 pt 0 inp 0 0 86132.695
07-22 22:25:13.596 15160 15160 W Finsky  : [2] STU: Failed to get storage stats for package 'com.google.android.sdkext' (1601: Error getting stats: android.content.pm.PackageManager.NameNotFoundException)
07-22 22:25:13.655 15160 15160 W Finsky  : [2] STU: Failed to get storage stats for package 'com.google.android.tethering' (1601: Error getting stats: android.content.pm.PackageManager.NameNotFoundException)
07-22 22:25:13.917 15160 15160 W Finsky  : [2] STU: Failed to get storage stats for package 'com.google.android.cellbroadcast' (1601: Error getting stats: android.content.pm.PackageManager.NameNotFoundException)
07-22 22:25:14.022   897  1047 D connsyslogger: SD_LOG_ROOT is /data/debuglogger/connsyslog/fw.
07-22 22:25:14.022   897  1047 D connsyslogger: systemReady:1
07-22 22:25:14.245  1388  1388 E Native_CFMS: nativePerfMgrRemoveTask    Fail    tid : -1    return : -1
07-22 22:25:14.392 15160 15160 W Finsky  : [2] STU: Failed to get storage stats for package 'com.google.android.tzdata2' (1601: Error getting stats: android.content.pm.PackageManager.NameNotFoundException)
07-22 22:25:14.410 15160 15160 W Finsky  : [2] STU: Failed to get storage stats for package 'com.google.android.permission' (1601: Error getting stats: android.content.pm.PackageManager.NameNotFoundException)
07-22 22:25:15.047  1778  1995 D NetworkController.SecMobileSignalController(0/2147483647): onSignalStrengthsChanged level=3
07-22 22:25:15.047  1778  1995 D NetworkController.SecMobileSignalController(0/2147483647): Display signal bar by emergency only[true][true]
07-22 22:25:15.048  1778  1995 D MobileSignalIconsSelector: getDataIconGroup(): 0
07-22 22:25:15.591   597   597 I io_stats: !@ 179,0 r 5681757 77065122 w 1299371 16869644 d 490783 15140624 f 536110 142701 iot 2416880 2342435 th 51200 0 0 pt 0 inp 3 0 86134.699
07-22 22:25:16.022   897  1047 D connsyslogger: SD_LOG_ROOT is /data/debuglogger/connsyslog/fw.
07-22 22:25:16.023   897  1047 D connsyslogger: systemReady:1
07-22 22:25:16.125 15160 15160 W Finsky  : [2] STU: Failed to get storage stats for package 'com.google.android.media.swcodec' (1601: Error getting stats: android.content.pm.PackageManager.NameNotFoundException)
07-22 22:25:16.216  1388  1618 E WifiVendorHal: getWifiLinkLayerStats_1_3_Internal(l.974) failed {.code = ERROR_NOT_SUPPORTED, .description = }
07-22 22:25:16.244   828   880 I BufferQueueProducer: [StatusBar$_1778#0](this:0xb400007d44ee2c58,id:7,api:1,p:1778,c:828) queueBuffer: fps=0.33 dur=3013.24 max=3013.24 min=3013.24
07-22 22:25:16.261   773   858 I hwcomposer: [HWCDisplay] [Display_0 (type:1)] fps:0.330994,dur:3021.20,max:3021.20,min:3021.20  
07-22 22:25:16.424 15160 15160 W Finsky  : [2] STU: Failed to get storage stats for package 'com.google.android.adbd' (1601: Error getting stats: android.content.pm.PackageManager.NameNotFoundException)
07-22 22:25:16.468 15160 15160 W Finsky  : [2] STU: Failed to get storage stats for package 'com.google.android.conscrypt' (1601: Error getting stats: android.content.pm.PackageManager.NameNotFoundException)
07-22 22:25:16.566 15160 15160 W Finsky  : [2] STU: Failed to get storage stats for package 'com.google.android.neuralnetworks' (1601: Error getting stats: android.content.pm.PackageManager.NameNotFoundException)
07-22 22:25:16.606 15160 15160 W Finsky  : [2] STU: Failed to get storage stats for package 'com.google.android.ipsec' (1601: Error getting stats: android.content.pm.PackageManager.NameNotFoundException)
07-22 22:25:16.887 15160 15160 W Finsky  : [2] STU: Failed to get storage stats for package 'com.google.android.extservices' (1601: Error getting stats: android.content.pm.PackageManager.NameNotFoundException)
07-22 22:25:16.984 15160 15160 W Finsky  : [2] STU: Failed to get storage stats for package 'com.google.android.os.statsd' (1601: Error getting stats: android.content.pm.PackageManager.NameNotFoundException)
07-22 22:25:17.183 15160 15160 I Finsky  : [2] App states replicator found 49 unowned apps
07-22 22:25:17.245 20720 16669 E AuthPII : [RequestTokenManager] getToken() -> BAD_AUTHENTICATION. App: com.android.vending, Service: oauth2:https://www.googleapis.com/auth/googleplay
07-22 22:25:17.245 20720 16669 E AuthPII : avwy: Long live credential not available.
07-22 22:25:17.245 20720 16669 E AuthPII : 	at aauq.a(:com.google.android.gms@252635022@25.26.35 (150400-783060121):1277)
07-22 22:25:17.245 20720 16669 E AuthPII : 	at aauw.b(:com.google.android.gms@252635022@25.26.35 (150400-783060121):30)
07-22 22:25:17.245 20720 16669 E AuthPII : 	at aauu.a(:com.google.android.gms@252635022@25.26.35 (150400-783060121):569)
07-22 22:25:17.245 20720 16669 E AuthPII : 	at aaut.b(:com.google.android.gms@252635022@25.26.35 (150400-783060121):115)
07-22 22:25:17.245 20720 16669 E AuthPII : 	at umn.h(:com.google.android.gms@252635022@25.26.35 (150400-783060121):494)
07-22 22:25:17.245 20720 16669 E AuthPII : 	at umn.d(:com.google.android.gms@252635022@25.26.35 (150400-783060121):150)
07-22 22:25:17.245 20720 16669 E AuthPII : 	at aaok.getAuthToken(:com.google.android.gms@252635022@25.26.35 (150400-783060121):410)
07-22 22:25:17.245 20720 16669 E AuthPII : 	at android.accounts.AbstractAccountAuthenticator$Transport.getAuthToken(AbstractAccountAuthenticator.java:244)
07-22 22:25:17.245 20720 16669 E AuthPII : 	at android.accounts.IAccountAuthenticator$Stub.onTransact(IAccountAuthenticator.java:282)
07-22 22:25:17.245 20720 16669 E AuthPII : 	at android.os.Binder.transact(Binder.java:1079)
07-22 22:25:17.245 20720 16669 E AuthPII : 	at bxav.onTransact(:com.google.android.gms@252635022@25.26.35 (150400-783060121):10)
07-22 22:25:17.245 20720 16669 E AuthPII : 	at android.os.Binder.transact(Binder.java:1079)
07-22 22:25:17.245 20720 16669 E AuthPII : 	at bngr.onTransact(:com.google.android.gms@252635022@25.26.35 (150400-783060121):157)
07-22 22:25:17.245 20720 16669 E AuthPII : 	at android.os.Binder.execTransactInternal(Binder.java:1195)
07-22 22:25:17.245 20720 16669 E AuthPII : 	at android.os.Binder.execTransact(Binder.java:1159)
07-22 22:25:17.246 20720 16669 E AuthPII : Message is Long live credential not available.
07-22 22:25:17.246 20720 16669 E AuthPII : avwy: Long live credential not available.
07-22 22:25:17.246 20720 16669 E AuthPII : 	at aauq.a(:com.google.android.gms@252635022@25.26.35 (150400-783060121):1277)
07-22 22:25:17.246 20720 16669 E AuthPII : 	at aauw.b(:com.google.android.gms@252635022@25.26.35 (150400-783060121):30)
07-22 22:25:17.246 20720 16669 E AuthPII : 	at aauu.a(:com.google.android.gms@252635022@25.26.35 (150400-783060121):569)
07-22 22:25:17.246 20720 16669 E AuthPII : 	at aaut.b(:com.google.android.gms@252635022@25.26.35 (150400-783060121):115)
07-22 22:25:17.246 20720 16669 E AuthPII : 	at umn.h(:com.google.android.gms@252635022@25.26.35 (150400-783060121):494)
07-22 22:25:17.246 20720 16669 E AuthPII : 	at umn.d(:com.google.android.gms@252635022@25.26.35 (150400-783060121):150)
07-22 22:25:17.246 20720 16669 E AuthPII : 	at aaok.getAuthToken(:com.google.android.gms@252635022@25.26.35 (150400-783060121):410)
07-22 22:25:17.246 20720 16669 E AuthPII : 	at android.accounts.AbstractAccountAuthenticator$Transport.getAuthToken(AbstractAccountAuthenticator.java:244)
07-22 22:25:17.246 20720 16669 E AuthPII : 	at android.accounts.IAccountAuthenticator$Stub.onTransact(IAccountAuthenticator.java:282)
07-22 22:25:17.246 20720 16669 E AuthPII : 	at android.os.Binder.transact(Binder.java:1079)
07-22 22:25:17.246 20720 16669 E AuthPII : 	at bxav.onTransact(:com.google.android.gms@252635022@25.26.35 (150400-783060121):10)
07-22 22:25:17.246 20720 16669 E AuthPII : 	at android.os.Binder.transact(Binder.java:1079)
07-22 22:25:17.246 20720 16669 E AuthPII : 	at bngr.onTransact(:com.google.android.gms@252635022@25.26.35 (150400-783060121):157)
07-22 22:25:17.246 20720 16669 E AuthPII : 	at android.os.Binder.execTransactInternal(Binder.java:1195)
07-22 22:25:17.246 20720 16669 E AuthPII : 	at android.os.Binder.execTransact(Binder.java:1159)
07-22 22:25:17.246 20720 16669 W Auth    : [GetToken] GetToken failed with status code: BadAuthentication  [CONTEXT service_id=343 ]
07-22 22:25:17.264  1388  1388 E Native_CFMS: nativePerfMgrRemoveTask    Fail    tid : -1    return : -1
07-22 22:25:17.282 20720 16669 W GLSActivity: [GmsAccountAuthenticatorImpl] error status while fetching token:BadAuthentication
07-22 22:25:17.302 15160 31689 I Finsky  : [5206] Completed 1 account content syncs with 0 successful.
07-22 22:25:17.303 15160 15160 I Finsky  : [2] [ContentSync] Installation state replication failed, parameters=Id: 12-1, CT: 1753203211332, Constraints: [{ L: 100000, D: 86400000, C: CHARGING_NONE, I: IDLE_NONE, N: NET_ANY, B: BATTERY_ANY }].
07-22 22:25:17.303 15160 15160 I Finsky  : [2] [ContentSync] Giving up after 5 failures.
07-22 22:25:17.303 15160 15160 I Finsky  : [2] SCH: jobFinished: 12-1. TimeElapsed: 5900ms.
07-22 22:25:17.315 15160 15203 I Finsky  : [3277] SCH: Scheduling phonesky job Id: 1-1337, CT: 1753201746194, Constraints: [{ L: 43150809, D: 86350809, C: CHARGING_NONE, I: IDLE_NONE, N: NET_ANY, B: BATTERY_ANY }]
07-22 22:25:17.315 15160 15203 I Finsky  : [3277] SCH: Scheduling phonesky job Id: 34-1534, CT: 1753166215909, Constraints: [{ L: 604800000, D: 2586144999, C: CHARGING_NONE, I: IDLE_NONE, N: NET_ANY, B: BATTERY_ANY }]
07-22 22:25:17.316 15160 15203 I Finsky  : [3277] SCH: Scheduling phonesky job Id: 34-1535, CT: 1753166215911, Constraints: [{ L: 73339938, D: 1369339938, C: CHARGING_NONE, I: IDLE_NONE, N: NET_ANY, B: BATTERY_ANY }]
07-22 22:25:17.321 15160 15198 I Finsky  : [3272] SCH: Scheduling 1 system job(s)
07-22 22:25:17.322 15160 15198 I Finsky  : [3272] SCH: Scheduling system job Id: 9955, L: 36238528, D: 84779682, C: false, I: false, N: 1
07-22 22:25:17.329 15160 31687 I Finsky  : [5204] SCH: job service finished with id 9951.
07-22 22:25:17.431   897   897 D connsyslogger: Open FIFO for close
07-22 22:25:17.596   597   597 I io_stats: !@ 179,0 r 5686185 77084210 w 1299385 16869700 d 490783 15140624 f 536111 142702 iot 2417264 2342779 th 51200 0 0 pt 0 inp 0 0 86136.704
07-22 22:25:17.612  1778  1995 D NetworkController.SecMobileSignalController(0/2147483647): onSignalStrengthsChanged level=3
07-22 22:25:17.613  1778  1995 D NetworkController.SecMobileSignalController(0/2147483647): Display signal bar by emergency only[true][true]
07-22 22:25:17.613  1778  1995 D MobileSignalIconsSelector: getDataIconGroup(): 0
07-22 22:25:17.902 15160 15172 I android.vendin: Background concurrent copying GC freed 716967(33MB) AllocSpace objects, 28(2008KB) LOS objects, 49% free, 24MB/48MB, paused 236us total 592.076ms
07-22 22:25:18.023   897  1047 D connsyslogger: SD_LOG_ROOT is /data/debuglogger/connsyslog/fw.
07-22 22:25:18.023   897  1047 D connsyslogger: systemReady:1
07-22 22:25:18.134  1388  1853 V MdnieScenarioControlService: burn_in_prevention_mode() mBrightnessAllAppServerState : true , enabled : true, mBurnInDisableAppEnabled : false , mAutoBrightnessMode : false, mHighBrightnessModeEnabled : false , mBurnInPreventionACL : false , platform_brightness_value : 104 , BURN_IN_PREVENTION_SUPPORT_VALUE : 143 , mBurnInPreventionEnabled : false , mGameAppLauncher : false
07-22 22:25:18.134  1388  1853 V MdnieScenarioControlService: Disabled Burn-In Prevention Mode
07-22 22:25:18.134  1388  1853 D SemDisplaySolutionManagerService: uid : 1000 , pid : 1388 , name : burnin_prevention_off
07-22 22:25:18.135  1388  1853 D SemDisplaySolutionManagerService: where : application what : DEFAULT setScreenBrightnessScaleFactor(1.0) , mBrightnessCompensation : 1.0 , PMS value : 1.0
07-22 22:25:18.135  1388  1853 D PowerManagerService: [api] setScreenBrightnessScaleFactor: scaleFactor: 1.0 (uid: 1000 pid: 1388)
07-22 22:25:18.135  1388  1853 D SemDisplaySolutionManagerService: Normal Mode setMultipleScreenBrightness , application, DEFAULT, 1.0
07-22 22:25:18.302   897  1048 D connsyslogger: data recycle:time out
07-22 22:25:18.302   897  1048 E connsyslogger: Bootup Log: 9 log files! 
07-22 22:25:18.587 25418 25418 I wpa_supplicant: Heartbeat 4383
07-22 22:25:18.836  4018  5052 I SDHMS:F : -99 > surface_temperature_0
07-22 22:25:18.837  4018  5052 I SDHMS:F : writeSysfs:: path() : /sys/class/audio/amp/surface_temperature_0 exist() : false canWrite() : false
07-22 22:25:18.838  4018  5052 I SDHMS:F : 34 > surface_temperature_1
07-22 22:25:18.838  4018  5052 I SDHMS:F : writeSysfs:: path() : /sys/class/audio/amp/surface_temperature_1 exist() : false canWrite() : false
07-22 22:25:18.839  4018  5052 I SDHMS:F : SIOP:: AP:331(423,100) BAT:353(353,0) USB:0(0,0) CHG:401(401,0) PA:387(387,0) BLK:0(0,0) SUBBAT:0(0,0) LRP:388(388,0) LRP2:386(386,0) LRF:386(386) LRB:388(388) AP2:386(386) CHG2:380(380) WIFI2:376(376) SPK2:344(344) 
07-22 22:25:19.233  1388  1618 E WifiVendorHal: getWifiLinkLayerStats_1_3_Internal(l.974) failed {.code = ERROR_NOT_SUPPORTED, .description = }
07-22 22:25:19.266   828   880 I BufferQueueProducer: [StatusBar$_1778#0](this:0xb400007d44ee2c58,id:7,api:1,p:1778,c:828) queueBuffer: fps=0.33 dur=3022.61 max=3022.61 min=3022.61
07-22 22:25:19.284   773   858 I hwcomposer: [HWCDisplay] [Display_0 (type:1)] fps:0.330874,dur:3022.29,max:3022.29,min:3022.29  
07-22 22:25:19.287   828   828 I SurfaceFlinger: operator()(), mtkRenderCntDebug 81740, screenshot (com.nighteyecare.app/com.nighteyecare.app.ui.activities.MainActivity$_18947#0)
07-22 22:25:19.601   597   597 I io_stats: !@ 179,0 r 5686185 77084210 w 1299395 16869748 d 490783 15140624 f 536111 142702 iot 2417264 2342780 th 51200 0 0 pt 0 inp 0 0 86138.708
07-22 22:25:19.650 20805 20805 D BoundBrokerSvc: onUnbind: Intent { act=com.google.android.gms.safetynet.service.START pkg=com.google.android.gms }
07-22 22:25:19.665  1388  3800 I ActivityManager: Killing 29680:com.samsung.android.callbgprovider/1001 (adj 999): empty #31
07-22 22:25:19.708   756   756 I Zygote  : Process 29680 exited due to signal 9 (Killed)
07-22 22:25:19.712  1388  1419 I libprocessgroup: Successfully killed process cgroup uid 1001 pid 29680 in 44ms
07-22 22:25:19.781  1388  1563 D BatteryService: Sending ACTION_BATTERY_CHANGED. scale:100, info:{.chargerAcOnline = false, .chargerUsbOnline = true, .chargerWirelessOnline = false, .maxChargingCurrent = 0, .maxChargingVoltage = 0, .batteryStatus = CHARGING, .batteryHealth = GOOD, .batteryPresent = true, .batteryLevel = 82, .batteryVoltage = 4093, .batteryTemperature = 353, .batteryCurrent = 80, .batteryCycleCount = 0, .batteryFullCharge = 5000000, .batteryChargeCounter = 4145000, .batteryTechnology = Li-ion}
07-22 22:25:19.781  1388  1563 D BatteryService: online:4, current avg:74, charge type:1, POGO powered:false, power sharing:false, high voltage charger:false, charger_type:0, capacity:280000, misc_event:0x10000, current_event:0x0, current_now:80
07-22 22:25:19.783  1388  1553 D MotionRecognitionService:   onReceive : ACTION_BATTERY_CHANGED, Plugged: 2
07-22 22:25:19.784  1388  1553 I MotionRecognitionService: [TA] In/out: true, curr state: 1
07-22 22:25:19.784  1388  1388 D PhoneWindowManagerExt: ACTION_BATTERY_CHANGED - Level=82, status=2
07-22 22:25:19.784  1388  1388 D SemWifiApBroadcastReceiver: Received : android.intent.action.BATTERY_CHANGED
07-22 22:25:19.785  1388  1388 D AdaptiveBrightnessLongtermModelBuilder: Received android.intent.action.BATTERY_CHANGED
07-22 22:25:19.786  1778  1778 I PowerUI : BATTERY_HEALTH_CHECK extraHealth=2 mBatteryMiscEvent=65536
07-22 22:25:19.786  1778  1778 D PowerUI : priorPlugType = 2 mPlugType = 2 priorBatteryStatus = 2 mBatteryStatus = 2
07-22 22:25:19.786  1756  1756 D SemBigDataInfoController: Intent : android.intent.action.BATTERY_CHANGED
07-22 22:25:19.786  1756  1756 D SemBigDataInfoController: Intent : android.intent.action.BATTERY_CHANGED
07-22 22:25:19.788  1778  1778 D PowerUI.Notification: showChargingNotice oldChargingType : 1 currentChargingType : 1 oldChargingTime : 4971000 mChargingTime : 4971000
07-22 22:25:19.788  1778  1778 D PowerUI.Notification: There is no change about charging status, so return!
07-22 22:25:19.788  1778  1778 D PowerUI : Battery swelling mode - priorBatterySwellingMode = 0 mBatterySwellingMode = 0 mBatteryStatus = 2
07-22 22:25:19.788  1778  1778 I PowerUI : mBatteryMiscEvent = 65536
07-22 22:25:19.789  1778  1778 D KeyguardUpdateMonitor: received broadcast android.intent.action.BATTERY_CHANGED
07-22 22:25:19.789  1778  1778 I AODBatteryManager: updateBatteryData: ACTION_BATTERY_CHANGED
07-22 22:25:19.791  1778  1778 I AODBatteryManager: saveBatteryData : AOD BatteryData [mBatteryLevel=82, mBatteryStatus=CHARGING, mBatteryPlugType=USB, mBatteryPlugged=true, mRemainingChargeTime=4971000, mBatteryChargingType=1, mBatteryChargerType=NORMAL, mBatteryOnline=USB, mBatterySwellingMode=NONE]
07-22 22:25:19.809  1778  1778 D KeyguardUpdateMonitor: handleBatteryUpdate
07-22 22:25:20.023   897  1047 D connsyslogger: SD_LOG_ROOT is /data/debuglogger/connsyslog/fw.
07-22 22:25:20.023   897  1047 D connsyslogger: systemReady:1
07-22 22:25:20.174  1778  1995 D NetworkController.SecMobileSignalController(0/2147483647): onSignalStrengthsChanged level=3
07-22 22:25:20.174  1778  1995 D NetworkController.SecMobileSignalController(0/2147483647): Display signal bar by emergency only[true][true]
07-22 22:25:20.176  1778  1995 D MobileSignalIconsSelector: getDataIconGroup(): 0
07-22 22:25:20.831  1388  1388 E Native_CFMS: nativePerfMgrRemoveTask    Fail    tid : -1    return : -1
07-22 22:25:20.939  1388  1651 D UsbStatsMonitor: 0 0 0 0 0 0 0 0 0 0 0 0 0 0 0 0 0 0 0 0 0 0 0 0 0 0 0 0 0 0 0 0 0 0 0 0 0 0 0 0 0 0 0 0 0 0 0 0 0 0 0 0
07-22 22:25:22.024   897  1047 D connsyslogger: SD_LOG_ROOT is /data/debuglogger/connsyslog/fw.
07-22 22:25:22.024   897  1047 D connsyslogger: systemReady:1
07-22 22:25:22.256  1388  1618 E WifiVendorHal: getWifiLinkLayerStats_1_3_Internal(l.974) failed {.code = ERROR_NOT_SUPPORTED, .description = }
07-22 22:25:22.258   733   733 E audit   : type=1400 audit(1753203322.254:20218): avc:  denied  { write } for  pid=20805 comm="ThreadPoolForeg" name="traced_producer" dev="tmpfs" ino=9846 scontext=u:r:gmscore_app:s0:c512,c768 tcontext=u:object_r:traced_producer_socket:s0 tclass=sock_file permissive=0 SEPF_SM-A325F_11_0010 audit_filtered
07-22 22:25:22.258   733   733 E audit   : type=1300 audit(1753203322.254:20218): arch=c00000b7 syscall=203 success=no exit=-13 a0=e6 a1=b400007d59fa0460 a2=1e a3=ffffffff97818e03 items=0 ppid=756 pid=20805 auid=4294967295 uid=10225 gid=10225 euid=10225 suid=10225 fsuid=10225 egid=10225 sgid=10225 fsgid=10225 tty=(none) ses=4294967295 comm="ThreadPoolForeg" exe="/system/bin/app_process64" subj=u:r:gmscore_app:s0:c512,c768 key=(null)
07-22 22:25:22.258   733   733 E audit   : type=1327 audit(1753203322.254:20218): proctitle="com.google.android.gms"
07-22 22:25:22.286   828  1377 I BufferQueueProducer: [StatusBar$_1778#0](this:0xb400007d44ee2c58,id:7,api:1,p:1778,c:828) queueBuffer: fps=0.66 dur=3020.14 max=2472.20 min=547.94
07-22 22:25:22.306   773   858 I hwcomposer: [HWCDisplay] [Display_0 (type:1)] fps:0.661867,dur:3021.75,max:2478.97,min:542.78  
07-22 22:25:22.309   828   828 I SurfaceFlinger: operator()(), mtkRenderCntDebug 81741, screenshot (com.nighteyecare.app/com.nighteyecare.app.ui.activities.MainActivity$_18947#0)
07-22 22:25:22.432   897   897 D connsyslogger: Open FIFO for close
07-22 22:25:22.739  1778  1995 D NetworkController.SecMobileSignalController(0/2147483647): onSignalStrengthsChanged level=3
07-22 22:25:22.740  1778  1995 D NetworkController.SecMobileSignalController(0/2147483647): Display signal bar by emergency only[true][true]
07-22 22:25:22.740  1778  1995 D MobileSignalIconsSelector: getDataIconGroup(): 0
07-22 22:25:23.311  1388  1388 E Native_CFMS: nativePerfMgrRemoveTask    Fail    tid : -1    return : -1
07-22 22:25:23.597   733   733 E audit   : type=1400 audit(1753203323.594:20219): avc:  denied  { write } for  pid=20720 comm="ThreadPoolForeg" name="traced_producer" dev="tmpfs" ino=9846 scontext=u:r:gmscore_app:s0:c512,c768 tcontext=u:object_r:traced_producer_socket:s0 tclass=sock_file permissive=0 SEPF_SM-A325F_11_0010 audit_filtered
07-22 22:25:23.597   733   733 E audit   : type=1300 audit(1753203323.594:20219): arch=c00000b7 syscall=203 success=no exit=-13 a0=83 a1=b400007cd908db80 a2=1e a3=ffffffff97818e03 items=0 ppid=756 pid=20720 auid=4294967295 uid=10225 gid=10225 euid=10225 suid=10225 fsuid=10225 egid=10225 sgid=10225 fsgid=10225 tty=(none) ses=4294967295 comm="ThreadPoolForeg" exe="/system/bin/app_process64" subj=u:r:gmscore_app:s0:c512,c768 key=(null)
07-22 22:25:23.597   733   733 E audit   : type=1327 audit(1753203323.594:20219): proctitle="com.google.android.gms.persistent"
07-22 22:25:24.024   897  1047 D connsyslogger: SD_LOG_ROOT is /data/debuglogger/connsyslog/fw.
07-22 22:25:24.024   897  1047 D connsyslogger: systemReady:1
07-22 22:25:24.692  1388  1410 E Watchdog: !@Sync: 2870 heap: 93 / 95 [2025-07-22 22:25:24.692] sdogWay: softdog FD: 725
07-22 22:25:25.270  1388  1618 E WifiVendorHal: getWifiLinkLayerStats_1_3_Internal(l.974) failed {.code = ERROR_NOT_SUPPORTED, .description = }
07-22 22:25:25.298  1778  1995 D NetworkController.SecMobileSignalController(0/2147483647): onSignalStrengthsChanged level=3
07-22 22:25:25.299  1778  1995 D NetworkController.SecMobileSignalController(0/2147483647): Display signal bar by emergency only[true][true]
07-22 22:25:25.300  1778  1995 D MobileSignalIconsSelector: getDataIconGroup(): 0
07-22 22:25:25.308   828   880 I BufferQueueProducer: [StatusBar$_1778#0](this:0xb400007d44ee2c58,id:7,api:1,p:1778,c:828) queueBuffer: fps=0.33 dur=3021.92 max=3021.92 min=3021.92
07-22 22:25:25.327   773   858 I hwcomposer: [HWCDisplay] [Display_0 (type:1)] fps:0.331014,dur:3021.02,max:3021.02,min:3021.02  
07-22 22:25:25.332   828   828 I SurfaceFlinger: operator()(), mtkRenderCntDebug 81742, screenshot (com.nighteyecare.app/com.nighteyecare.app.ui.activities.MainActivity$_18947#0)
07-22 22:25:25.628   597   597 I io_stats: !@ 179,0 r 5686185 77084210 w 1299405 16869796 d 490783 15140624 f 536111 142702 iot 2417264 2342782 th 51200 0 0 pt 0 inp 0 0 86144.735
07-22 22:25:26.025   897  1047 D connsyslogger: SD_LOG_ROOT is /data/debuglogger/connsyslog/fw.
07-22 22:25:26.025   897  1047 D connsyslogger: systemReady:1
07-22 22:25:26.334  1388  1388 E Native_CFMS: nativePerfMgrRemoveTask    Fail    tid : -1    return : -1
07-22 22:25:26.403  1388  1542 D SamsungAlarmManager: Expired : 8
07-22 22:25:26.404  1388  1542 V SamsungAlarmManager: Sending to uid : 1000 L=d286:DetectMovementSPListener alarm=Alarm{3222fa9 type 3 when 132724851 android}
07-22 22:25:26.404  1388  1946 I SLocation: SPManager -  can't use SP! 
07-22 22:25:26.407  1388  1542 I SamsungAlarmManager: setLocked to kernel - T:2 / 20250722T222812, set=132891112, now=132724854
07-22 22:25:26.409  1388  1542 I SamsungAlarmManager: setLocked to kernel - T:3 / 20250722T222600, set=132758448, now=132724857
07-22 22:25:26.413  1388  1946 D SamsungAlarmManager: setExact (T:3/F:9/AC:false) 20250722T222626 now=132724861 - CU:1000/CP:1388/L:d286:DetectMovementSPListener
07-22 22:25:26.414  1388  1946 I SamsungAlarmManager: setLocked to kernel - T:2 / 20250722T222812, set=132891112, now=132724861
07-22 22:25:26.414  1388  1946 I SamsungAlarmManager: setLocked to kernel - T:3 / 20250722T222600, set=132758448, now=132724862
07-22 22:25:27.432   897   897 D connsyslogger: Open FIFO for close
07-22 22:25:27.857  1778  1995 D NetworkController.SecMobileSignalController(0/2147483647): onSignalStrengthsChanged level=3
07-22 22:25:27.857  1778  1995 D NetworkController.SecMobileSignalController(0/2147483647): Display signal bar by emergency only[true][true]
07-22 22:25:27.858  1778  1995 D MobileSignalIconsSelector: getDataIconGroup(): 0
07-22 22:25:28.025   897  1047 D connsyslogger: SD_LOG_ROOT is /data/debuglogger/connsyslog/fw.
07-22 22:25:28.025   897  1047 D connsyslogger: systemReady:1
07-22 22:25:28.294  1388  1618 E WifiVendorHal: getWifiLinkLayerStats_1_3_Internal(l.974) failed {.code = ERROR_NOT_SUPPORTED, .description = }
07-22 22:25:28.302   897  1048 D connsyslogger: data recycle:time out
07-22 22:25:28.302   897  1048 E connsyslogger: Bootup Log: 9 log files! 
07-22 22:25:28.331   828   880 I BufferQueueProducer: [StatusBar$_1778#0](this:0xb400007d44ee2c58,id:7,api:1,p:1778,c:828) queueBuffer: fps=0.33 dur=3022.78 max=3022.78 min=3022.78
07-22 22:25:28.348   773   858 I hwcomposer: [HWCDisplay] [Display_0 (type:1)] fps:0.331026,dur:3020.91,max:3020.91,min:3020.91  
07-22 22:25:28.352   828   828 I SurfaceFlinger: operator()(), mtkRenderCntDebug 81743, screenshot (com.nighteyecare.app/com.nighteyecare.app.ui.activities.MainActivity$_18947#0)
07-22 22:25:28.595 25418 25418 I wpa_supplicant: Heartbeat 4384
07-22 22:25:28.837  4018  5052 I SDHMS:F : -99 > surface_temperature_0
07-22 22:25:28.839  4018  5052 I SDHMS:F : writeSysfs:: path() : /sys/class/audio/amp/surface_temperature_0 exist() : false canWrite() : false
07-22 22:25:28.839  4018  5052 I SDHMS:F : 34 > surface_temperature_1
07-22 22:25:28.840  4018  5052 I SDHMS:F : writeSysfs:: path() : /sys/class/audio/amp/surface_temperature_1 exist() : false canWrite() : false
07-22 22:25:28.840  4018  5052 I SDHMS:F : SIOP:: AP:330(416,100) BAT:353(353,0) USB:0(0,0) CHG:400(400,0) PA:386(386,0) BLK:0(0,0) SUBBAT:0(0,0) LRP:387(387,0) LRP2:385(385,0) LRF:386(386) LRB:387(387) AP2:385(385) CHG2:380(380) WIFI2:376(376) SPK2:344(344) 
07-22 22:25:29.354  1388  1388 E Native_CFMS: nativePerfMgrRemoveTask    Fail    tid : -1    return : -1
07-22 22:25:29.645   597   597 I io_stats: !@ 179,0 r 5686185 77084210 w 1299413 16869836 d 490783 15140624 f 536111 142702 iot 2417264 2342783 th 51200 0 0 pt 0 inp 0 0 86148.752
07-22 22:25:29.818  1388  1563 D BatteryService: Sending ACTION_BATTERY_CHANGED. scale:100, info:{.chargerAcOnline = false, .chargerUsbOnline = true, .chargerWirelessOnline = false, .maxChargingCurrent = 0, .maxChargingVoltage = 0, .batteryStatus = CHARGING, .batteryHealth = GOOD, .batteryPresent = true, .batteryLevel = 82, .batteryVoltage = 4095, .batteryTemperature = 353, .batteryCurrent = 96, .batteryCycleCount = 0, .batteryFullCharge = 5000000, .batteryChargeCounter = 4145000, .batteryTechnology = Li-ion}
07-22 22:25:29.818  1388  1563 D BatteryService: online:4, current avg:80, charge type:1, POGO powered:false, power sharing:false, high voltage charger:false, charger_type:0, capacity:280000, misc_event:0x10000, current_event:0x0, current_now:96
07-22 22:25:29.823  1388  1553 D MotionRecognitionService:   onReceive : ACTION_BATTERY_CHANGED, Plugged: 2
07-22 22:25:29.823  1388  1553 I MotionRecognitionService: [TA] In/out: true, curr state: 1
07-22 22:25:29.824  1388  1388 D PhoneWindowManagerExt: ACTION_BATTERY_CHANGED - Level=82, status=2
07-22 22:25:29.825  1388  1388 D SemWifiApBroadcastReceiver: Received : android.intent.action.BATTERY_CHANGED
07-22 22:25:29.826  1388  1388 D AdaptiveBrightnessLongtermModelBuilder: Received android.intent.action.BATTERY_CHANGED
07-22 22:25:29.828  1778  1778 I PowerUI : BATTERY_HEALTH_CHECK extraHealth=2 mBatteryMiscEvent=65536
07-22 22:25:29.828  1756  1756 D SemBigDataInfoController: Intent : android.intent.action.BATTERY_CHANGED
07-22 22:25:29.829  1778  1778 D PowerUI : priorPlugType = 2 mPlugType = 2 priorBatteryStatus = 2 mBatteryStatus = 2
07-22 22:25:29.830  1756  1756 D SemBigDataInfoController: Intent : android.intent.action.BATTERY_CHANGED
07-22 22:25:29.831  1778  1778 D PowerUI.Notification: showChargingNotice oldChargingType : 1 currentChargingType : 1 oldChargingTime : 4971000 mChargingTime : 4971000
07-22 22:25:29.831  1778  1778 D PowerUI.Notification: There is no change about charging status, so return!
07-22 22:25:29.831  1778  1778 D PowerUI : Battery swelling mode - priorBatterySwellingMode = 0 mBatterySwellingMode = 0 mBatteryStatus = 2
07-22 22:25:29.831  1778  1778 I PowerUI : mBatteryMiscEvent = 65536
07-22 22:25:29.835  1778  1778 D KeyguardUpdateMonitor: received broadcast android.intent.action.BATTERY_CHANGED
07-22 22:25:29.836  1778  1778 I AODBatteryManager: updateBatteryData: ACTION_BATTERY_CHANGED
07-22 22:25:29.839  1778  1778 I AODBatteryManager: saveBatteryData : AOD BatteryData [mBatteryLevel=82, mBatteryStatus=CHARGING, mBatteryPlugType=USB, mBatteryPlugged=true, mRemainingChargeTime=4971000, mBatteryChargingType=1, mBatteryChargerType=NORMAL, mBatteryOnline=USB, mBatterySwellingMode=NONE]
07-22 22:25:29.855  1778  1778 D KeyguardUpdateMonitor: handleBatteryUpdate
07-22 22:25:29.865   828   880 I BufferQueueProducer: [StatusBar$_1778#0](this:0xb400007d44ee2c58,id:7,api:1,p:1778,c:828) queueBuffer: fps=0.65 dur=1534.22 max=1534.22 min=1534.22
07-22 22:25:29.879   773   858 I hwcomposer: [HWCDisplay] [Display_0 (type:1)] fps:0.652943,dur:1531.53,max:1531.53,min:1531.53  
07-22 22:25:29.884   828   828 I SurfaceFlinger: operator()(), mtkRenderCntDebug 81744, screenshot (com.nighteyecare.app/com.nighteyecare.app.ui.activities.MainActivity$_18947#0)
07-22 22:25:30.026   897  1047 D connsyslogger: SD_LOG_ROOT is /data/debuglogger/connsyslog/fw.
07-22 22:25:30.026   897  1047 D connsyslogger: systemReady:1
07-22 22:25:30.416  1778  1995 D NetworkController.SecMobileSignalController(0/2147483647): onSignalStrengthsChanged level=3
07-22 22:25:30.417  1778  1995 D NetworkController.SecMobileSignalController(0/2147483647): Display signal bar by emergency only[true][true]
07-22 22:25:30.417  1778  1995 D MobileSignalIconsSelector: getDataIconGroup(): 0
07-22 22:25:30.885  1388  1388 E Native_CFMS: nativePerfMgrRemoveTask    Fail    tid : -1    return : -1
07-22 22:25:31.314  1388  1618 E WifiVendorHal: getWifiLinkLayerStats_1_3_Internal(l.974) failed {.code = ERROR_NOT_SUPPORTED, .description = }
07-22 22:25:31.882  1388  1680 D WifiConnectivityMonitor: start WCM Poll.
07-22 22:25:31.882  1388  1680 D WifiConnectivityMonitor: RSSI_BASE_STOP
07-22 22:25:32.026   897  1047 D connsyslogger: SD_LOG_ROOT is /data/debuglogger/connsyslog/fw.
07-22 22:25:32.026   897  1047 D connsyslogger: systemReady:1
07-22 22:25:32.101  1388  1397 I system_server: Background young concurrent copying GC freed 306768(19MB) AllocSpace objects, 143(3436KB) LOS objects, 24% free, 72MB/95MB, paused 501us total 219.950ms
07-22 22:25:32.433   897   897 D connsyslogger: Open FIFO for close
