07-22 22:24:48.836  4018  5052 I SDHMS:F : 34 > surface_temperature_1
07-22 22:24:48.837  4018  5052 I SDHMS:F : writeSysfs:: path() : /sys/class/audio/amp/surface_temperature_1 exist() : false canWrite() : false
07-22 22:24:48.837  4018  5052 I SDHMS:F : SIOP:: AP:332(424,100) BAT:353(353,0) USB:0(0,0) CHG:403(403,0) PA:390(390,0) BLK:0(0,0) SUBBAT:0(0,0) LRP:389(389,0) LRP2:387(387,0) LRF:388(388) LRB:389(389) AP2:387(387) CHG2:382(382) WIFI2:378(378) SPK2:344(344) 
07-22 22:24:48.939  1388  1436 D PowerManagerService: UserActivityStateListenerState: 0
07-22 22:24:49.078  1388  1618 E WifiVendorHal: getWifiLinkLayerStats_1_3_Internal(l.974) failed {.code = ERROR_NOT_SUPPORTED, .description = }
07-22 22:24:49.320  1388  1562 D InputReader: Btn_touch(8): value=1 when=86108.428533
07-22 22:24:49.320  1388  1562 I InputReader: Touch event's action is 0x0 (id=3, t=0) [pCnt=1, s=0.6099 ] when=86108.428533
07-22 22:24:49.320  1388  1561 I InputDispatcher: Delivering touch to (1778): action: 0x4, f=0x0, d=0, '37d79f9', t=1 
07-22 22:24:49.320  1388  1561 I InputDispatcher: Delivering touch to (18947): action: 0x0, f=0x0, d=0, '7098436', t=1 
07-22 22:24:49.321 18947 18947 I ViewRootImpl@3b73a3[MainActivity]: ViewPostIme pointer 0
07-22 22:24:49.321  2312  2312 W RecentsAnimationDeviceState: isInSwipeUpTouchRegion = false
07-22 22:24:49.321  2312  2312 W TouchInteractionService: onInputEvent, inputConsumer = com.android.quickstep.-$$Lambda$InputConsumer$pgTpBxbssXPLgozwhOXQifnNImE@66be15e
07-22 22:24:49.321  1388  1561 D PowerManagerService: UserActivityStateListenerState: 1
07-22 22:24:49.345   828   879 I BufferQueueProducer: [com.nighteyecare.app/com.nighteyecare.app.ui.activities.MainActivity$_18947#0](this:0xb400007c92ae4c58,id:1998,api:1,p:18947,c:828) queueBuffer: fps=12.92 dur=3714.44 max=3067.46 min=6.01
07-22 22:24:49.363   773   858 I hwcomposer: [HWCDisplay] [Display_0 (type:1)] fps:13.979109,dur:1430.71,max:926.75,min:5.95  
07-22 22:24:49.370  1388  1562 D InputReader: Btn_touch(8): value=0 when=86108.479226
07-22 22:24:49.370  1388  1562 I InputReader: Touch event's action is 0x1 (id=3, t=0) [pCnt=1, s=] when=86108.479226
07-22 22:24:49.370   828   828 I SurfaceFlinger: operator()(), mtkRenderCntDebug 81717, screenshot (com.nighteyecare.app/com.nighteyecare.app.ui.activities.MainActivity$_18947#0)
07-22 22:24:49.371  1388  1561 I InputDispatcher: Delivering touch to (18947): action: 0x1, f=0x0, d=0, '7098436', t=1 
07-22 22:24:49.371 18947 18947 I ViewRootImpl@3b73a3[MainActivity]: ViewPostIme pointer 1
07-22 22:24:49.374  2312  2312 W TouchInteractionService: reset
07-22 22:24:49.375  1388  3800 I ActivityTaskManager: START u0 {cmp=com.nighteyecare.app/.ui.activities.PresetInfoActivity} from uid 11147
07-22 22:24:49.376  1388  3800 D ActivityTaskManager: TaskLaunchParamsModifier:task=null activity=ActivityRecord{e56ae79 u0 com.nighteyecare.app/.ui.activities.PresetInfoActivity display-area-from-source=DefaultTaskDisplayArea@18790930 task-display-area=DefaultTaskDisplayArea@18790930 display-area-windowing-mode=1
07-22 22:24:49.377  1388  3800 D ActivityTaskManager: TaskLaunchParamsModifier:task=Task{fd65bf0 #529 visible=false type=standard mode=fullscreen translucent=true A=11147:com.nighteyecare.app U=0 StackId=529 sz=1} activity=ActivityRecord{e56ae79 u0 com.nighteyecare.app/.ui.activities.PresetInfoActivity t-1} display-from-task=0 task-display-area=DefaultTaskDisplayArea@18790930 display-area-windowing-mode=1 inherit-from-source=fullscreen activity-options-fullscreen=Rect(0, 0 - 0, 0) non-freeform-display maximized-bounds
07-22 22:24:49.377  1388  3800 I SemDvfsHyPerManager: acquire hyper - AMS_ACT_START/1388@19, type = -999
07-22 22:24:49.377  1388  3800 D ActivityManagerPerformance: AMP_acquire() ACT_START
07-22 22:24:49.377   779   805 I HYPER-HAL: [RequestManager.cpp]acquire(): Acquired ID : 990547  [1388 / 19]    HINT : AMS_ACT_START    list : 
07-22 22:24:49.378   779   805 I mtkpower_client: perf_lock_acq, hdl:0, dur:0, num:2, tid:805
07-22 22:24:49.379   828   879 I SurfaceFlinger: id=10331 createSurf (0x0),-1 flag=80004, ActivityRecord{e56ae79 u0 com.nighteyecare.app/.ui.activities.PresetInfoActivity t529}#0
07-22 22:24:49.379   784   844 I libPowerHal: [perfLockAcq] idx:0 hdl:4268 hint:-1 pid:779 duration:0 => ret_hdl:4268
07-22 22:24:49.380   784   844 I libPowerHal: [PE] scn:0 hdl:4268 lock_user:vendor.samsung. pid:779 tid:805 dur:0
07-22 22:24:49.380   784   844 I libPowerHal: vendor.samsung.: cpu_ctrl set cpu freq: 1800000 -1 -1 -1
07-22 22:24:49.380   779   805 I mtkpower_client: ret_hdl:4268
07-22 22:24:49.380   779   805 I mtkpower_client: perf_lock_acq, hdl:0, dur:0, num:2, tid:805
07-22 22:24:49.381   779   805 I mtkpower_client: ret_hdl:4269
07-22 22:24:49.381   784   802 I mtkpower@impl: [setMode] type:5, enabled:1
07-22 22:24:49.381   779   805 I mtkpower_client: perf_lock_acq, hdl:0, dur:0, num:2, tid:805
07-22 22:24:49.381   784   844 I libPowerHal: [perfLockAcq] idx:1 hdl:4269 hint:-1 pid:779 duration:0 => ret_hdl:4269
07-22 22:24:49.381   784   844 I libPowerHal: [PE] scn:1 hdl:4269 lock_user:vendor.samsung. pid:779 tid:805 dur:0
07-22 22:24:49.381   784   844 I libPowerHal: [PE] vendor.samsung. update cmd:1c3c000, param:0
07-22 22:24:49.381  1388  3800 V WindowManager: Prepare app transition: transit=TRANSIT_ACTIVITY_OPEN mNextAppTransition=TRANSIT_UNSET alwaysKeepCurrent=false displayId=0 Callers=com.android.server.wm.DisplayContent.prepareAppTransition:5809 com.android.server.wm.DisplayContent.prepareAppTransition:5803 com.android.server.wm.ActivityStack.startActivityLocked:2595 com.android.server.wm.ActivityStarter.startActivityInner:2674 com.android.server.wm.ActivityStarter.startActivityUnchecked:2197 
07-22 22:24:49.381   784   844 I libPowerHal: [PE] (less) /proc/mcdi/state set +prefix:enable 0;
07-22 22:24:49.382   779   805 I mtkpower_client: ret_hdl:4270
07-22 22:24:49.382   784   844 I libPowerHal: [perfLockAcq] idx:2 hdl:4270 hint:-1 pid:779 duration:0 => ret_hdl:4270
07-22 22:24:49.382   784   844 I libPowerHal: [PE] scn:2 hdl:4270 lock_user:vendor.samsung. pid:779 tid:805 dur:0
07-22 22:24:49.382   784   844 I libPowerHal: [PE] vendor.samsung. update cmd:1000000, param:0
07-22 22:24:49.382   784   844 I libPowerHal: [PE] vendor.samsung. update cmd:1000000 param:0
07-22 22:24:49.384   754   761 E statsd  : Predicate 5980654721335871649 dropping data for dimension key (10)0x2010101->11147[I] (10)0x30000->*launch*[S] 
07-22 22:24:49.384   754   761 E statsd  : Predicate -7037417284711607308 dropping data for dimension key (10)0x2010101->11147[I] (10)0x30000->*launch*[S] 
07-22 22:24:49.391  1388  3873 D MARsPolicyManager: onPackageResumedFG pkgName = com.nighteyecare.app, userId = 0
07-22 22:24:49.392  1388  3873 V WindowManager: Prepare app transition: transit=TRANSIT_ACTIVITY_OPEN mNextAppTransition=TRANSIT_ACTIVITY_OPEN alwaysKeepCurrent=false displayId=0 Callers=com.android.server.wm.DisplayContent.prepareAppTransition:5809 com.android.server.wm.DisplayContent.prepareAppTransition:5803 com.android.server.wm.ActivityStack.resumeTopActivityInnerLocked:2255 com.android.server.wm.ActivityStack.resumeTopActivityUncheckedLocked:1873 com.android.server.wm.RootWindowContainer.resumeFocusedStacksTopActivities:2677 
07-22 22:24:49.392  1388  3873 W ActivityTaskManager: Tried to set launchTime (0) < mLastActivityLaunchTime (86078715)
07-22 22:24:49.393  1388  3873 V WindowManager: rotationForOrientation(orient=SCREEN_ORIENTATION_UNSPECIFIED (-1), last=ROTATION_0 (0)); user=ROTATION_0 (0) USER_ROTATION_LOCKED
07-22 22:24:49.393  1388  3873 D WindowManager: rotationForOrientation, orientationSource=ActivityRecord{e56ae79 u0 com.nighteyecare.app/.ui.activities.PresetInfoActivity t529}
07-22 22:24:49.393  1388  3873 V WindowOrientationListener: getProposedRotation: -1
07-22 22:24:49.393  1388  3873 V WindowManager: rotationForOrientation(orient=SCREEN_ORIENTATION_UNSPECIFIED (-1), last=ROTATION_0 (0)); user=ROTATION_0 (0) USER_ROTATION_LOCKED
07-22 22:24:49.393  1388  3873 D WindowManager: rotationForOrientation, orientationSource=ActivityRecord{e56ae79 u0 com.nighteyecare.app/.ui.activities.PresetInfoActivity t529}
07-22 22:24:49.393  1388  3873 V WindowOrientationListener: getProposedRotation: -1
07-22 22:24:49.394  1388  3873 V WindowManager: Computed rotation=ROTATION_0 (0) for display id=0 based on lastOrientation=SCREEN_ORIENTATION_UNSPECIFIED (-1) and oldRotation=ROTATION_0 (0), caller=com.android.server.wm.DisplayRotation.updateOrientation:394 com.android.server.wm.DisplayContent.updateOrientation:1698 com.android.server.wm.DisplayContent.updateOrientation:1626 com.android.server.wm.RootWindowContainer.ensureVisibilityAndConfig:2164 com.android.server.wm.ActivityStackSupervisor.realStartActivityLocked:932 com.android.server.wm.ActivityStackSupervisor.startSpecificActivity:1247 
07-22 22:24:49.394  1388  3873 D TspStateManager: updateCustomValue customSetting=
07-22 22:24:49.395  1388  3873 V WindowManager: rotationForOrientation(orient=SCREEN_ORIENTATION_UNSPECIFIED (-1), last=ROTATION_0 (0)); user=ROTATION_0 (0) USER_ROTATION_LOCKED
07-22 22:24:49.395  1388  3873 D WindowManager: rotationForOrientation, orientationSource=ActivityRecord{e56ae79 u0 com.nighteyecare.app/.ui.activities.PresetInfoActivity t529}
07-22 22:24:49.395  1388  3873 V WindowOrientationListener: getProposedRotation: -1
07-22 22:24:49.395  1388  3873 D TspStateManager: updateCustomValue customSetting=
07-22 22:24:49.396  1388  3873 D PkgDataHelper: notifyAppCreate(), pkgName: com.nighteyecare.app, sendRet: true
07-22 22:24:49.396  1388  1580 D GameManagerService: onLooperPrepared(), msg: MSG_APP_CREATE, pkgName: com.nighteyecare.app
07-22 22:24:49.397  1388  3873 D InputDispatcher: Focused application set to (0): e56ae79
07-22 22:24:49.398  1388  3873 V WindowManager: Changing focus from Window{7098436 u0 com.nighteyecare.app/com.nighteyecare.app.ui.activities.MainActivity} to null displayId=0 Callers=com.android.server.wm.RootWindowContainer.updateFocusedWindowLocked:566 com.android.server.wm.WindowManagerService.updateFocusedWindowLocked:6311 com.android.server.wm.DisplayContent.setFocusedApp:6775 com.android.server.wm.ActivityTaskManagerService.setResumedActivityUncheckLocked:6725 
07-22 22:24:49.398  1388  3873 D StatusBarManagerService: notifyRequestedSystemKey recent=false home=false
07-22 22:24:49.399  1388  3873 D MARsPolicyManager: onPackageResumedFG pkgName = com.nighteyecare.app, userId = 0
07-22 22:24:49.400  1388  3873 W WindowManager: Execute app transition: mNextAppTransition=TRANSIT_ACTIVITY_OPEN, displayId: 0 Callers=com.android.server.wm.RootWindowContainer.executeAppTransitionForAllDisplay:2598 com.android.server.wm.ActivityStackSupervisor.reportResumedActivityLocked:2274 com.android.server.wm.ActivityRecord.completeResumeLocked:5710 com.android.server.wm.ActivityStack.minimalResumeActivityLocked:1225 com.android.server.wm.ActivityStackSupervisor.realStartActivityLocked:1160 
07-22 22:24:49.411  1388  1407 D GameManagerService: notePauseComponent(), received paused-component: com.nighteyecare.app
07-22 22:24:49.413  1388  3905 I InputDispatcher: Focus left window (18947): 7098436 in display 0 0
07-22 22:24:49.414 18947 31668 D libMEOW : applied 1 plugins for [com.nighteyecare.app]:
07-22 22:24:49.414 18947 31668 D libMEOW :   plugin 1: [libMEOW_gift.so]:
07-22 22:24:49.420  1388  1407 I GameSDK@LifeCycle: noteResumeComponent(): package name  : com.nighteyecare.app
07-22 22:24:49.420  1388  1407 D GameManagerService: noteResumeComponent(), received resumed-component: com.nighteyecare.app
07-22 22:24:49.421  1388  1580 D GameManagerService: onLooperPrepared(), msg: MSG_APP_RESUME, resumeComponent: ComponentInfo{com.nighteyecare.app/com.nighteyecare.app.ui.activities.PresetInfoActivity}
07-22 22:24:49.421  1388  1580 D GameManagerService: handleResume().
07-22 22:24:49.421  1388  1580 D GameManagerService: sendFocusOutConditionally() - mPrevNotiPackage: (unknown)
07-22 22:24:49.421  1388  1580 D GameManagerService:   handleResume(). pkgName: com.nighteyecare.app, isTunableApp: null
07-22 22:24:49.421  1388  1580 D GameManagerService: notifyFocusInOut(). of pkg: com.nighteyecare.app, type: 4, isMinimized: false, isTunableApp: false
07-22 22:24:49.421  1388  1580 D GameManagerService:   notifyFocusInOut(). unexpected mPrevNotiType: -1
07-22 22:24:49.421  1388  1580 D GameManagerService:NetworkLimit: callRelease
07-22 22:24:49.421  1388  1580 D GM:SystemHelper: callReleaseBlock needReleaseBlock:false
07-22 22:24:49.421  1388  1388 I CocktailBarManagerServiceContainer: handleMessage: entry what = 5
07-22 22:24:49.444 18947 18947 D ScrollView: initGoToTop
07-22 22:24:49.448  1778  1995 D NetworkController.SecMobileSignalController(0/2147483647): onSignalStrengthsChanged level=2
07-22 22:24:49.449  1778  1995 D NetworkController.SecMobileSignalController(0/2147483647): Display signal bar by emergency only[true][true]
07-22 22:24:49.449  1778  1995 D MobileSignalIconsSelector: getDataIconGroup(): 0
07-22 22:24:49.481 18947 18947 I DecorView: [INFO] isPopOver=false, config=true
07-22 22:24:49.481 18947 18947 I DecorView: updateCaptionType >> DecorView@a470e81[], isFloating=false, isApplication=true, hasWindowDecorCaption=false, hasWindowControllerCallback=true
07-22 22:24:49.481 18947 18947 D DecorView: setCaptionType = 0, this = DecorView@a470e81[]
07-22 22:24:49.501   597   597 I io_stats: !@ 179,0 r 5674606 77035190 w 1299273 16868952 d 490783 15140624 f 536106 142697 iot 2415864 2341604 th 51200 0 0 pt 0 inp 0 0 86108.609
07-22 22:24:49.520   828   879 I SurfaceFlinger: [SF client] NEW(0xb400007c92906080) for (18947:com.nighteyecare.app)
07-22 22:24:49.523 18947 29839 D NativeCustomFrequencyManager: [NativeCFMS] BpCustomFrequencyManager::BpCustomFrequencyManager()
07-22 22:24:49.526  1388  3905 D InputTransport: Input channel constructed: '3835f6c', fd=513
07-22 22:24:49.526  1388  3905 D InputTransport: Input channel constructed: '3835f6c', fd=520
07-22 22:24:49.526   828   880 I SurfaceFlinger: id=10332 createSurf (0x0),-1 flag=80004, 3835f6c com.nighteyecare.app/com.nighteyecare.app.ui.activities.PresetInfoActivity#0
07-22 22:24:49.527  1388  3905 D WindowManager: isScreenshotDisabledLocked - win: Window{3835f6c u0 com.nighteyecare.app/com.nighteyecare.app.ui.activities.PresetInfoActivity}
07-22 22:24:49.527  1388  3905 D WindowManager: isScreenshotDisabledLocked: userId = 0, disabled =false
07-22 22:24:49.527  1388  3905 D InputTransport: Input channel destroyed: '3835f6c', fd=520
07-22 22:24:49.528 18947 18947 D InputTransport: Input channel constructed: '3835f6c', fd=99
07-22 22:24:49.530 18947 18947 I ViewRootImpl@598bef3[PresetInfoActivity]: setView = com.android.internal.policy.DecorView@a470e81 TM=true
07-22 22:24:49.540  1388  3905 V WindowManager: Relayout Window{3835f6c u0 com.nighteyecare.app/com.nighteyecare.app.ui.activities.PresetInfoActivity}: viewVisibility=0 req=1080x2400
07-22 22:24:49.542  1388  3905 D WindowManager: isScreenshotDisabledLocked - win: Window{3835f6c u0 com.nighteyecare.app/com.nighteyecare.app.ui.activities.PresetInfoActivity}
07-22 22:24:49.542  1388  3905 D WindowManager: isScreenshotDisabledLocked: userId = 0, disabled =false
07-22 22:24:49.543   828   880 I BufferQueue: [unnamed-828-2004](this:0xb400007c92ae5a58,id:2004,api:0,p:-1,c:-1) BufferQueue core=(828:/system/bin/surfaceflinger)
07-22 22:24:49.543   828   880 I SurfaceFlinger: id=10333 createSurf (1080x2400),1 flag=404, com.nighteyecare.app/com.nighteyecare.app.ui.activities.PresetInfoActivity$_18947#0
07-22 22:24:49.544  1388  3905 D WindowManager: makeSurface duration=2 name=com.nighteyecare.app/com.nighteyecare.app.ui.activities.PresetInfoActivity$_18947
07-22 22:24:49.545  1388  3905 V WindowManager: Changing focus from null to Window{3835f6c u0 com.nighteyecare.app/com.nighteyecare.app.ui.activities.PresetInfoActivity} displayId=0 Callers=com.android.server.wm.RootWindowContainer.updateFocusedWindowLocked:566 com.android.server.wm.WindowManagerService.updateFocusedWindowLocked:6311 com.android.server.wm.WindowManagerService.relayoutWindow:2713 com.android.server.wm.Session.relayout:219 
07-22 22:24:49.546  1388 31669 I SystemUiVisibilityPolicyController: handleMessage: entry what = 1
07-22 22:24:49.546  1388  3905 I WindowManager: Cancelling animation restarting=true, leash=Surface(name=Surface(name=67e5eef StatusBar)/@0x1b6d8ae - animation-leash)/@0x759b207
07-22 22:24:49.546  1388  3905 I WindowManager: Reparenting to original parent: Surface(name=WindowToken{6bfd4d0 android.os.BinderProxy@f72e6b8})/@0x573764f, destroy=false, surface=Surface(name=67e5eef StatusBar)/@0x1b6d8ae
07-22 22:24:49.547  1388  3905 I SurfaceControl: nativeRelease nativeObject s[-5476376610860488512]
07-22 22:24:49.547  1388  3905 I SurfaceControl: nativeRelease nativeObject e[-5476376610860488512]
07-22 22:24:49.547  1388  3905 I WindowManager: Reparenting to leash, surface=Surface(name=67e5eef StatusBar)/@0x1b6d8ae, leashParent=Surface(name=WindowToken{6bfd4d0 android.os.BinderProxy@f72e6b8})/@0x573764f
07-22 22:24:49.547   828   880 I SurfaceFlinger: id=10334 createSurf (0x0),-1 flag=24000, Surface(name=67e5eef StatusBar)/@0x1b6d8ae - animation-leash#0
07-22 22:24:49.547  1388  3905 D WindowManager: makeSurface duration=0 leash=Surface(name=Surface(name=67e5eef StatusBar)/@0x1b6d8ae - animation-leash)/@0x4b5ef3b
07-22 22:24:49.548   828   828 I SurfaceFlinger: operator()(), mtkRenderCntDebug 81718, screenshot (com.nighteyecare.app/com.nighteyecare.app.ui.activities.MainActivity$_18947#0)
07-22 22:24:49.548  1388  3905 I WindowManager: Cancelling animation restarting=true, leash=Surface(name=Surface(name=37d79f9 NavigationBar0)/@0x29b286b - animation-leash)/@0x32c515d
07-22 22:24:49.548  1388  3905 I WindowManager: Reparenting to original parent: Surface(name=WindowToken{ee158c0 android.os.BinderProxy@2dd93f2})/@0x22ffc8, destroy=false, surface=Surface(name=37d79f9 NavigationBar0)/@0x29b286b
07-22 22:24:49.548  1388  3905 I SurfaceControl: nativeRelease nativeObject s[-5476376610860487936]
07-22 22:24:49.548  1388  3905 I SurfaceControl: nativeRelease nativeObject e[-5476376610860487936]
07-22 22:24:49.548  1388  3905 I WindowManager: Reparenting to leash, surface=Surface(name=37d79f9 NavigationBar0)/@0x29b286b, leashParent=Surface(name=WindowToken{ee158c0 android.os.BinderProxy@2dd93f2})/@0x22ffc8
07-22 22:24:49.547  8343  8343 I TrayStateController: systemUiVisibilityChanged : 0 0
07-22 22:24:49.551   828   880 I SurfaceFlinger: id=10335 createSurf (0x0),-1 flag=24000, Surface(name=37d79f9 NavigationBar0)/@0x29b286b - animation-leash#0
07-22 22:24:49.552  1388  3905 D WindowManager: makeSurface duration=4 leash=Surface(name=Surface(name=37d79f9 NavigationBar0)/@0x29b286b - animation-leash)/@0xdbab3b1
07-22 22:24:49.552  1388  3905 D StatusBarManagerService: notifyRequestedSystemKey recent=false home=false
07-22 22:24:49.554  1388  3905 V WindowManager: Relayout hash=3835f6c, pid=18947: mAttrs={(0,0)(fillxfill) sim={adjust=resize forwardNavigation} ty=BASE_APPLICATION wanim=0x1030304
07-22 22:24:49.554  1388  3905 V WindowManager:   fl=81810100
07-22 22:24:49.554  1388  3905 V WindowManager:   pfl=12020000
07-22 22:24:49.554  1388  3905 V WindowManager:   fitSides= naviIconColor=0}
07-22 22:24:49.554  1388  3905 I SurfaceControl: nativeRelease nativeObject s[-5476376608631303776]
07-22 22:24:49.554  1388  3905 I SurfaceControl: nativeRelease nativeObject e[-5476376608631303776]
07-22 22:24:49.555   828   880 I Layer   : id=10315 removeFromCurrentState Surface(name=67e5eef StatusBar)/@0x1b6d8ae - animation-leash#1 (79)
07-22 22:24:49.555   828   880 I Layer   : id=10316 removeFromCurrentState Surface(name=37d79f9 NavigationBar0)/@0x29b286b - animation-leash#1 (79)
07-22 22:24:49.557 18947 18947 I SurfaceControl: assignNativeObject: nativeObject = 0 Surface(name=null)/@0x8eb196b / android.view.SurfaceControl.readFromParcel:1117 android.view.IWindowSession$Stub$Proxy.relayout:1820 android.view.ViewRootImpl.relayoutWindow:9005 android.view.ViewRootImpl.performTraversals:3360 android.view.ViewRootImpl.doTraversal:2618 android.view.ViewRootImpl$TraversalRunnable.run:9971 android.view.Choreographer$CallbackRecord.run:1010 android.view.Choreographer.doCallbacks:809 android.view.Choreographer.doFrame:744 android.view.Choreographer$FrameDisplayEventReceiver.run:995 
07-22 22:24:49.558 18947 18947 I ViewRootImpl@598bef3[PresetInfoActivity]: Relayout returned: old=(0,0,1080,2400) new=(0,0,1080,2400) req=(1080,2400)0 dur=18 res=0x7 s={true -5476376608631255040} ch=true fn=-1
07-22 22:24:49.562 18947 18947 D ScrollView:  onsize change changed 
07-22 22:24:49.578  1388  3905 E Native_CFMS: nativePerfMgrAddTask    Fail    tid : 18947    return : -1
07-22 22:24:49.579  1388  3905 E Native_CFMS: nativePerfMgrAddTask    Fail    tid : 29839    return : -1
07-22 22:24:49.579 18947 29839 D OpenGLRenderer: GPIS:: SetUp Pid : 18947    Tid : 29839
07-22 22:24:49.581  1388  3873 D WindowManager: finishDrawingWindow: Window{3835f6c u0 com.nighteyecare.app/com.nighteyecare.app.ui.activities.PresetInfoActivity} mDrawState=DRAW_PENDING
07-22 22:24:49.585  1388  1408 D WindowManager: prepareDimAnimOnAnimating owner = ActivityRecord{12a880c u0 com.nighteyecare.app/.ui.activities.MainActivity t529}
07-22 22:24:49.586  1388  1408 I WindowManager: Reparenting to leash, surface=Surface(name=ActivityRecord{12a880c u0 com.nighteyecare.app/.ui.activities.MainActivity t529})/@0x5b9a6d4, leashParent=Surface(name=Task=529)/@0x6f9823
07-22 22:24:49.586 18947 18947 I ViewRootImpl@3b73a3[MainActivity]: MSG_WINDOW_FOCUS_CHANGED 0 1
07-22 22:24:49.586   828   880 I SurfaceFlinger: id=10336 createSurf (0x0),-1 flag=24000, Surface(name=ActivityRecord{12a880c u0 com.nighteyecare.app/.ui.activities.MainActivity t529})/@0x5b9a6d4 - animation-leash#0
07-22 22:24:49.587  1388  1408 D WindowManager: makeSurface duration=1 leash=Surface(name=Surface(name=ActivityRecord{12a880c u0 com.nighteyecare.app/.ui.activities.MainActivity t529})/@0x5b9a6d4 - animation-leash)/@0xee50ab3
07-22 22:24:49.587  1388  1408 D WindowManager: startDimAnimation owner = ActivityRecord{12a880c u0 com.nighteyecare.app/.ui.activities.MainActivity t529}
07-22 22:24:49.588   828   880 I SurfaceFlinger: id=10337 createSurf (0x0),-1 flag=20004, Dim Layer for - Task=529 - animating-dim#0
07-22 22:24:49.588  1388  1408 I WindowManager: Reparenting to leash, surface=Surface(name=Dim Layer for - Task=529 - animating-dim)/@0xa3a4870, leashParent=Surface(name=Task=529)/@0x6f9823
07-22 22:24:49.589   828   880 I SurfaceFlinger: id=10338 createSurf (0x0),-1 flag=24000, Surface(name=Dim Layer for - Task=529 - animating-dim)/@0xa3a4870 - animation-leash#0
07-22 22:24:49.589  1388  1408 D WindowManager: makeSurface duration=1 leash=Surface(name=Surface(name=Dim Layer for - Task=529 - animating-dim)/@0xa3a4870 - animation-leash)/@0x38327e9
07-22 22:24:49.590   828   880 I SurfaceFlinger: id=10339 createSurf (0x0),-1 flag=80004, Surface(name=ActivityRecord{12a880c u0 com.nighteyecare.app/.ui.activities.MainActivity t529})/@0x5b9a6d4 - animation-bounds#0
07-22 22:24:49.593  1388  1408 I WindowManager: Reparenting to leash, surface=Surface(name=ActivityRecord{e56ae79 u0 com.nighteyecare.app/.ui.activities.PresetInfoActivity t529})/@0xc6ab588, leashParent=Surface(name=Task=529)/@0x6f9823
07-22 22:24:49.593   828   880 I SurfaceFlinger: id=10340 createSurf (0x0),-1 flag=24004, Surface(name=ActivityRecord{e56ae79 u0 com.nighteyecare.app/.ui.activities.PresetInfoActivity t529})/@0xc6ab588 - animation-leash#0
07-22 22:24:49.594  1388  1408 D WindowManager: makeSurface duration=0 leash=Surface(name=Surface(name=ActivityRecord{e56ae79 u0 com.nighteyecare.app/.ui.activities.PresetInfoActivity t529})/@0xc6ab588 - animation-leash)/@0xbeeeb21
07-22 22:24:49.594   828   880 I SurfaceFlinger: id=10341 createSurf (0x0),-1 flag=80004, Surface(name=ActivityRecord{e56ae79 u0 com.nighteyecare.app/.ui.activities.PresetInfoActivity t529})/@0xc6ab588 - animation-bounds#0
07-22 22:24:49.596  1388  1408 D PkgPredictorService: pkg:com.nighteyecare.app activity:com.nighteyecare.app.ui.activities.PresetInfoActivity thisTime:221
07-22 22:24:49.597  1388  1415 I ActivityTaskManager: Displayed com.nighteyecare.app/.ui.activities.PresetInfoActivity: +221ms
07-22 22:24:49.597  1388  1415 I Pageboost: Launch time gathered : pid 18947 com.nighteyecare.app 221
07-22 22:24:49.597  2811  2811 E pageboostd: Received HALT command code 2
07-22 22:24:49.601  1388  3905 I InputDispatcher: Focus entered window (18947): 3835f6c in display 0 0
07-22 22:24:49.605 18947 18947 I SurfaceControl: nativeRelease nativeObject s[-5476376608503547424]
07-22 22:24:49.605 18947 18947 I SurfaceControl: nativeRelease nativeObject e[-5476376608503547424]
07-22 22:24:49.605 18947 18947 I SurfaceControl: nativeRelease nativeObject s[-5476376608503548384]
07-22 22:24:49.605 18947 18947 I SurfaceControl: nativeRelease nativeObject e[-5476376608503548384]
07-22 22:24:49.605   828   880 I SurfaceFlinger: id=10316 Removed Surface(name=37d79f9 NavigationBar0)/@0x29b286b - animation-leash#1 (85)
07-22 22:24:49.605 18947 18947 I SurfaceControl: nativeRelease nativeObject s[-5476376608503547040]
07-22 22:24:49.605 18947 18947 I SurfaceControl: nativeRelease nativeObject e[-5476376608503547040]
07-22 22:24:49.606   828   880 I SurfaceFlinger: id=10315 Removed Surface(name=67e5eef StatusBar)/@0x1b6d8ae - animation-leash#1 (85)
07-22 22:24:49.608 18947 18947 I ViewRootImpl@598bef3[PresetInfoActivity]: MSG_WINDOW_FOCUS_CHANGED 1 1
07-22 22:24:49.608 20805 20805 D BoundBrokerSvc: onUnbind: Intent { act=com.google.android.gms.safetynet.service.START pkg=com.google.android.gms }
07-22 22:24:49.609 18947 18947 D InputMethodManager: prepareNavigationBarInfo() DecorView@a470e81[PresetInfoActivity]
07-22 22:24:49.609 18947 18947 D InputMethodManager: getNavigationBarColor() -16711423
07-22 22:24:49.610 18947 18947 D InputMethodManager: prepareNavigationBarInfo() DecorView@a470e81[PresetInfoActivity]
07-22 22:24:49.610 18947 18947 D InputMethodManager: getNavigationBarColor() -16711423
07-22 22:24:49.610 18947 18947 V InputMethodManager: Starting input: tba=com.nighteyecare.app ic=null mNaviBarColor -16711423 mIsGetNaviBarColorSuccess true , NavVisible : true , NavTrans : false
07-22 22:24:49.610 18947 18947 D InputMethodManager: startInputInner - Id : 0
07-22 22:24:49.611 18947 18947 I InputMethodManager: startInputInner - mService.startInputOrWindowGainedFocus
07-22 22:24:49.612   828   828 I Layer   : id=10315[1] Destroyed Surface(name=67e5eef StatusBar)/@0x1b6d8ae - animation-leash#1
07-22 22:24:49.612   828   828 I Layer   : id=10316[1] Destroyed Surface(name=37d79f9 NavigationBar0)/@0x29b286b - animation-leash#1
07-22 22:24:49.612  1388  2071 D InputMethodManagerService: mSecureKeypadEnabled = false
07-22 22:24:49.613  1388  2071 V InputMethodManagerService: Unspecified window will hide input
07-22 22:24:49.613  1388  2071 V InputMethodManagerService: hideCurrentInputLocked : shouldHideSoftInput is false
07-22 22:24:49.613  1388  2071 D InputMethodManagerService: mDesktopModeManager null!
07-22 22:24:49.613  1388  2071 V InputMethodManagerService: getDisplayIdOfInputMethodWindowToBeAdded : 0
07-22 22:24:49.614  1388  2071 D InputMethodManagerService: checkDisplayOfStartInputAndUpdateKeyboard display Id 0last 0
07-22 22:24:49.614  1388  2071 D InputTransport: Input channel constructed: 'ClientS', fd=637
07-22 22:24:49.614  1388  2071 D InputTransport: Input channel destroyed: 'ClientS', fd=637
07-22 22:24:49.615 18947 18947 D InputTransport: Input channel constructed: 'ClientS', fd=103
07-22 22:24:49.615 18947 18947 D InputTransport: Input channel destroyed: 'ClientS', fd=90
07-22 22:24:49.615  1388  3800 I WindowManager: Cancelling animation restarting=true, leash=Surface(name=Surface(name=6a8380 InputMethod)/@0xf87ec75 - animation-leash)/@0xb82faa0
07-22 22:24:49.615  1388  3800 I WindowManager: Reparenting to original parent: Surface(name=WindowToken{a0de910 android.os.Binder@57649d3})/@0xed1cab3, destroy=false, surface=Surface(name=6a8380 InputMethod)/@0xf87ec75
07-22 22:24:49.615  1388  3800 I SurfaceControl: nativeRelease nativeObject s[-5476376610430082144]
07-22 22:24:49.615  1388  3800 I SurfaceControl: nativeRelease nativeObject e[-5476376610430082144]
07-22 22:24:49.615  1388  3800 I WindowManager: Reparenting to leash, surface=Surface(name=6a8380 InputMethod)/@0xf87ec75, leashParent=Surface(name=WindowToken{a0de910 android.os.Binder@57649d3})/@0xed1cab3
07-22 22:24:49.616   828  1377 I SurfaceFlinger: id=10342 createSurf (0x0),-1 flag=24004, Surface(name=6a8380 InputMethod)/@0xf87ec75 - animation-leash#1
07-22 22:24:49.616  1388  3800 D WindowManager: makeSurface duration=1 leash=Surface(name=Surface(name=6a8380 InputMethod)/@0xf87ec75 - animation-leash)/@0x2c606a3
07-22 22:24:49.617  4767  4767 I HBD     : HoneyBoardService onFinishInput 
07-22 22:24:49.617   828   828 D SurfaceFlinger: Display 0 HWC layers:
07-22 22:24:49.617   828   828 D SurfaceFlinger:      DEVICE | 0xb400007c92a57000 | 0002 | RGBA_8888    |    0.0    8.0 1080.0 2400.0 |    0    0 1080 2392 | com.nighteyecare.app/com.nighteyecare.app.ui.activities.MainActivity$_18947#0
07-22 22:24:49.617   828   828 D SurfaceFlinger:      DEVICE | 0xb400007c92a57d80 | 0002 | RGBA_8888    |    0.0    0.0 1080.0 1997.0 |    0  403 1080 2400 | com.nighteyecare.app/com.nighteyecar[...]tivities.PresetInfoActivity$_18947#0
07-22 22:24:49.617   828   828 D SurfaceFlinger:      DEVICE | 0xb400007ca0463b00 | 0000 | RGBA_8888    |    0.0    0.0 1080.0   79.0 |    0    0 1080   79 | StatusBar$_1778#0
07-22 22:24:49.617   828   828 D SurfaceFlinger:      DEVICE | 0xb400007cc35e6700 | 0000 | RGBA_8888    |    0.0    0.0   67.0  350.0 | 1013  845 1080 1195 | com.samsung.android.app.cocktailbars[...]arservice.CocktailBarService$_8343#0
07-22 22:24:49.617   828   828 D SurfaceFlinger:      DEVICE | 0xb400007c9d75ff80 | 0000 | RGBA_8888    |    0.0    0.0  388.0   39.0 |  692 2361 1080 2400 | SGestureOverlayWindow$_2312#0
07-22 22:24:49.617   828   828 D SurfaceFlinger:      DEVICE | 0xb400007cc34de800 | 0000 | RGBA_8888    |    0.0    0.0 1080.0  126.0 |    0 2274 1080 2400 | NavigationBar0$_1778#0
07-22 22:24:49.617   828   828 D SurfaceFlinger: 
07-22 22:24:49.618  4767  4767 I HBD     : a IC have been unbinded,  InputConnectionWrapper{idHash=#78273b8 mMissingMethods=}
07-22 22:24:49.618  4767  4767 I HBD     : HoneyBoardService [PF_CL][onFinishInput]  465847 ns 
07-22 22:24:49.618  1388  3800 I SemDvfsHyPerManager: acquire hyper - AMS_RESUME_TAIL/1388@21, type = -999
07-22 22:24:49.618   784   802 I mtkpower@impl: [setMode] type:5, enabled:0
07-22 22:24:49.618  1388  3800 I SemDvfsHyPerManager: acquire hyper - AMS_ACT_LAZY/1388@22, type = -999
07-22 22:24:49.618  4767  4767 I HBD     : HoneyBoardService [IMI] onStartInput - caller pid : 18947 , caller uid : 11147 
07-22 22:24:49.618  4767  4767 I HBD     : i updateConfigs 
07-22 22:24:49.618  1388  3800 D ActivityManagerPerformance: AMP_acquire() TAIL
07-22 22:24:49.618  4767  4767 I HBD     : i isEnabledNightMode : true 
07-22 22:24:49.618  1388  3800 D ActivityManagerPerformance: AMP_release() ACT_START
07-22 22:24:49.618  4767  4767 I HBD     : a IC have been binded, InputConnectionWrapper{idHash=#78273b8 mMissingMethods=} 
07-22 22:24:49.618  4767  4767 I HBD     : h [EditorInputType]setPrivateImeOptionsToTable privateImeOptions ( null )
07-22 22:24:49.618  4767  4767 I HBD     : b incognitoMode : false 
07-22 22:24:49.619  4767  4767 I HBD     : a needOff = true , isJpnConvertState : false, isForceOff = false 
07-22 22:24:49.619  4767  4767 I HBD     : h getDefaultInputRange : UNKNOWN 
07-22 22:24:49.619  4767  4767 I HBD     : h getDefaultInputRange : UNKNOWN 
07-22 22:24:49.619  4767  4767 I HBD     : h getDefaultInputRange : UNKNOWN 
07-22 22:24:49.619   754   761 E statsd  : Predicate 5980654721335871649 dropping data for dimension key (10)0x2010101->11147[I] (10)0x30000->*launch*[S] 
07-22 22:24:49.619   754   761 E statsd  : Predicate -7037417284711607308 dropping data for dimension key (10)0x2010101->11147[I] (10)0x30000->*launch*[S] 
07-22 22:24:49.619  1388  2071 D SdpManagerService: Not an enterprise user : 0
07-22 22:24:49.619  1388  2071 D SdpManagerService: Not an enterprise user : 0
07-22 22:24:49.619   779   805 I HYPER-HAL: [RequestManager.cpp]acquire(): Acquired ID : 993366  [1388 / 21]    HINT : AMS_RESUME_TAIL    list : 
07-22 22:24:49.620   779   805 I mtkpower_client: perf_lock_rel, hdl:4269, tid:805
07-22 22:24:49.620   779   805 I mtkpower_client: perf_lock_acq, hdl:0, dur:0, num:2, tid:805
07-22 22:24:49.621   779   805 I mtkpower_client: ret_hdl:4271
07-22 22:24:49.621   779   805 I mtkpower_client: perf_lock_rel, hdl:4270, tid:805
07-22 22:24:49.621   779   805 I mtkpower_client: perf_lock_acq, hdl:0, dur:0, num:2, tid:805
07-22 22:24:49.621   779   805 I mtkpower_client: ret_hdl:4272
07-22 22:24:49.621   779   805 I HYPER-HAL: [RequestManager.cpp]acquire(): Acquired ID : 994777  [1388 / 22]    HINT :      list : 
07-22 22:24:49.622   779   805 E HYPER-HAL: [Request.cpp]acquire(): Request:: id : 994777, No Resource to set
07-22 22:24:49.622   779   805 I mtkpower_client: perf_lock_rel, hdl:4268, tid:805
07-22 22:24:49.622  4767  4767 I HBD     : h getDefaultInputRange : UNKNOWN 
07-22 22:24:49.622   779   805 I mtkpower_client: perf_lock_rel, hdl:4271, tid:805
07-22 22:24:49.622  4767  4767 I HBD     : a currentState : 0 
07-22 22:24:49.622   779   805 I mtkpower_client: perf_lock_acq, hdl:0, dur:0, num:2, tid:805
07-22 22:24:49.623  4767  4767 I HBD     : h load selected json info : {"version":"1.0","currentLanguageOrder":0,"selected":[{"activeOptionList":["auto_replace","auto_spacing"],"engName":"English","id":65538,"inputType":"qwerty","isUsed":true}]} 
07-22 22:24:49.624  4767  4767 I HBD     : a [UpdatePolicy] [post] a: 0 cl: 65538 kit: [0/0] vt: 0 ir: 1 
07-22 22:24:49.624   784   844 I libPowerHal: [perfLockRel] hdl:4269, idx:1
07-22 22:24:49.624   784   844 I libPowerHal: [PD] scn:1 hdl:4269 lock_user:vendor.samsung. pid:779 tid:805 dur:0
07-22 22:24:49.624   784   844 I libPowerHal: [PD] vendor.samsung. update cmd:1c3c000, param:1
07-22 22:24:49.625   784   844 I libPowerHal: [PD] (less) /proc/mcdi/state set +prefix:enable 1;
07-22 22:24:49.625   828   880 I Layer   : id=10317 removeFromCurrentState Surface(name=6a8380 InputMethod)/@0xf87ec75 - animation-leash#0 (84)
07-22 22:24:49.625  4767  4767 I HBD     : HoneyBoardService [PF_OP][onStartInput]  6811000 ns 
07-22 22:24:49.626   784   844 I libPowerHal: [perfLockAcq] idx:3 hdl:4271 hint:-1 pid:779 duration:0 => ret_hdl:4271
07-22 22:24:49.626   784   844 I libPowerHal: [PE] scn:3 hdl:4271 lock_user:vendor.samsung. pid:779 tid:805 dur:0
07-22 22:24:49.626   784   844 I libPowerHal: [PE] vendor.samsung. update cmd:1c3c000, param:0
07-22 22:24:49.627 18947 18947 I SurfaceControl: nativeRelease nativeObject s[-5476376608503546944]
07-22 22:24:49.627 18947 18947 I SurfaceControl: nativeRelease nativeObject e[-5476376608503546944]
07-22 22:24:49.627   784   844 I libPowerHal: [PE] (less) /proc/mcdi/state set +prefix:enable 0;
07-22 22:24:49.627   828   879 I SurfaceFlinger: id=10317 Removed Surface(name=6a8380 InputMethod)/@0xf87ec75 - animation-leash#0 (84)
07-22 22:24:49.629   828   828 I BufferQueueProducer: [FramebufferSurface](this:0xb400007cbd3f7ed0,id:-1,api:1,p:828,c:828) queueBuffer: fps=1.01 dur=28684.88 max=28368.16 min=5.43
07-22 22:24:49.629  1388  3800 D SamsungIMMSHWKeyboard: isConnectedDexOnPC false
07-22 22:24:49.630 18947 18947 I SurfaceControl: nativeRelease nativeObject s[-5476376608503546560]
07-22 22:24:49.630 18947 18947 I SurfaceControl: nativeRelease nativeObject e[-5476376608503546560]
07-22 22:24:49.630 18947 18947 I SurfaceControl: nativeRelease nativeObject s[-5476376608503546752]
07-22 22:24:49.630 18947 18947 I SurfaceControl: nativeRelease nativeObject e[-5476376608503546752]
07-22 22:24:49.630  1388  3800 D InputMethodManagerService: isImeSwitcherDisabledPackage : false
07-22 22:24:49.630   784   844 I libPowerHal: [perfLockRel] hdl:4270, idx:2
07-22 22:24:49.630   784   844 I libPowerHal: [PD] scn:2 hdl:4270 lock_user:vendor.samsung. pid:779 tid:805 dur:0
07-22 22:24:49.630   784   844 I libPowerHal: [PD] vendor.samsung. update cmd:1000000, param:-1
07-22 22:24:49.631   784   844 I libPowerHal: [PD] vendor.samsung. update cmd:1000000 param:-1
07-22 22:24:49.631   784   844 I libPowerHal: [perfLockAcq] idx:4 hdl:4272 hint:-1 pid:779 duration:0 => ret_hdl:4272
07-22 22:24:49.631   784   844 I libPowerHal: [PE] scn:4 hdl:4272 lock_user:vendor.samsung. pid:779 tid:805 dur:0
07-22 22:24:49.631   784   844 I libPowerHal: [PE] vendor.samsung. update cmd:1000000, param:0
07-22 22:24:49.631   828   828 D SurfaceFlinger: Display 0 HWC layers:
07-22 22:24:49.631   828   828 D SurfaceFlinger:      DEVICE | 0xb400007c92a57000 | 0002 | RGBA_8888    |    0.0   15.0 1080.0 2400.0 |    0    0 1080 2385 | com.nighteyecare.app/com.nighteyecare.app.ui.activities.MainActivity$_18947#0
07-22 22:24:49.631   828   828 D SurfaceFlinger:  SOLID_COLOR |              | 0000 |  Unknown  |    0.0    0.0    0.0    0.0 |    0    0 1080 2400 | Dim Layer for - Task=529 - animating-dim#0
07-22 22:24:49.631   828   828 D SurfaceFlinger:      DEVICE | 0xb400007c92a57d80 | 0002 | RGBA_8888    |    0.0    0.0 1080.0 2038.0 |    0  362 1080 2400 | com.nighteyecare.app/com.nighteyecar[...]tivities.PresetInfoActivity$_18947#0
07-22 22:24:49.631   828   828 D SurfaceFlinger:      DEVICE | 0xb400007ca0463b00 | 0000 | RGBA_8888    |    0.0    0.0 1080.0   79.0 |    0    0 1080   79 | StatusBar$_1778#0
07-22 22:24:49.631   828   828 D SurfaceFlinger:      CLIENT | 0xb400007cc35e6700 | 0000 | RGBA_8888    |    0.0    0.0   67.0  350.0 | 1013  845 1080 1195 | com.samsung.android.app.cocktailbars[...]arservice.CocktailBarService$_8343#0
07-22 22:24:49.631   828   828 D SurfaceFlinger:      CLIENT | 0xb400007c9d75ff80 | 0000 | RGBA_8888    |    0.0    0.0  388.0   39.0 |  692 2361 1080 2400 | SGestureOverlayWindow$_2312#0
07-22 22:24:49.631   828   828 D SurfaceFlinger:      CLIENT | 0xb400007cc34de8
07-22 22:24:49.631   828   828 D SurfaceFlinger: 00 | 0000 | RGBA_8888    |    0.0    0.0 1080.0  126.0 |    0 2274 1080 2400 | NavigationBar0$_1778#0
07-22 22:24:49.631   828   828 D SurfaceFlinger: 
07-22 22:24:49.632   784   844 I libPowerHal: [PE] vendor.samsung. update cmd:1000000 param:0
07-22 22:24:49.632   828   828 D SurfaceFlinger: GPIS:: requestGPIS
07-22 22:24:49.632   784   844 I libPowerHal: [perfLockRel] hdl:4268, idx:0
07-22 22:24:49.632   784   844 I libPowerHal: [PD] scn:0 hdl:4268 lock_user:vendor.samsung. pid:779 tid:805 dur:0
07-22 22:24:49.632   784   844 I libPowerHal: vendor.samsung.: cpu_ctrl set cpu freq: -1 -1 -1 -1
07-22 22:24:49.633   784   844 I libPowerHal: [perfLockRel] hdl:4271, idx:3
07-22 22:24:49.633   784   844 I libPowerHal: [PD] scn:3 hdl:4271 lock_user:vendor.samsung. pid:779 tid:805 dur:0
07-22 22:24:49.633   784   844 I libPowerHal: [PD] vendor.samsung. update cmd:1c3c000, param:1
07-22 22:24:49.633   784   844 I libPowerHal: [PD] (less) /proc/mcdi/state set +prefix:enable 1;
07-22 22:24:49.634   828   828 I Layer   : id=10317[1] Destroyed Surface(name=6a8380 InputMethod)/@0xf87ec75 - animation-leash#0
07-22 22:24:49.634   784   844 I libPowerHal: [perfLockAcq] idx:0 hdl:4273 hint:-1 pid:779 duration:0 => ret_hdl:4273
07-22 22:24:49.634   784   844 I libPowerHal: [PE] scn:0 hdl:4273 lock_user:vendor.samsung. pid:779 tid:805 dur:0
07-22 22:24:49.634   784   844 I libPowerHal: [PE] vendor.samsung. update cmd:1c3c000, param:0
07-22 22:24:49.634   779   805 I mtkpower_client: ret_hdl:4273
07-22 22:24:49.634   784   844 I libPowerHal: [PE] (less) /proc/mcdi/state set +prefix:enable 0;
07-22 22:24:49.634   779   805 I mtkpower_client: perf_lock_rel, hdl:4272, tid:805
07-22 22:24:49.635   779   805 I mtkpower_client: perf_lock_acq, hdl:0, dur:0, num:2, tid:805
07-22 22:24:49.635   784   844 I libPowerHal: [perfLockRel] hdl:4272, idx:4
07-22 22:24:49.635   784   844 I libPowerHal: [PD] scn:4 hdl:4272 lock_user:vendor.samsung. pid:779 tid:805 dur:0
07-22 22:24:49.635   784   844 I libPowerHal: [PD] vendor.samsung. update cmd:1000000, param:-1
07-22 22:24:49.635   784   844 I libPowerHal: [PD] vendor.samsung. update cmd:1000000 param:-1
07-22 22:24:49.636   779   805 I mtkpower_client: ret_hdl:4274
07-22 22:24:49.636   784   844 I libPowerHal: [perfLockAcq] idx:1 hdl:4274 hint:-1 pid:779 duration:0 => ret_hdl:4274
07-22 22:24:49.636   784   844 I libPowerHal: [PE] scn:1 hdl:4274 lock_user:vendor.samsung. pid:779 tid:805 dur:0
07-22 22:24:49.636   784   844 I libPowerHal: [PE] vendor.samsung. update cmd:1000000, param:1
07-22 22:24:49.636   779   805 I HYPER-HAL: [RequestManager.cpp]releaseLocked(): Released ID : 990547
07-22 22:24:49.636   784   844 I libPowerHal: [PE] vendor.samsung. update cmd:1000000 param:1
07-22 22:24:49.650   828   828 I SurfaceFlinger: operator()(), mtkRenderCntDebug 81719, screenshot (com.nighteyecare.app/com.nighteyecare.app.ui.activities.MainActivity$_18947#0)
07-22 22:24:49.651   828   828 I SurfaceFlinger: operator()(), mtkRenderCntDebug 81719, screenshot (Dim Layer for - Task=529 - animating-dim#0)
07-22 22:24:49.651   828   828 I SurfaceFlinger: operator()(), mtkRenderCntDebug 81719, screenshot (com.nighteyecare.app/com.nighteyecare.app.ui.activities.PresetInfoActivity$_18947#0)
07-22 22:24:49.705  1388  1565 D BatteryService: Sending ACTION_BATTERY_CHANGED. scale:100, info:{.chargerAcOnline = false, .chargerUsbOnline = true, .chargerWirelessOnline = false, .maxChargingCurrent = 0, .maxChargingVoltage = 0, .batteryStatus = CHARGING, .batteryHealth = GOOD, .batteryPresent = true, .batteryLevel = 82, .batteryVoltage = 4076, .batteryTemperature = 353, .batteryCurrent = -101, .batteryCycleCount = 0, .batteryFullCharge = 5000000, .batteryChargeCounter = 4145000, .batteryTechnology = Li-ion}
07-22 22:24:49.705  1388  1565 D BatteryService: online:4, current avg:44, charge type:1, POGO powered:false, power sharing:false, high voltage charger:false, charger_type:0, capacity:280000, misc_event:0x10000, current_event:0x0, current_now:-101
07-22 22:24:49.707  1388  1553 D MotionRecognitionService:   onReceive : ACTION_BATTERY_CHANGED, Plugged: 2
07-22 22:24:49.707  1388  1553 I MotionRecognitionService: [TA] In/out: true, curr state: 1
07-22 22:24:49.708  1388  1388 D PhoneWindowManagerExt: ACTION_BATTERY_CHANGED - Level=82, status=2
07-22 22:24:49.708  1388  1388 D SemWifiApBroadcastReceiver: Received : android.intent.action.BATTERY_CHANGED
07-22 22:24:49.708  1388  1388 D AdaptiveBrightnessLongtermModelBuilder: Received android.intent.action.BATTERY_CHANGED
07-22 22:24:49.709  1778  1778 I PowerUI : BATTERY_HEALTH_CHECK extraHealth=2 mBatteryMiscEvent=65536
07-22 22:24:49.709  1756  1756 D SemBigDataInfoController: Intent : android.intent.action.BATTERY_CHANGED
07-22 22:24:49.709  1778  1778 D PowerUI : priorPlugType = 2 mPlugType = 2 priorBatteryStatus = 2 mBatteryStatus = 2
07-22 22:24:49.710  1756  1756 D SemBigDataInfoController: Intent : android.intent.action.BATTERY_CHANGED
07-22 22:24:49.710  1778  1778 D PowerUI.Notification: showChargingNotice oldChargingType : 1 currentChargingType : 1 oldChargingTime : 4971000 mChargingTime : 4971000
07-22 22:24:49.711  1778  1778 D PowerUI.Notification: There is no change about charging status, so return!
07-22 22:24:49.711  1778  1778 D PowerUI : Battery swelling mode - priorBatterySwellingMode = 0 mBatterySwellingMode = 0 mBatteryStatus = 2
07-22 22:24:49.711  1778  1778 I PowerUI : mBatteryMiscEvent = 65536
07-22 22:24:49.712  1778  1778 D KeyguardUpdateMonitor: received broadcast android.intent.action.BATTERY_CHANGED
07-22 22:24:49.712  1778  1778 I AODBatteryManager: updateBatteryData: ACTION_BATTERY_CHANGED
07-22 22:24:49.713  1778  1778 I AODBatteryManager: saveBatteryData : AOD BatteryData [mBatteryLevel=82, mBatteryStatus=CHARGING, mBatteryPlugType=USB, mBatteryPlugged=true, mRemainingChargeTime=4971000, mBatteryChargingType=1, mBatteryChargerType=NORMAL, mBatteryOnline=USB, mBatterySwellingMode=NONE]
07-22 22:24:49.722  8343  8343 I Utils   : isCurrentUser current = 0, ownerId = 0
07-22 22:24:49.722  8343  8343 I TrayVisibilityController: getComputedTrayVisible : keyguardState = 1
07-22 22:24:49.723  8343  8343 I TrayVisibilityController: updateTrayVisible: State=1 visible=1 mCurrentVisible=1 specificMode=0
07-22 22:24:49.723  8343  8343 I TrayStateController: onNotifyUpdateTray: 0 to need to visible? true
07-22 22:24:49.733  1778  1778 D KeyguardUpdateMonitor: handleBatteryUpdate
07-22 22:24:49.740   828   880 I BufferQueueProducer: [StatusBar$_1778#0](this:0xb400007d44ee2c58,id:7,api:1,p:1778,c:828) queueBuffer: fps=11.01 dur=1816.94 max=1320.19 min=7.89
07-22 22:24:49.751   828   828 I SurfaceFlinger: operator()(), mtkRenderCntDebug 81720, screenshot (Dim Layer for - Task=529 - animating-dim#0)
07-22 22:24:49.751   828   828 I SurfaceFlinger: operator()(), mtkRenderCntDebug 81720, screenshot (com.nighteyecare.app/com.nighteyecare.app.ui.activities.PresetInfoActivity$_18947#0)
07-22 22:24:49.860   828   828 I SurfaceFlinger: operator()(), mtkRenderCntDebug 81721, screenshot (Dim Layer for - Task=529 - animating-dim#0)
07-22 22:24:49.860   828   828 I SurfaceFlinger: operator()(), mtkRenderCntDebug 81721, screenshot (com.nighteyecare.app/com.nighteyecare.app.ui.activities.PresetInfoActivity$_18947#0)
07-22 22:24:49.901  1388  1408 I WindowManager: Reparenting to original parent: Surface(name=Task=529)/@0x6f9823, destroy=true, surface=Surface(name=Dim Layer for - Task=529 - animating-dim)/@0xa3a4870
07-22 22:24:49.901  1388  1408 I SurfaceControl: nativeRelease nativeObject s[-5476376610845359616]
07-22 22:24:49.901  1388  1408 I SurfaceControl: nativeRelease nativeObject e[-5476376610845359616]
07-22 22:24:49.913   828   879 I Layer   : id=10338 removeFromCurrentState Surface(name=Dim Layer for - Task=529 - animating-dim)/@0xa3a4870 - animation-leash#0 (83)
07-22 22:24:49.915   828   880 I SurfaceFlinger: id=10338 Removed Surface(name=Dim Layer for - Task=529 - animating-dim)/@0xa3a4870 - animation-leash#0 (83)
07-22 22:24:49.921   779 31671 I mtkpower_client: perf_lock_rel, hdl:4273, tid:31671
07-22 22:24:49.922   779 31671 I mtkpower_client: perf_lock_rel, hdl:4274, tid:31671
07-22 22:24:49.922   784   844 I libPowerHal: [perfLockRel] hdl:4273, idx:0
07-22 22:24:49.922   784   844 I libPowerHal: [PD] scn:0 hdl:4273 lock_user:vendor.samsung. pid:779 tid:805 dur:0
07-22 22:24:49.922   779 31671 I HYPER-HAL: [RequestManager.cpp]releaseLocked(): Released ID : 993366
07-22 22:24:49.922   784   844 I libPowerHal: [PD] vendor.samsung. update cmd:1c3c000, param:1
07-22 22:24:49.923   828   828 I Layer   : id=10338[1] Destroyed Surface(name=Dim Layer for - Task=529 - animating-dim)/@0xa3a4870 - animation-leash#0
07-22 22:24:49.923   784   844 I libPowerHal: [PD] (less) /proc/mcdi/state set +prefix:enable 1;
07-22 22:24:49.923   784   844 I libPowerHal: [perfLockRel] hdl:4274, idx:1
07-22 22:24:49.923   784   844 I libPowerHal: [PD] scn:1 hdl:4274 lock_user:vendor.samsung. pid:779 tid:805 dur:0
07-22 22:24:49.923   784   844 I libPowerHal: [PD] vendor.samsung. update cmd:1000000, param:-1
07-22 22:24:49.924   784   844 I libPowerHal: [PD] vendor.samsung. update cmd:1000000 param:-1
07-22 22:24:49.971   828   828 I SurfaceFlinger: operator()(), mtkRenderCntDebug 81722, screenshot (Dim Layer for - Task=529 - animating-dim#0)
07-22 22:24:49.971   828   828 I SurfaceFlinger: operator()(), mtkRenderCntDebug 81722, screenshot (com.nighteyecare.app/com.nighteyecare.app.ui.activities.PresetInfoActivity$_18947#0)
07-22 22:24:49.980   828   828 D SurfaceFlinger: Display 0 HWC layers:
07-22 22:24:49.980   828   828 D SurfaceFlinger:      DEVICE | 0xb400007c92a57600 | 0002 | RGBA_8888    |    0.0    0.0 1080.0 2400.0 |    0    0 1080 2400 | com.nighteyecare.app/com.nighteyecar[...]tivities.PresetInfoActivity$_18947#0
07-22 22:24:49.980   828   828 D SurfaceFlinger:      DEVICE | 0xb400007cc34deb00 | 0000 | RGBA_8888    |    0.0    0.0 1080.0   79.0 |    0    0 1080   79 | StatusBar$_1778#0
07-22 22:24:49.980   828   828 D SurfaceFlinger:      DEVICE | 0xb400007cc35e6700 | 0000 | RGBA_8888    |    0.0    0.0   67.0  350.0 | 1013  845 1080 1195 | com.samsung.android.app.cocktailbars[...]arservice.CocktailBarService$_8343#0
07-22 22:24:49.980   828   828 D SurfaceFlinger:      DEVICE | 0xb400007c9d75ff80 | 0000 | RGBA_8888    |    0.0    0.0  388.0   39.0 |  692 2361 1080 2400 | SGestureOverlayWindow$_2312#0
07-22 22:24:49.980   828   828 D SurfaceFlinger:      DEVICE | 0xb400007cc34de800 | 0000 | RGBA_8888    |    0.0    0.0 1080.0  126.0 |    0 2274 1080 2400 | NavigationBar0$_1778#0
07-22 22:24:49.980   828   828 D SurfaceFlinger: 
07-22 22:24:49.990  1388  1408 I WindowManager: Reparenting to original parent: Surface(name=Task=529)/@0x6f9823, destroy=true, surface=Surface(name=ActivityRecord{12a880c u0 com.nighteyecare.app/.ui.activities.MainActivity t529})/@0x5b9a6d4
07-22 22:24:49.990  1388  1408 I SurfaceControl: nativeRelease nativeObject s[-5476376610860487936]
07-22 22:24:49.990  1388  1408 I SurfaceControl: nativeRelease nativeObject e[-5476376610860487936]
07-22 22:24:49.990  1388  1408 I SurfaceControl: nativeRelease nativeObject s[-5476376610845358368]
07-22 22:24:49.990  1388  1408 I SurfaceControl: nativeRelease nativeObject e[-5476376610845358368]
07-22 22:24:49.990  1388  1408 I SurfaceControl: nativeRelease nativeObject s[-5476376610845359520]
07-22 22:24:49.990  1388  1408 I SurfaceControl: nativeRelease nativeObject e[-5476376610845359520]
