07-22 22:24:37.853   828   828 I BufferQueue: [$_18947#0](this:0xb400007cc34fdc58,id:2002,api:1,p:-1,c:-1) onDestructor()
07-22 22:24:37.854   828   828 I Layer   : id=10327[1] Destroyed $_18947#0
07-22 22:24:37.854 18947 18947 D InputTransport: Input channel destroyed: '8005420', fd=99
07-22 22:24:37.856   828   879 I SurfaceFlinger: id=10326 Removed 8005420 com.nighteyecare.app#0 (76)
07-22 22:24:37.856   828   828 D SurfaceFlinger: Display 0 HWC layers:
07-22 22:24:37.856   828   828 D SurfaceFlinger:      DEVICE | 0xb400007cc341ac00 | 0002 | RGBA_8888    |    0.0    0.0 1080.0 2400.0 |    0    0 1080 2400 | com.nighteyecare.app/com.nighteyecare.app.ui.activities.MainActivity$_18947#0
07-22 22:24:37.856   828   828 D SurfaceFlinger:      DEVICE | 0xb400007ca0463b00 | 0000 | RGBA_8888    |    0.0    0.0 1080.0   79.0 |    0    0 1080   79 | StatusBar$_1778#0
07-22 22:24:37.856   828   828 D SurfaceFlinger:      DEVICE | 0xb400007cc35e6700 | 0000 | RGBA_8888    |    0.0    0.0   67.0  350.0 | 1013  845 1080 1195 | com.samsung.android.app.cocktailbars[...]arservice.CocktailBarService$_8343#0
07-22 22:24:37.856   828   828 D SurfaceFlinger:      DEVICE | 0xb400007c9d75ff80 | 0000 | RGBA_8888    |    0.0    0.0  388.0   39.0 |  692 2361 1080 2400 | SGestureOverlayWindow$_2312#0
07-22 22:24:37.856   828   828 D SurfaceFlinger:      DEVICE | 0xb400007cc34de800 | 0000 | RGBA_8888    |    0.0    0.0 1080.0  126.0 |    0 2274 1080 2400 | NavigationBar0$_1778#0
07-22 22:24:37.856   828   828 D SurfaceFlinger: 
07-22 22:24:37.857   828   879 I SurfaceFlinger: id=10325 Removed WindowToken{cf23723 android.os.BinderProxy@2ef8852}#0 (76)
07-22 22:24:37.857  1778  1778 D FaceWidgetNotificationManager: removeFaceWidgetMusicNotification() key : 0|android|0|com.android.server.wm.AlertWindowNotification - com.nighteyecare.app|1000
07-22 22:24:37.862   828   828 I Layer   : id=10325[1] Destroyed WindowToken{cf23723 android.os.BinderProxy@2ef8852}#0
07-22 22:24:37.862   828   828 I Layer   : id=10326[1] Destroyed 8005420 com.nighteyecare.app#0
07-22 22:24:37.863  1388  1406 D SettingsProvider: isChangeAllowed() : name = enabled_notification_listeners
07-22 22:24:37.864  1388  1406 D SettingsProvider: isChangeAllowed() : name = enabled_notification_assistant
07-22 22:24:37.865  1388  1406 D SettingsProvider: isChangeAllowed() : name = enabled_notification_policy_access_packages
07-22 22:24:37.909   828   828 I SurfaceFlinger: operator()(), mtkRenderCntDebug 81683, screenshot (com.nighteyecare.app/com.nighteyecare.app.ui.activities.MainActivity$_18947#0)
07-22 22:24:38.014   897  1047 D connsyslogger: SD_LOG_ROOT is /data/debuglogger/connsyslog/fw.
07-22 22:24:38.014   897  1047 D connsyslogger: systemReady:1
07-22 22:24:38.020   828   828 I SurfaceFlinger: operator()(), mtkRenderCntDebug 81684, screenshot (com.nighteyecare.app/com.nighteyecare.app.ui.activities.MainActivity$_18947#0)
07-22 22:24:38.555 25418 25418 I wpa_supplicant: Heartbeat 4379
07-22 22:24:38.832  4018  5052 I SDHMS:F : -99 > surface_temperature_0
07-22 22:24:38.833  4018  5052 I SDHMS:F : writeSysfs:: path() : /sys/class/audio/amp/surface_temperature_0 exist() : false canWrite() : false
07-22 22:24:38.833  4018  5052 I SDHMS:F : 34 > surface_temperature_1
07-22 22:24:38.833  4018  5052 I SDHMS:F : writeSysfs:: path() : /sys/class/audio/amp/surface_temperature_1 exist() : false canWrite() : false
07-22 22:24:38.833  4018  5052 I SDHMS:F : SIOP:: AP:332(427,100) BAT:353(353,0) USB:0(0,0) CHG:403(403,0) PA:391(391,0) BLK:0(0,0) SUBBAT:0(0,0) LRP:390(390,0) LRP2:388(388,0) LRF:388(388) LRB:390(390) AP2:388(388) CHG2:382(382) WIFI2:378(378) SPK2:344(344) 
07-22 22:24:39.110  1388  1388 E Native_CFMS: nativePerfMgrRemoveTask    Fail    tid : -1    return : -1
07-22 22:24:39.470   597   597 I io_stats: !@ 179,0 r 5674600 77035166 w 1299233 16868016 d 490783 15140624 f 536103 142694 iot 2415788 2341531 th 51200 0 0 pt 0 inp 0 0 86098.577
07-22 22:24:39.684  1388  1563 D BatteryService: Sending ACTION_BATTERY_CHANGED. scale:100, info:{.chargerAcOnline = false, .chargerUsbOnline = true, .chargerWirelessOnline = false, .maxChargingCurrent = 0, .maxChargingVoltage = 0, .batteryStatus = CHARGING, .batteryHealth = GOOD, .batteryPresent = true, .batteryLevel = 82, .batteryVoltage = 4093, .batteryTemperature = 353, .batteryCurrent = 90, .batteryCycleCount = 0, .batteryFullCharge = 5000000, .batteryChargeCounter = 4145000, .batteryTechnology = Li-ion}
07-22 22:24:39.685  1388  1563 D BatteryService: online:4, current avg:60, charge type:1, POGO powered:false, power sharing:false, high voltage charger:false, charger_type:0, capacity:280000, misc_event:0x10000, current_event:0x0, current_now:90
07-22 22:24:39.689  1388  1553 D MotionRecognitionService:   onReceive : ACTION_BATTERY_CHANGED, Plugged: 2
07-22 22:24:39.689  1388  1553 I MotionRecognitionService: [TA] In/out: true, curr state: 1
07-22 22:24:39.690  1388  1388 D PhoneWindowManagerExt: ACTION_BATTERY_CHANGED - Level=82, status=2
07-22 22:24:39.690  1388  1388 D SemWifiApBroadcastReceiver: Received : android.intent.action.BATTERY_CHANGED
07-22 22:24:39.691  1388  1388 D AdaptiveBrightnessLongtermModelBuilder: Received android.intent.action.BATTERY_CHANGED
07-22 22:24:39.693  1756  1756 D SemBigDataInfoController: Intent : android.intent.action.BATTERY_CHANGED
07-22 22:24:39.693  1778  1778 I PowerUI : BATTERY_HEALTH_CHECK extraHealth=2 mBatteryMiscEvent=65536
07-22 22:24:39.693  1778  1778 D PowerUI : priorPlugType = 2 mPlugType = 2 priorBatteryStatus = 2 mBatteryStatus = 2
07-22 22:24:39.694  1756  1756 D SemBigDataInfoController: Intent : android.intent.action.BATTERY_CHANGED
07-22 22:24:39.695  1778  1778 D PowerUI.Notification: showChargingNotice oldChargingType : 1 currentChargingType : 1 oldChargingTime : 4971000 mChargingTime : 4971000
07-22 22:24:39.695  1778  1778 D PowerUI.Notification: There is no change about charging status, so return!
07-22 22:24:39.695  1778  1778 D PowerUI : Battery swelling mode - priorBatterySwellingMode = 0 mBatterySwellingMode = 0 mBatteryStatus = 2
07-22 22:24:39.695  1778  1778 I PowerUI : mBatteryMiscEvent = 65536
07-22 22:24:39.698  1778  1778 D KeyguardUpdateMonitor: received broadcast android.intent.action.BATTERY_CHANGED
07-22 22:24:39.698  1778  1778 I AODBatteryManager: updateBatteryData: ACTION_BATTERY_CHANGED
07-22 22:24:39.700  1778  1778 I AODBatteryManager: saveBatteryData : AOD BatteryData [mBatteryLevel=82, mBatteryStatus=CHARGING, mBatteryPlugType=USB, mBatteryPlugged=true, mRemainingChargeTime=4971000, mBatteryChargingType=1, mBatteryChargerType=NORMAL, mBatteryOnline=USB, mBatterySwellingMode=NONE]
07-22 22:24:39.726  1778  1778 D KeyguardUpdateMonitor: handleBatteryUpdate
07-22 22:24:39.736   828   879 I BufferQueueProducer: [StatusBar$_1778#0](this:0xb400007d44ee2c58,id:7,api:1,p:1778,c:828) queueBuffer: fps=1.43 dur=2795.19 max=1866.31 min=33.70
07-22 22:24:39.747   773   858 I hwcomposer: [HWCDisplay] [Display_0 (type:1)] fps:14.827419,dur:1955.84,max:1640.21,min:4.99  
07-22 22:24:39.751   828   828 I SurfaceFlinger: operator()(), mtkRenderCntDebug 81685, screenshot (com.nighteyecare.app/com.nighteyecare.app.ui.activities.MainActivity$_18947#0)
07-22 22:24:40.015   897  1047 D connsyslogger: SD_LOG_ROOT is /data/debuglogger/connsyslog/fw.
07-22 22:24:40.015   897  1047 D connsyslogger: systemReady:1
07-22 22:24:40.030  1388  1618 E WifiVendorHal: getWifiLinkLayerStats_1_3_Internal(l.974) failed {.code = ERROR_NOT_SUPPORTED, .description = }
07-22 22:24:40.251  1388  1562 D InputReader: Btn_touch(8): value=1 when=86099.360156
07-22 22:24:40.251  1388  1562 I InputReader: Touch event's action is 0x0 (id=3, t=0) [pCnt=1, s=0.6089 ] when=86099.360156
07-22 22:24:40.252  1388  1561 I InputDispatcher: Delivering touch to (1778): action: 0x4, f=0x0, d=0, '37d79f9', t=1 
07-22 22:24:40.252  1388  1561 I InputDispatcher: Delivering touch to (18947): action: 0x0, f=0x0, d=0, '7098436', t=1 
07-22 22:24:40.252  2312  2312 W RecentsAnimationDeviceState: isInSwipeUpTouchRegion = false
07-22 22:24:40.252  2312  2312 W TouchInteractionService: onInputEvent, inputConsumer = com.android.quickstep.-$$Lambda$InputConsumer$pgTpBxbssXPLgozwhOXQifnNImE@66be15e
07-22 22:24:40.252 18947 18947 I ViewRootImpl@3b73a3[MainActivity]: ViewPostIme pointer 0
07-22 22:24:40.335  1388  1562 D InputReader: Btn_touch(8): value=0 when=86099.444480
07-22 22:24:40.335  1388  1562 I InputReader: Touch event's action is 0x1 (id=3, t=0) [pCnt=1, s=] when=86099.444480
07-22 22:24:40.336  1388  1561 I InputDispatcher: Delivering touch to (18947): action: 0x1, f=0x0, d=0, '7098436', t=1 
07-22 22:24:40.336  2312  2312 W TouchInteractionService: reset
07-22 22:24:40.336 18947 18947 I ViewRootImpl@3b73a3[MainActivity]: ViewPostIme pointer 1
07-22 22:24:40.364   828   879 I BufferQueueProducer: [com.nighteyecare.app/com.nighteyecare.app.ui.activities.MainActivity$_18947#0](this:0xb400007c92ae4c58,id:1998,api:1,p:18947,c:828) queueBuffer: fps=11.23 dur=2581.52 max=2272.29 min=5.35
07-22 22:24:40.386   828   828 I SurfaceFlinger: operator()(), mtkRenderCntDebug 81686, screenshot (com.nighteyecare.app/com.nighteyecare.app.ui.activities.MainActivity$_18947#0)
07-22 22:24:40.497   828   828 I SurfaceFlinger: operator()(), mtkRenderCntDebug 81687, screenshot (com.nighteyecare.app/com.nighteyecare.app.ui.activities.MainActivity$_18947#0)
07-22 22:24:40.502  1778  1778 D FaceWidgetNotificationManager: removeFaceWidgetMusicNotification() key : 0|com.nighteyecare.app|1|null|11147
07-22 22:24:40.597   828   828 I SurfaceFlinger: operator()(), mtkRenderCntDebug 81688, screenshot (com.nighteyecare.app/com.nighteyecare.app.ui.activities.MainActivity$_18947#0)
07-22 22:24:40.708   828   828 I SurfaceFlinger: operator()(), mtkRenderCntDebug 81689, screenshot (com.nighteyecare.app/com.nighteyecare.app.ui.activities.MainActivity$_18947#0)
07-22 22:24:41.245  1388  1562 D InputReader: Btn_touch(8): value=1 when=86100.354356
07-22 22:24:41.246  1388  1562 I InputReader: Touch event's action is 0x0 (id=3, t=0) [pCnt=1, s=0.6090 ] when=86100.354356
07-22 22:24:41.246  1388  1561 I InputDispatcher: Delivering touch to (1778): action: 0x4, f=0x0, d=0, '37d79f9', t=1 
07-22 22:24:41.246  1388  1561 I InputDispatcher: Delivering touch to (18947): action: 0x0, f=0x0, d=0, '7098436', t=1 
07-22 22:24:41.247  2312  2312 W RecentsAnimationDeviceState: isInSwipeUpTouchRegion = false
07-22 22:24:41.247 18947 18947 I ViewRootImpl@3b73a3[MainActivity]: ViewPostIme pointer 0
07-22 22:24:41.247  2312  2312 W TouchInteractionService: onInputEvent, inputConsumer = com.android.quickstep.-$$Lambda$InputConsumer$pgTpBxbssXPLgozwhOXQifnNImE@66be15e
07-22 22:24:41.307  1388  1562 D InputReader: Btn_touch(8): value=0 when=86100.416222
07-22 22:24:41.307  1388  1562 I InputReader: Touch event's action is 0x1 (id=3, t=0) [pCnt=1, s=] when=86100.416222
07-22 22:24:41.308  1388  1561 I InputDispatcher: Delivering touch to (18947): action: 0x1, f=0x0, d=0, '7098436', t=1 
07-22 22:24:41.308  2312  2312 W TouchInteractionService: reset
07-22 22:24:41.308 18947 18947 I ViewRootImpl@3b73a3[MainActivity]: ViewPostIme pointer 1
07-22 22:24:41.346   773   858 I hwcomposer: [HWCDisplay] [Display_0 (type:1)] fps:21.268770,dur:1598.59,max:631.60,min:5.18  
07-22 22:24:41.353   828   828 I SurfaceFlinger: operator()(), mtkRenderCntDebug 81690, screenshot (com.nighteyecare.app/com.nighteyecare.app.ui.activities.MainActivity$_18947#0)
07-22 22:24:41.368   828   879 I BufferQueueProducer: [com.nighteyecare.app/com.nighteyecare.app.ui.activities.MainActivity$_18947#0](this:0xb400007c92ae4c58,id:1998,api:1,p:18947,c:828) queueBuffer: fps=27.89 dur=1004.11 max=733.03 min=5.66
07-22 22:24:41.463   828   828 I SurfaceFlinger: operator()(), mtkRenderCntDebug 81691, screenshot (com.nighteyecare.app/com.nighteyecare.app.ui.activities.MainActivity$_18947#0)
07-22 22:24:41.499   897  1048 E connsyslogger: Bootup Log: 9 log files! 
07-22 22:24:41.501   897  1052 I connsyslogger: thrLogWriter: LogBuf=226.257812KB,idx=0
07-22 22:24:41.563   828   828 I SurfaceFlinger: operator()(), mtkRenderCntDebug 81692, screenshot (com.nighteyecare.app/com.nighteyecare.app.ui.activities.MainActivity$_18947#0)
07-22 22:24:41.690  1388  1562 D InputReader: Btn_touch(8): value=1 when=86100.799475
07-22 22:24:41.690  1388  1562 I InputReader: Touch event's action is 0x0 (id=3, t=0) [pCnt=1, s=0.6091 ] when=86100.799475
07-22 22:24:41.691  1388  1561 I InputDispatcher: Delivering touch to (1778): action: 0x4, f=0x0, d=0, '37d79f9', t=1 
07-22 22:24:41.691  1388  1561 I InputDispatcher: Delivering touch to (18947): action: 0x0, f=0x0, d=0, '7098436', t=1 
07-22 22:24:41.691 18947 18947 I ViewRootImpl@3b73a3[MainActivity]: ViewPostIme pointer 0
07-22 22:24:41.692  2312  2312 W RecentsAnimationDeviceState: isInSwipeUpTouchRegion = false
07-22 22:24:41.692  2312  2312 W TouchInteractionService: onInputEvent, inputConsumer = com.android.quickstep.-$$Lambda$InputConsumer$pgTpBxbssXPLgozwhOXQifnNImE@66be15e
07-22 22:24:41.774  1778  1995 D NetworkController.SecMobileSignalController(0/2147483647): onSignalStrengthsChanged level=2
07-22 22:24:41.774  1778  1995 D NetworkController.SecMobileSignalController(0/2147483647): Display signal bar by emergency only[true][true]
07-22 22:24:41.775  1778  1995 D MobileSignalIconsSelector: getDataIconGroup(): 0
07-22 22:24:41.779  1388  1562 D InputReader: Btn_touch(8): value=0 when=86100.888368
07-22 22:24:41.779  1388  1562 I InputReader: Touch event's action is 0x1 (id=3, t=0) [pCnt=1, s=] when=86100.888368
07-22 22:24:41.780  1388  1561 I InputDispatcher: Delivering touch to (18947): action: 0x1, f=0x0, d=0, '7098436', t=1 
07-22 22:24:41.780  2312  2312 W TouchInteractionService: reset
07-22 22:24:41.780 18947 18947 I ViewRootImpl@3b73a3[MainActivity]: ViewPostIme pointer 1
07-22 22:24:41.819   828   828 I SurfaceFlinger: operator()(), mtkRenderCntDebug 81693, screenshot (com.nighteyecare.app/com.nighteyecare.app.ui.activities.MainActivity$_18947#0)
07-22 22:24:41.919   828   828 I SurfaceFlinger: operator()(), mtkRenderCntDebug 81694, screenshot (com.nighteyecare.app/com.nighteyecare.app.ui.activities.MainActivity$_18947#0)
07-22 22:24:42.015   897  1047 D connsyslogger: SD_LOG_ROOT is /data/debuglogger/connsyslog/fw.
07-22 22:24:42.015   897  1047 D connsyslogger: systemReady:1
07-22 22:24:42.029   828   828 I SurfaceFlinger: operator()(), mtkRenderCntDebug 81695, screenshot (com.nighteyecare.app/com.nighteyecare.app.ui.activities.MainActivity$_18947#0)
07-22 22:24:42.202  1388  1562 D InputReader: Btn_touch(8): value=1 when=86101.311077
07-22 22:24:42.202  1388  1562 I InputReader: Touch event's action is 0x0 (id=3, t=0) [pCnt=1, s=0.6092 ] when=86101.311077
07-22 22:24:42.203  1388  1561 I InputDispatcher: Delivering touch to (1778): action: 0x4, f=0x0, d=0, '37d79f9', t=1 
07-22 22:24:42.203  1388  1561 I InputDispatcher: Delivering touch to (18947): action: 0x0, f=0x0, d=0, '7098436', t=1 
07-22 22:24:42.203  2312  2312 W RecentsAnimationDeviceState: isInSwipeUpTouchRegion = false
07-22 22:24:42.203 18947 18947 I ViewRootImpl@3b73a3[MainActivity]: ViewPostIme pointer 0
07-22 22:24:42.203  2312  2312 W TouchInteractionService: onInputEvent, inputConsumer = com.android.quickstep.-$$Lambda$InputConsumer$pgTpBxbssXPLgozwhOXQifnNImE@66be15e
07-22 22:24:42.302  1388  1562 D InputReader: Btn_touch(8): value=0 when=86101.411067
07-22 22:24:42.302  1388  1562 I InputReader: Touch event's action is 0x1 (id=3, t=0) [pCnt=1, s=] when=86101.411067
07-22 22:24:42.302  1388  1561 I InputDispatcher: Delivering touch to (18947): action: 0x1, f=0x0, d=0, '7098436', t=1 
07-22 22:24:42.303  2312  2312 W TouchInteractionService: reset
07-22 22:24:42.303 18947 18947 I ViewRootImpl@3b73a3[MainActivity]: ViewPostIme pointer 1
07-22 22:24:42.429   897   897 D connsyslogger: Open FIFO for close
07-22 22:24:42.762  1388  1562 D InputReader: Btn_touch(8): value=1 when=86101.871536
07-22 22:24:42.763  1388  1562 I InputReader: Touch event's action is 0x0 (id=3, t=0) [pCnt=1, s=0.6093 ] when=86101.871536
07-22 22:24:42.763  1388  1561 I InputDispatcher: Delivering touch to (1778): action: 0x4, f=0x0, d=0, '37d79f9', t=1 
07-22 22:24:42.763  1388  1561 I InputDispatcher: Delivering touch to (18947): action: 0x0, f=0x0, d=0, '7098436', t=1 
07-22 22:24:42.764 18947 18947 I ViewRootImpl@3b73a3[MainActivity]: ViewPostIme pointer 0
07-22 22:24:42.764  2312  2312 W RecentsAnimationDeviceState: isInSwipeUpTouchRegion = false
07-22 22:24:42.764  2312  2312 W TouchInteractionService: onInputEvent, inputConsumer = com.android.quickstep.-$$Lambda$InputConsumer$pgTpBxbssXPLgozwhOXQifnNImE@66be15e
07-22 22:24:42.793   828   880 I BufferQueueProducer: [com.nighteyecare.app/com.nighteyecare.app.ui.activities.MainActivity$_18947#0](this:0xb400007c92ae4c58,id:1998,api:1,p:18947,c:828) queueBuffer: fps=30.87 dur=1425.25 max=747.60 min=6.65
07-22 22:24:42.812   773   858 I hwcomposer: [HWCDisplay] [Display_0 (type:1)] fps:32.751606,dur:1465.58,max:750.54,min:4.85  
07-22 22:24:42.818   828   828 I SurfaceFlinger: operator()(), mtkRenderCntDebug 81696, screenshot (com.nighteyecare.app/com.nighteyecare.app.ui.activities.MainActivity$_18947#0)
07-22 22:24:42.851  1388  1562 D InputReader: Btn_touch(8): value=0 when=86101.960393
07-22 22:24:42.851  1388  1562 I InputReader: Touch event's action is 0x1 (id=3, t=0) [pCnt=1, s=] when=86101.960393
07-22 22:24:42.852  1388  1561 I InputDispatcher: Delivering touch to (18947): action: 0x1, f=0x0, d=0, '7098436', t=1 
07-22 22:24:42.852  2312  2312 W TouchInteractionService: reset
07-22 22:24:42.852 18947 18947 I ViewRootImpl@3b73a3[MainActivity]: ViewPostIme pointer 1
07-22 22:24:42.868   828  1377 I SurfaceFlinger: [SF client] NEW(0xb400007cc344a940) for (18947:com.nighteyecare.app)
07-22 22:24:42.872 18947 29839 D NativeCustomFrequencyManager: [NativeCFMS] BpCustomFrequencyManager::BpCustomFrequencyManager()
07-22 22:24:42.876   828   879 I SurfaceFlinger: id=10328 createSurf (0x0),-1 flag=80004, WindowToken{96b5162 android.os.BinderProxy@355b82d}#0
07-22 22:24:42.877  1388  3873 D InputTransport: Input channel constructed: '949b2f3', fd=513
07-22 22:24:42.877  1388  3873 D InputTransport: Input channel constructed: '949b2f3', fd=520
07-22 22:24:42.878   828   879 I SurfaceFlinger: id=10329 createSurf (0x0),-1 flag=80004, 949b2f3 com.nighteyecare.app#0
07-22 22:24:42.879  1388  3873 D InputTransport: Input channel destroyed: '949b2f3', fd=520
07-22 22:24:42.879 18947 18947 D InputTransport: Input channel constructed: '949b2f3', fd=98
07-22 22:24:42.881 18947 18947 I ViewRootImpl@2a0461c[]: setView = android.widget.LinearLayout@9429225 TM=true
07-22 22:24:42.892  1388  3873 V WindowManager: Relayout Window{949b2f3 u0 com.nighteyecare.app}: viewVisibility=0 req=1080x2282
07-22 22:24:42.895  1388  3873 D WindowManager: isScreenshotDisabledLocked - win: Window{949b2f3 u0 com.nighteyecare.app}
07-22 22:24:42.895  1388  3873 D WindowManager: isScreenshotDisabledLocked: userId = 0, disabled =false
07-22 22:24:42.896   828   879 I BufferQueue: [unnamed-828-2003](this:0xb400007cc34fea58,id:2003,api:0,p:-1,c:-1) BufferQueue core=(828:/system/bin/surfaceflinger)
07-22 22:24:42.897   828   879 I SurfaceFlinger: id=10330 createSurf (1080x2282),1 flag=4, $_18947#0
07-22 22:24:42.897  1388  3873 D WindowManager: makeSurface duration=2 name=$_18947
07-22 22:24:42.901  1388  3873 V WindowManager: Relayout hash=949b2f3, pid=18947: mAttrs={(0,0)(fillxfill) sim={adjust=pan} ty=APPLICATION_OVERLAY fmt=TRANSLUCENT
07-22 22:24:42.901  1388  3873 V WindowManager:   fl=1000018
07-22 22:24:42.901  1388  3873 V WindowManager:   pfl=2000000
07-22 22:24:42.901  1388  3873 V WindowManager:   fitTypes=STATUS_BARS NAVIGATION_BARS CAPTION_BAR IME naviIconColor=0}
07-22 22:24:42.901  1388  3873 I SurfaceControl: nativeRelease nativeObject s[-5476376608631302816]
07-22 22:24:42.901  1388  3873 I SurfaceControl: nativeRelease nativeObject e[-5476376608631302816]
07-22 22:24:42.903 18947 18947 I SurfaceControl: assignNativeObject: nativeObject = 0 Surface(name=null)/@0x17e49ab / android.view.SurfaceControl.readFromParcel:1117 android.view.IWindowSession$Stub$Proxy.relayout:1820 android.view.ViewRootImpl.relayoutWindow:9005 android.view.ViewRootImpl.performTraversals:3360 android.view.ViewRootImpl.doTraversal:2618 android.view.ViewRootImpl$TraversalRunnable.run:9971 android.view.Choreographer$CallbackRecord.run:1010 android.view.Choreographer.doCallbacks:809 android.view.Choreographer.doFrame:744 android.view.Choreographer$FrameDisplayEventReceiver.run:995 
07-22 22:24:42.904 18947 18947 I ViewRootImpl@2a0461c[]: Relayout returned: old=(0,79,1080,2361) new=(0,79,1080,2361) req=(1080,2282)0 dur=12 res=0x7 s={true -5476376610100760576} ch=true fn=-1
07-22 22:24:42.919   828   828 I SurfaceFlinger: operator()(), mtkRenderCntDebug 81697, screenshot (com.nighteyecare.app/com.nighteyecare.app.ui.activities.MainActivity$_18947#0)
07-22 22:24:42.919  1388  3873 E Native_CFMS: nativePerfMgrAddTask    Fail    tid : 18947    return : -1
07-22 22:24:42.919  1388  3873 E Native_CFMS: nativePerfMgrAddTask    Fail    tid : 29839    return : -1
07-22 22:24:42.919 18947 29839 D OpenGLRenderer: GPIS:: SetUp Pid : 18947    Tid : 29839
07-22 22:24:42.921  1388  3873 D WindowManager: finishDrawingWindow: Window{949b2f3 u0 com.nighteyecare.app} mDrawState=DRAW_PENDING
07-22 22:24:42.931   828   828 D SurfaceFlinger: Display 0 HWC layers:
07-22 22:24:42.931   828   828 D SurfaceFlinger:      DEVICE | 0xb400007cc341ac00 | 0002 | RGBA_8888    |    0.0    0.0 1080.0 2400.0 |    0    0 1080 2400 | com.nighteyecare.app/com.nighteyecare.app.ui.activities.MainActivity$_18947#0
07-22 22:24:42.931   828   828 D SurfaceFlinger:      DEVICE | 0xb400007c9d75ec00 | 0000 | RGBA_8888    |    0.0    0.0 1080.0 2282.0 |    0   79 1080 2361 | $_18947#0
07-22 22:24:42.931   828   828 D SurfaceFlinger:      DEVICE | 0xb400007cc34deb00 | 0000 | RGBA_8888    |    0.0    0.0 1080.0   79.0 |    0    0 1080   79 | StatusBar$_1778#0
07-22 22:24:42.931   828   828 D SurfaceFlinger:      DEVICE | 0xb400007cc35e6700 | 0000 | RGBA_8888    |    0.0    0.0   67.0  350.0 | 1013  845 1080 1195 | com.samsung.android.app.cocktailbars[...]arservice.CocktailBarService$_8343#0
07-22 22:24:42.931   828   828 D SurfaceFlinger:      DEVICE | 0xb400007c9d75ff80 | 0000 | RGBA_8888    |    0.0    0.0  388.0   39.0 |  692 2361 1080 2400 | SGestureOverlayWindow$_2312#0
07-22 22:24:42.931   828   828 D SurfaceFlinger:      DEVICE | 0xb400007cc34de800 | 0000 | RGBA_8888    |    0.0    0.0 1080.0  126.0 |    0 2274 1080 2400 | NavigationBar0$_1778#0
07-22 22:24:42.931   828   828 D SurfaceFlinger: 
07-22 22:24:42.942  1388  1406 D SettingsProvider: isChangeAllowed() : name = enabled_notification_listeners
07-22 22:24:42.942  1388  1407 D ApplicationPolicy: isStatusBarNotificationAllowedAsUser: packageName = android,userId = 0
07-22 22:24:42.942  1388  3800 D ApplicationPolicy: isStatusBarNotificationAllowedAsUser: packageName = com.nighteyecare.app,userId = 0
07-22 22:24:42.942  1388  3800 D PersonaManagerAdapter: ContainerOnlyMode - EOS
07-22 22:24:42.942  1388  1406 D SettingsProvider: isChangeAllowed() : name = enabled_notification_assistant
07-22 22:24:42.942  1388  1407 D PersonaManagerAdapter: ContainerOnlyMode - EOS
07-22 22:24:42.943  1388  1407 D ApplicationPolicy: isStatusBarNotificationAllowedAsUser: packageName = android,userId = 0
07-22 22:24:42.943  1388  3800 D ApplicationPolicy: isStatusBarNotificationAllowedAsUser: packageName = com.nighteyecare.app,userId = 0
07-22 22:24:42.943  1388  1407 D PersonaManagerAdapter: ContainerOnlyMode - EOS
07-22 22:24:42.943  1388  1406 D SettingsProvider: isChangeAllowed() : name = enabled_notification_policy_access_packages
07-22 22:24:42.943  1388  3800 D PersonaManagerAdapter: ContainerOnlyMode - EOS
07-22 22:24:42.943  1388  1416 D ApplicationPolicy: isStatusBarNotificationAllowedAsUser: packageName = com.nighteyecare.app,userId = 0
07-22 22:24:42.943  1388  1416 D PersonaManagerAdapter: ContainerOnlyMode - EOS
07-22 22:24:42.944  1388  1416 D ApplicationPolicy: isStatusBarNotificationAllowedAsUser: packageName = com.nighteyecare.app,userId = 0
07-22 22:24:42.944  1388  1416 D PersonaManagerAdapter: ContainerOnlyMode - EOS
07-22 22:24:43.029   828   828 I SurfaceFlinger: operator()(), mtkRenderCntDebug 81698, screenshot (com.nighteyecare.app/com.nighteyecare.app.ui.activities.MainActivity$_18947#0)
07-22 22:24:43.045  1388  1618 E WifiVendorHal: getWifiLinkLayerStats_1_3_Internal(l.974) failed {.code = ERROR_NOT_SUPPORTED, .description = }
07-22 22:24:43.068   828   879 I BufferQueueProducer: [StatusBar$_1778#0](this:0xb400007d44ee2c58,id:7,api:1,p:1778,c:828) queueBuffer: fps=6.00 dur=3331.53 max=2347.34 min=8.11
07-22 22:24:43.140   828   828 I SurfaceFlinger: operator()(), mtkRenderCntDebug 81699, screenshot (com.nighteyecare.app/com.nighteyecare.app.ui.activities.MainActivity$_18947#0)
07-22 22:24:43.146  1388  1388 I NotificationService: RuneStone mIsRuneStoneSupported = true, mIsRuneStoneEnabled = false
07-22 22:24:43.149  1388  1388 W NotificationHistory: Attempted to add notif for locked/gone/disabled user 0
07-22 22:24:43.150  1388  1388 I NotificationService: RuneStone mIsRuneStoneSupported = true, mIsRuneStoneEnabled = false
07-22 22:24:43.155  1388  1388 W NotificationHistory: Attempted to add notif for locked/gone/disabled user 0
07-22 22:24:43.161  2312  2312 I Launcher.NotificationListener: onNotificationPosted : android number : 0
07-22 22:24:43.162  2312  2377 I Launcher.NotificationListener: notificationIsValidForUI : android missingTitleAndText : false isGroupHeader : false
07-22 22:24:43.163  2312  2312 I Launcher.NotificationListener: onNotificationPosted : com.nighteyecare.app number : 0
07-22 22:24:43.164  2312  2377 I Launcher.NotificationListener: notificationIsValidForUI : com.nighteyecare.app missingTitleAndText : false isGroupHeader : false
07-22 22:24:43.165  2312  2312 I Launcher.NotificationListener: onNotificationPosted : com.nighteyecare.app number : 0
07-22 22:24:43.165  2312  2377 I Launcher.NotificationListener: notificationIsValidForUI : com.nighteyecare.app missingTitleAndText : false isGroupHeader : false
07-22 22:24:43.175  1778  1778 D InterruptionStateProvider: No bubble up: not allowed to bubble: 0|android|0|com.android.server.wm.AlertWindowNotification - com.nighteyecare.app|1000
07-22 22:24:43.177  1778  1778 D InterruptionStateProvider:  no Heads up : edgelighting enabled app. 0|android|0|com.android.server.wm.AlertWindowNotification - com.nighteyecare.app|1000
07-22 22:24:43.192  1778  1778 D InterruptionStateProvider: No bubble up: not allowed to bubble: 0|com.nighteyecare.app|1|null|11147
07-22 22:24:43.193  1778  1778 D InterruptionStateProvider:  no Heads up : edgelighting enabled app. 0|com.nighteyecare.app|1|null|11147
07-22 22:24:43.207  1778  1778 D InterruptionStateProvider: No bubble up: not allowed to bubble: 0|com.nighteyecare.app|1|null|11147
07-22 22:24:43.209  1778  1778 D InterruptionStateProvider:  no Heads up : edgelighting enabled app. 0|com.nighteyecare.app|1|null|11147
07-22 22:24:43.257  1778  1778 E ExpandableNotifRow: onNotificationUpdated() NSSL is null..
07-22 22:24:43.261  1778  1778 D FaceWidgetNotificationManager: updateFaceWidgetMusicNotificationKey() return : mFaceWidgetMusicNotificationKey is empty
07-22 22:24:43.297  1778  1778 E ExpandableNotifRow: onNotificationUpdated() NSSL is null..
07-22 22:24:43.300  1778  1778 D FaceWidgetNotificationManager: updateFaceWidgetMusicNotificationKey() return : mFaceWidgetMusicNotificationKey is empty
07-22 22:24:43.373   828   828 I SurfaceFlinger: operator()(), mtkRenderCntDebug 81700, screenshot (com.nighteyecare.app/com.nighteyecare.app.ui.activities.MainActivity$_18947#0)
07-22 22:24:43.474   828   828 I SurfaceFlinger: operator()(), mtkRenderCntDebug 81701, screenshot (com.nighteyecare.app/com.nighteyecare.app.ui.activities.MainActivity$_18947#0)
07-22 22:24:43.483   597   597 I io_stats: !@ 179,0 r 5674603 77035178 w 1299251 16868352 d 490783 15140624 f 536104 142695 iot 2415820 2341560 th 51200 0 0 pt 0 inp 0 0 86102.590
07-22 22:24:43.575   828   828 I SurfaceFlinger: operator()(), mtkRenderCntDebug 81702, screenshot (com.nighteyecare.app/com.nighteyecare.app.ui.activities.MainActivity$_18947#0)
07-22 22:24:44.016   897  1047 D connsyslogger: SD_LOG_ROOT is /data/debuglogger/connsyslog/fw.
07-22 22:24:44.016   897  1047 D connsyslogger: systemReady:1
07-22 22:24:44.133  1388  1562 D InputReader: Btn_touch(8): value=1 when=86103.242439
07-22 22:24:44.134  1388  1562 I InputReader: Touch event's action is 0x0 (id=3, t=0) [pCnt=1, s=0.6094 ] when=86103.242439
07-22 22:24:44.134  1388  1561 I InputDispatcher: Delivering touch to (1778): action: 0x4, f=0x0, d=0, '37d79f9', t=1 
07-22 22:24:44.134  1388  1561 I InputDispatcher: Delivering touch to (18947): action: 0x0, f=0x0, d=0, '7098436', t=1 
07-22 22:24:44.135  2312  2312 W RecentsAnimationDeviceState: isInSwipeUpTouchRegion = false
07-22 22:24:44.135 18947 18947 I ViewRootImpl@3b73a3[MainActivity]: ViewPostIme pointer 0
07-22 22:24:44.135  2312  2312 W TouchInteractionService: onInputEvent, inputConsumer = com.android.quickstep.-$$Lambda$InputConsumer$pgTpBxbssXPLgozwhOXQifnNImE@66be15e
07-22 22:24:44.223  1388  1562 D InputReader: Btn_touch(8): value=0 when=86103.332413
07-22 22:24:44.223  1388  1562 I InputReader: Touch event's action is 0x1 (id=3, t=0) [pCnt=1, s=] when=86103.332413
07-22 22:24:44.224  1388  1561 I InputDispatcher: Delivering touch to (18947): action: 0x1, f=0x0, d=0, '7098436', t=1 
07-22 22:24:44.224 18947 18947 I ViewRootImpl@3b73a3[MainActivity]: ViewPostIme pointer 1
07-22 22:24:44.224  2312  2312 W TouchInteractionService: reset
07-22 22:24:44.330  1778  1995 D NetworkController.SecMobileSignalController(0/2147483647): onSignalStrengthsChanged level=2
07-22 22:24:44.330  1778  1995 D NetworkController.SecMobileSignalController(0/2147483647): Display signal bar by emergency only[true][true]
07-22 22:24:44.330  1778  1995 D MobileSignalIconsSelector: getDataIconGroup(): 0
07-22 22:24:44.556  1388  1562 D InputReader: Btn_touch(8): value=1 when=86103.665494
07-22 22:24:44.556  1388  1562 I InputReader: Touch event's action is 0x0 (id=3, t=0) [pCnt=1, s=0.6095 ] when=86103.665494
07-22 22:24:44.557  1388  1561 I InputDispatcher: Delivering touch to (1778): action: 0x4, f=0x0, d=0, '37d79f9', t=1 
07-22 22:24:44.557  1388  1561 I InputDispatcher: Delivering touch to (18947): action: 0x0, f=0x0, d=0, '7098436', t=1 
07-22 22:24:44.557 18947 18947 I ViewRootImpl@3b73a3[MainActivity]: ViewPostIme pointer 0
07-22 22:24:44.558  2312  2312 W RecentsAnimationDeviceState: isInSwipeUpTouchRegion = false
07-22 22:24:44.558  2312  2312 W TouchInteractionService: onInputEvent, inputConsumer = com.android.quickstep.-$$Lambda$InputConsumer$pgTpBxbssXPLgozwhOXQifnNImE@66be15e
07-22 22:24:44.581   828   880 I BufferQueueProducer: [com.nighteyecare.app/com.nighteyecare.app.ui.activities.MainActivity$_18947#0](this:0xb400007c92ae4c58,id:1998,api:1,p:18947,c:828) queueBuffer: fps=15.10 dur=1787.61 max=1458.74 min=5.96
07-22 22:24:44.599   773   858 I hwcomposer: [HWCDisplay] [Display_0 (type:1)] fps:30.204123,dur:1787.84,max:993.74,min:5.06  
07-22 22:24:44.606  1388  1562 D InputReader: Btn_touch(8): value=0 when=86103.715222
07-22 22:24:44.606  1388  1562 I InputReader: Touch event's action is 0x1 (id=3, t=0) [pCnt=1, s=] when=86103.715222
07-22 22:24:44.606   828   828 I SurfaceFlinger: operator()(), mtkRenderCntDebug 81703, screenshot (com.nighteyecare.app/com.nighteyecare.app.ui.activities.MainActivity$_18947#0)
07-22 22:24:44.607  1388  1561 I InputDispatcher: Delivering touch to (18947): action: 0x1, f=0x0, d=0, '7098436', t=1 
07-22 22:24:44.607 18947 18947 I ViewRootImpl@3b73a3[MainActivity]: ViewPostIme pointer 1
07-22 22:24:44.607  2312  2312 W TouchInteractionService: reset
07-22 22:24:44.613  1388  1388 D EdgeLightingManager: isCallingUserSupported : callingUserId=0, mUserId=0, isDualAppId=false, isKnoxId=false
07-22 22:24:44.613  1388  1388 D EdgeLightingManager: hideForNotification : packageName = com.nighteyecare.app
07-22 22:24:44.613  1388  1388 D EdgeLightingPolicyManager:NotificationGroup: remove : sbn : StatusBarNotification(pkg=com.nighteyecare.app user=UserHandle{0} id=1 tag=null key=0|com.nighteyecare.app|1|null|11147: Notification(channel=NightEyeCareChannel shortcut=null contentView=null vibrate=null sound=null defaults=0x0 flags=0x62 color=0x00000000 actions=3 vis=PRIVATE semFlags=0x0 semPriority=0 semMissedCount=0))
07-22 22:24:44.614  1388  1388 D EdgeLightingManager: hideForNotification : isInteractive is true
07-22 22:24:44.614  1388  1388 I NotificationService: RuneStone mIsRuneStoneSupported = true, mIsRuneStoneEnabled = false
07-22 22:24:44.621  1778  1778 D FaceWidgetNotificationManager: removeFaceWidgetMusicNotification() key : 0|com.nighteyecare.app|1|null|11147
07-22 22:24:44.633 18947 18947 I ViewRootImpl@2a0461c[]: dispatchDetachedFromWindow
07-22 22:24:44.633 18947 18947 I SurfaceControl: nativeRelease nativeObject s[-5476376610401131680]
07-22 22:24:44.633 18947 18947 I SurfaceControl: nativeRelease nativeObject e[-5476376610401131680]
07-22 22:24:44.634  1388  3873 D InputTransport: Input channel destroyed: '949b2f3', fd=513
07-22 22:24:44.634  1388  3873 I SurfaceControl: nativeRelease nativeObject s[-5476376608501820960]
07-22 22:24:44.635  1388  3873 I SurfaceControl: nativeRelease nativeObject e[-5476376608501820960]
07-22 22:24:44.635  1388  3873 I WindowManager: Destroying surface Surface(name=$_18947)/@0x55478d1 called by com.android.server.wm.WindowStateAnimator.destroySurface:1794 com.android.server.wm.WindowStateAnimator.destroySurfaceLocked:765 com.android.server.wm.WindowState.removeImmediately:2665 com.android.server.wm.WindowState.removeIfPossible:2830 com.android.server.wm.WindowState.removeIfPossible:2688 com.android.server.wm.WindowManagerService.removeWindow:2186 com.android.server.wm.Session.remove:199 android.view.IWindowSession$Stub.onTransact:813 
07-22 22:24:44.635  1388  3873 I SurfaceControl: nativeRelease nativeObject s[-5476376610845357696]
07-22 22:24:44.635  1388  3873 I SurfaceControl: nativeRelease nativeObject e[-5476376610845357696]
07-22 22:24:44.636   828   879 I Layer   : id=10330 removeFromCurrentState $_18947#0 (77)
07-22 22:24:44.637  1388  3873 I SurfaceControl: nativeRelease nativeObject s[-5476376610864411232]
07-22 22:24:44.637  1388  3873 I SurfaceControl: nativeRelease nativeObject e[-5476376610864411232]
07-22 22:24:44.637  1388  1388 D EdgeLightingManager: isCallingUserSupported : callingUserId=0, mUserId=0, isDualAppId=false, isKnoxId=false
07-22 22:24:44.637  1388  1388 D EdgeLightingManager: hideForNotification : packageName = android
07-22 22:24:44.638   828   879 I SurfaceFlinger: id=10330 Removed $_18947#0 (77)
07-22 22:24:44.638  1388  1388 D EdgeLightingPolicyManager:NotificationGroup: remove : sbn : StatusBarNotification(pkg=android user=UserHandle{0} id=0 tag=com.android.server.wm.AlertWindowNotification - com.nighteyecare.app key=0|android|0|com.android.server.wm.AlertWindowNotification - com.nighteyecare.app|1000: Notification(channel=com.android.server.wm.AlertWindowNotification - com.nighteyecare.app shortcut=null contentView=null vibrate=null sound=null defaults=0x0 flags=0x102 color=0xff888fa2 vis=PRIVATE semFlags=0x0 semPriority=0 semMissedCount=0))
07-22 22:24:44.638  1388  1388 D EdgeLightingManager: hideForNotification : isInteractive is true
07-22 22:24:44.639  1388  1388 I NotificationService: RuneStone mIsRuneStoneSupported = true, mIsRuneStoneEnabled = false
07-22 22:24:44.640   828   880 I Layer   : id=10329 removeFromCurrentState 949b2f3 com.nighteyecare.app#0 (77)
07-22 22:24:44.640   828   880 I Layer   : id=10328 removeFromCurrentState WindowToken{96b5162 android.os.BinderProxy@355b82d}#0 (77)
07-22 22:24:44.642   828   828 D SurfaceFlinger: Display 0 HWC layers:
07-22 22:24:44.642   828   828 D SurfaceFlinger:      DEVICE | 0xb400007c9d75e180 | 0002 | RGBA_8888    |    0.0    0.0 1080.0 2400.0 |    0    0 1080 2400 | com.nighteyecare.app/com.nighteyecare.app.ui.activities.MainActivity$_18947#0
07-22 22:24:44.642   828   828 D SurfaceFlinger:      DEVICE | 0xb400007ca0462c00 | 0000 | RGBA_8888    |    0.0    0.0 1080.0   79.0 |    0    0 1080   79 | StatusBar$_1778#0
07-22 22:24:44.642   828   828 D SurfaceFlinger:      DEVICE | 0xb400007cc35e6700 | 0000 | RGBA_8888    |    0.0    0.0   67.0  350.0 | 1013  845 1080 1195 | com.samsung.android.app.cocktailbars[...]arservice.CocktailBarService$_8343#0
07-22 22:24:44.642   828   828 D SurfaceFlinger:      DEVICE | 0xb400007c9d75ff80 | 0000 | RGBA_8888    |    0.0    0.0  388.0   39.0 |  692 2361 1080 2400 | SGestureOverlayWindow$_2312#0
07-22 22:24:44.642   828   828 D SurfaceFlinger:      DEVICE | 0xb400007cc34de800 | 0000 | RGBA_8888    |    0.0    0.0 1080.0  126.0 |    0 2274 1080 2400 | NavigationBar0$_1778#0
07-22 22:24:44.642   828   828 D SurfaceFlinger: 
07-22 22:24:44.642   828  2470 I SurfaceFlinger: id=10329 Removed 949b2f3 com.nighteyecare.app#0 (77)
07-22 22:24:44.642 18947 18947 D InputTransport: Input channel destroyed: '949b2f3', fd=98
07-22 22:24:44.642   828  2470 I SurfaceFlinger: id=10328 Removed WindowToken{96b5162 android.os.BinderProxy@355b82d}#0 (77)
07-22 22:24:44.643  1778  1778 D FaceWidgetNotificationManager: removeFaceWidgetMusicNotification() key : 0|android|0|com.android.server.wm.AlertWindowNotification - com.nighteyecare.app|1000
07-22 22:24:44.648   828   828 I BufferQueue: [$_18947#0](this:0xb400007cc34fea58,id:2003,api:1,p:-1,c:-1) onDestructor()
07-22 22:24:44.648   828   828 I Layer   : id=10330[1] Destroyed $_18947#0
07-22 22:24:44.648   828   828 I Layer   : id=10328[1] Destroyed WindowToken{96b5162 android.os.BinderProxy@355b82d}#0
07-22 22:24:44.649   828   828 I Layer   : id=10329[1] Destroyed 949b2f3 com.nighteyecare.app#0
07-22 22:24:44.654  1388  1406 D SettingsProvider: isChangeAllowed() : name = enabled_notification_listeners
07-22 22:24:44.654  1388  1406 D SettingsProvider: isChangeAllowed() : name = enabled_notification_assistant
07-22 22:24:44.655  1388  1406 D SettingsProvider: isChangeAllowed() : name = enabled_notification_policy_access_packages
07-22 22:24:44.657   828   879 I BufferQueueProducer: [StatusBar$_1778#0](this:0xb400007d44ee2c58,id:7,api:1,p:1778,c:828) queueBuffer: fps=15.73 dur=1588.88 max=1066.42 min=9.20
07-22 22:24:44.717   828   828 I SurfaceFlinger: operator()(), mtkRenderCntDebug 81704, screenshot (com.nighteyecare.app/com.nighteyecare.app.ui.activities.MainActivity$_18947#0)
07-22 22:24:44.817   828   828 I SurfaceFlinger: operator()(), mtkRenderCntDebug 81705, screenshot (com.nighteyecare.app/com.nighteyecare.app.ui.activities.MainActivity$_18947#0)
07-22 22:24:45.115  8343  8343 I AppsEdge.Badge: onChange
07-22 22:24:45.115  1388  1562 D InputReader: Btn_touch(8): value=1 when=86104.224640
07-22 22:24:45.116  8343  8343 I AppsEdge.Badge: updateBadgeManager
07-22 22:24:45.116  1388  1562 I InputReader: Touch event's action is 0x0 (id=3, t=0) [pCnt=1, s=0.6096 ] when=86104.224640
07-22 22:24:45.116  1388  1561 I InputDispatcher: Delivering touch to (1778): action: 0x4, f=0x0, d=0, '37d79f9', t=1 
07-22 22:24:45.116  1388  1561 I InputDispatcher: Delivering touch to (18947): action: 0x0, f=0x0, d=0, '7098436', t=1 
07-22 22:24:45.117 18947 18947 I ViewRootImpl@3b73a3[MainActivity]: ViewPostIme pointer 0
07-22 22:24:45.117  2312  2312 W RecentsAnimationDeviceState: isInSwipeUpTouchRegion = false
07-22 22:24:45.117  2312  2312 W TouchInteractionService: onInputEvent, inputConsumer = com.android.quickstep.-$$Lambda$InputConsumer$pgTpBxbssXPLgozwhOXQifnNImE@66be15e
07-22 22:24:45.122 28972 30111 I BadgeProvider: query, [selection] : null
07-22 22:24:45.127  8343  8343 I AppsEdge.Badge: key=com.google.android.gms:0 count=1
07-22 22:24:45.127  8343  8343 I AppsEdge.Badge: key=com.wssyncmldm:0 count=1
07-22 22:24:45.127  8343  8343 I AppsEdge.Badge: getBadgeIconType 0
07-22 22:24:45.195  1388  1562 D InputReader: Btn_touch(8): value=0 when=86104.303785
07-22 22:24:45.195  1388  1562 I InputReader: Touch event's action is 0x1 (id=3, t=0) [pCnt=1, s=] when=86104.303785
07-22 22:24:45.195  1388  1561 I InputDispatcher: Delivering touch to (18947): action: 0x1, f=0x0, d=0, '7098436', t=1 
07-22 22:24:45.196  2312  2312 W TouchInteractionService: reset
07-22 22:24:45.196 18947 18947 I ViewRootImpl@3b73a3[MainActivity]: ViewPostIme pointer 1
07-22 22:24:45.239   828   828 I SurfaceFlinger: operator()(), mtkRenderCntDebug 81706, screenshot (com.nighteyecare.app/com.nighteyecare.app.ui.activities.MainActivity$_18947#0)
07-22 22:24:45.350   828   828 I SurfaceFlinger: operator()(), mtkRenderCntDebug 81707, screenshot (com.nighteyecare.app/com.nighteyecare.app.ui.activities.MainActivity$_18947#0)
07-22 22:24:45.461   828   828 I SurfaceFlinger: operator()(), mtkRenderCntDebug 81708, screenshot (com.nighteyecare.app/com.nighteyecare.app.ui.activities.MainActivity$_18947#0)
07-22 22:24:45.488   597   597 I io_stats: !@ 179,0 r 5674606 77035190 w 1299257 16868624 d 490783 15140624 f 536106 142697 iot 2415828 2341570 th 51200 0 0 pt 0 inp 0 0 86104.596
07-22 22:24:45.545  1388  1562 D InputReader: Btn_touch(8): value=1 when=86104.653824
07-22 22:24:45.545  1388  1562 I InputReader: Touch event's action is 0x0 (id=3, t=0) [pCnt=1, s=0.6097 ] when=86104.653824
07-22 22:24:45.545  1388  1561 I InputDispatcher: Delivering touch to (1778): action: 0x4, f=0x0, d=0, '37d79f9', t=1 
07-22 22:24:45.545  1388  1561 I InputDispatcher: Delivering touch to (18947): action: 0x0, f=0x0, d=0, '7098436', t=1 
07-22 22:24:45.546 18947 18947 I ViewRootImpl@3b73a3[MainActivity]: ViewPostIme pointer 0
07-22 22:24:45.546  2312  2312 W RecentsAnimationDeviceState: isInSwipeUpTouchRegion = false
07-22 22:24:45.546  2312  2312 W TouchInteractionService: onInputEvent, inputConsumer = com.android.quickstep.-$$Lambda$InputConsumer$pgTpBxbssXPLgozwhOXQifnNImE@66be15e
07-22 22:24:45.546  1388  1561 D PowerManagerService: [api] userActivityFromNative : 430 (event: 2 flags: 0) eventTime = 86104653
07-22 22:24:45.611  1388  1562 D InputReader: Btn_touch(8): value=0 when=86104.720537
07-22 22:24:45.611  1388  1562 I InputReader: Touch event's action is 0x1 (id=3, t=0) [pCnt=1, s=] when=86104.720537
07-22 22:24:45.612  1388  1561 I InputDispatcher: Delivering touch to (18947): action: 0x1, f=0x0, d=0, '7098436', t=1 
07-22 22:24:45.612  2312  2312 W TouchInteractionService: reset
07-22 22:24:45.612 18947 18947 I ViewRootImpl@3b73a3[MainActivity]: ViewPostIme pointer 1
07-22 22:24:45.631   828  1377 I BufferQueueProducer: [com.nighteyecare.app/com.nighteyecare.app.ui.activities.MainActivity$_18947#0](this:0xb400007c92ae4c58,id:1998,api:1,p:18947,c:828) queueBuffer: fps=49.54 dur=1049.59 max=344.68 min=6.30
07-22 22:24:45.643   773   858 I hwcomposer: [HWCDisplay] [Display_0 (type:1)] fps:49.831871,dur:1043.51,max:339.22,min:5.11  
07-22 22:24:45.650   828   828 I SurfaceFlinger: operator()(), mtkRenderCntDebug 81709, screenshot (com.nighteyecare.app/com.nighteyecare.app.ui.activities.MainActivity$_18947#0)
07-22 22:24:45.750   828   828 I SurfaceFlinger: operator()(), mtkRenderCntDebug 81710, screenshot (com.nighteyecare.app/com.nighteyecare.app.ui.activities.MainActivity$_18947#0)
07-22 22:24:45.850   828   828 I SurfaceFlinger: operator()(), mtkRenderCntDebug 81711, screenshot (com.nighteyecare.app/com.nighteyecare.app.ui.activities.MainActivity$_18947#0)
07-22 22:24:45.875  3764  4441 I azmo    : (REDACTED) getHotwordActive::active query: %s, watch: %s, devices connected: %s
07-22 22:24:45.933  1388  1562 D InputReader: Btn_touch(8): value=1 when=86105.042539
07-22 22:24:45.934  1388  1562 I InputReader: Touch event's action is 0x0 (id=3, t=0) [pCnt=1, s=0.6098 ] when=86105.042539
07-22 22:24:45.934  1388  1561 I InputDispatcher: Delivering touch to (1778): action: 0x4, f=0x0, d=0, '37d79f9', t=1 
07-22 22:24:45.934  1388  1561 I InputDispatcher: Delivering touch to (18947): action: 0x0, f=0x0, d=0, '7098436', t=1 
07-22 22:24:45.935  2312  2312 W RecentsAnimationDeviceState: isInSwipeUpTouchRegion = false
07-22 22:24:45.935 18947 18947 I ViewRootImpl@3b73a3[MainActivity]: ViewPostIme pointer 0
07-22 22:24:45.935  2312  2312 W TouchInteractionService: onInputEvent, inputConsumer = com.android.quickstep.-$$Lambda$InputConsumer$pgTpBxbssXPLgozwhOXQifnNImE@66be15e
07-22 22:24:45.950  1388  1415 I AppOps  : updateUidProcState uid: 11147 procState: 2 capability:7
07-22 22:24:45.951  1388  1415 D PowerManagerService: [api] setDeviceIdleTempWhitelist: appids:  (uid: 1000 pid: 1388)
07-22 22:24:45.988  8343  8343 I AppsEdge.Badge: onChange
07-22 22:24:45.988  8343  8343 I AppsEdge.Badge: updateBadgeManager
07-22 22:24:45.991 28972 30111 I BadgeProvider: query, [selection] : null
07-22 22:24:45.996  8343  8343 I AppsEdge.Badge: key=com.google.android.gms:0 count=1
07-22 22:24:45.996  8343  8343 I AppsEdge.Badge: key=com.wssyncmldm:0 count=1
07-22 22:24:45.996  8343  8343 I AppsEdge.Badge: getBadgeIconType 0
07-22 22:24:46.005  1388  1562 D InputReader: Btn_touch(8): value=0 when=86105.114592
07-22 22:24:46.005  1388  1562 I InputReader: Touch event's action is 0x1 (id=3, t=0) [pCnt=1, s=] when=86105.114592
07-22 22:24:46.006  1388  1561 I InputDispatcher: Delivering touch to (18947): action: 0x1, f=0x0, d=0, '7098436', t=1 
07-22 22:24:46.006 18947 18947 I ViewRootImpl@3b73a3[MainActivity]: ViewPostIme pointer 1
07-22 22:24:46.006  2312  2312 W TouchInteractionService: reset
07-22 22:24:46.016   897  1047 D connsyslogger: SD_LOG_ROOT is /data/debuglogger/connsyslog/fw.
07-22 22:24:46.016   897  1047 D connsyslogger: systemReady:1
07-22 22:24:46.050   828   828 I SurfaceFlinger: operator()(), mtkRenderCntDebug 81712, screenshot (com.nighteyecare.app/com.nighteyecare.app.ui.activities.MainActivity$_18947#0)
07-22 22:24:46.060  1388  1618 E WifiVendorHal: getWifiLinkLayerStats_1_3_Internal(l.974) failed {.code = ERROR_NOT_SUPPORTED, .description = }
07-22 22:24:46.088   828   879 I BufferQueueProducer: [StatusBar$_1778#0](this:0xb400007d44ee2c58,id:7,api:1,p:1778,c:828) queueBuffer: fps=0.70 dur=1431.22 max=1431.22 min=1431.22
07-22 22:24:46.161   828   828 I SurfaceFlinger: operator()(), mtkRenderCntDebug 81713, screenshot (com.nighteyecare.app/com.nighteyecare.app.ui.activities.MainActivity$_18947#0)
07-22 22:24:46.261   828   828 I SurfaceFlinger: operator()(), mtkRenderCntDebug 81714, screenshot (com.nighteyecare.app/com.nighteyecare.app.ui.activities.MainActivity$_18947#0)
07-22 22:24:46.608  8343  8343 I AppsEdge.Badge: onChange
07-22 22:24:46.608  8343  8343 I AppsEdge.Badge: updateBadgeManager
07-22 22:24:46.613 28972 30111 I BadgeProvider: query, [selection] : null
07-22 22:24:46.624  8343  8343 I AppsEdge.Badge: key=com.google.android.gms:0 count=1
07-22 22:24:46.624  8343  8343 I AppsEdge.Badge: key=com.wssyncmldm:0 count=1
07-22 22:24:46.624  8343  8343 I AppsEdge.Badge: getBadgeIconType 0
07-22 22:24:46.901  1778  1995 D NetworkController.SecMobileSignalController(0/2147483647): onSignalStrengthsChanged level=2
07-22 22:24:46.901  1778  1995 D NetworkController.SecMobileSignalController(0/2147483647): Display signal bar by emergency only[true][true]
07-22 22:24:46.902  1778  1995 D MobileSignalIconsSelector: getDataIconGroup(): 0
07-22 22:24:46.984  1388  3905 I AppOps  : updateUidProcState uid: 10225 procState: 5 capability:7
07-22 22:24:47.294  1388  1388 E Native_CFMS: nativePerfMgrRemoveTask    Fail    tid : -1    return : -1
07-22 22:24:47.403  8343  8343 I AppsEdge.Badge: onChange
07-22 22:24:47.403  8343  8343 I AppsEdge.Badge: updateBadgeManager
07-22 22:24:47.408 28972 30111 I BadgeProvider: query, [selection] : null
07-22 22:24:47.418  8343  8343 I AppsEdge.Badge: key=com.google.android.gms:0 count=1
07-22 22:24:47.418  8343  8343 I AppsEdge.Badge: key=com.wssyncmldm:0 count=1
07-22 22:24:47.419  8343  8343 I AppsEdge.Badge: getBadgeIconType 0
07-22 22:24:47.429   897   897 D connsyslogger: Open FIFO for close
07-22 22:24:47.923   828  1377 I BufferQueueProducer: [StatusBar$_1778#0](this:0xb400007d44ee2c58,id:7,api:1,p:1778,c:828) queueBuffer: fps=0.54 dur=1835.63 max=1835.63 min=1835.63
07-22 22:24:47.933   773   858 I hwcomposer: [HWCDisplay] [Display_0 (type:1)] fps:20.964500,dur:2289.58,max:1640.23,min:5.05  
07-22 22:24:48.016   897  1047 D connsyslogger: SD_LOG_ROOT is /data/debuglogger/connsyslog/fw.
07-22 22:24:48.016   897  1047 D connsyslogger: systemReady:1
07-22 22:24:48.179  1778  1778 D FaceWidgetNotificationManager: removeFaceWidgetMusicNotification() key : 0|com.nighteyecare.app|1|null|11147
07-22 22:24:48.247   828   828 I SurfaceFlinger: operator()(), mtkRenderCntDebug 81715, screenshot (com.nighteyecare.app/com.nighteyecare.app.ui.activities.MainActivity$_18947#0)
07-22 22:24:48.351   828   828 I SurfaceFlinger: operator()(), mtkRenderCntDebug 81716, screenshot (com.nighteyecare.app/com.nighteyecare.app.ui.activities.MainActivity$_18947#0)
07-22 22:24:48.360  8343  8343 I AppsEdge.Badge: onChange
07-22 22:24:48.360  8343  8343 I AppsEdge.Badge: updateBadgeManager
07-22 22:24:48.364 28972 30111 I BadgeProvider: query, [selection] : null
07-22 22:24:48.373  8343  8343 I AppsEdge.Badge: key=com.google.android.gms:0 count=1
07-22 22:24:48.373  8343  8343 I AppsEdge.Badge: key=com.wssyncmldm:0 count=1
07-22 22:24:48.373  8343  8343 I AppsEdge.Badge: getBadgeIconType 0
07-22 22:24:48.566 25418 25418 I wpa_supplicant: Heartbeat 4380
07-22 22:24:48.835  4018  5052 I SDHMS:F : -99 > surface_temperature_0
07-22 22:24:48.836  4018  5052 I SDHMS:F : writeSysfs:: path() : /sys/class/audio/amp/surface_temperature_0 exist() : false canWrite() : false
